Archive member included to satisfy reference by file (symbol)

C:/ST/STM32CubeIDE_1.17.0/STM32CubeIDE/plugins/com.st.stm32cube.ide.mcu.externaltools.gnu-tools-for-stm32.12.3.rel1.win32_1.1.0.202410251130/tools/bin/../lib/gcc/arm-none-eabi/12.3.1/../../../../arm-none-eabi/lib/thumb/v7e-m+fp/hard\libstdc++_nano.a(new_op.o)
                              ./Core/Src/alt_main.o (operator new(unsigned int))
C:/ST/STM32CubeIDE_1.17.0/STM32CubeIDE/plugins/com.st.stm32cube.ide.mcu.externaltools.gnu-tools-for-stm32.12.3.rel1.win32_1.1.0.202410251130/tools/bin/../lib/gcc/arm-none-eabi/12.3.1/../../../../arm-none-eabi/lib/thumb/v7e-m+fp/hard\libstdc++_nano.a(new_handler.o)
                              C:/ST/STM32CubeIDE_1.17.0/STM32CubeIDE/plugins/com.st.stm32cube.ide.mcu.externaltools.gnu-tools-for-stm32.12.3.rel1.win32_1.1.0.202410251130/tools/bin/../lib/gcc/arm-none-eabi/12.3.1/../../../../arm-none-eabi/lib/thumb/v7e-m+fp/hard\libstdc++_nano.a(new_op.o) (std::get_new_handler())
C:/ST/STM32CubeIDE_1.17.0/STM32CubeIDE/plugins/com.st.stm32cube.ide.mcu.externaltools.gnu-tools-for-stm32.12.3.rel1.win32_1.1.0.202410251130/tools/bin/../lib/gcc/arm-none-eabi/12.3.1/../../../../arm-none-eabi/lib/thumb/v7e-m+fp/hard\libc_nano.a(libc_a-abort.o)
                              C:/ST/STM32CubeIDE_1.17.0/STM32CubeIDE/plugins/com.st.stm32cube.ide.mcu.externaltools.gnu-tools-for-stm32.12.3.rel1.win32_1.1.0.202410251130/tools/bin/../lib/gcc/arm-none-eabi/12.3.1/../../../../arm-none-eabi/lib/thumb/v7e-m+fp/hard\libstdc++_nano.a(new_op.o) (abort)
C:/ST/STM32CubeIDE_1.17.0/STM32CubeIDE/plugins/com.st.stm32cube.ide.mcu.externaltools.gnu-tools-for-stm32.12.3.rel1.win32_1.1.0.202410251130/tools/bin/../lib/gcc/arm-none-eabi/12.3.1/../../../../arm-none-eabi/lib/thumb/v7e-m+fp/hard\libc_nano.a(libc_a-exit.o)
                              C:/ST/STM32CubeIDE_1.17.0/STM32CubeIDE/plugins/com.st.stm32cube.ide.mcu.externaltools.gnu-tools-for-stm32.12.3.rel1.win32_1.1.0.202410251130/tools/bin/../lib/gcc/arm-none-eabi/12.3.1/../../../../arm-none-eabi/lib/thumb/v7e-m+fp/hard/crt0.o (exit)
C:/ST/STM32CubeIDE_1.17.0/STM32CubeIDE/plugins/com.st.stm32cube.ide.mcu.externaltools.gnu-tools-for-stm32.12.3.rel1.win32_1.1.0.202410251130/tools/bin/../lib/gcc/arm-none-eabi/12.3.1/../../../../arm-none-eabi/lib/thumb/v7e-m+fp/hard\libc_nano.a(libc_a-malloc.o)
                              C:/ST/STM32CubeIDE_1.17.0/STM32CubeIDE/plugins/com.st.stm32cube.ide.mcu.externaltools.gnu-tools-for-stm32.12.3.rel1.win32_1.1.0.202410251130/tools/bin/../lib/gcc/arm-none-eabi/12.3.1/../../../../arm-none-eabi/lib/thumb/v7e-m+fp/hard\libstdc++_nano.a(new_op.o) (malloc)
C:/ST/STM32CubeIDE_1.17.0/STM32CubeIDE/plugins/com.st.stm32cube.ide.mcu.externaltools.gnu-tools-for-stm32.12.3.rel1.win32_1.1.0.202410251130/tools/bin/../lib/gcc/arm-none-eabi/12.3.1/../../../../arm-none-eabi/lib/thumb/v7e-m+fp/hard\libc_nano.a(libc_a-mallocr.o)
                              C:/ST/STM32CubeIDE_1.17.0/STM32CubeIDE/plugins/com.st.stm32cube.ide.mcu.externaltools.gnu-tools-for-stm32.12.3.rel1.win32_1.1.0.202410251130/tools/bin/../lib/gcc/arm-none-eabi/12.3.1/../../../../arm-none-eabi/lib/thumb/v7e-m+fp/hard\libc_nano.a(libc_a-malloc.o) (_malloc_r)
C:/ST/STM32CubeIDE_1.17.0/STM32CubeIDE/plugins/com.st.stm32cube.ide.mcu.externaltools.gnu-tools-for-stm32.12.3.rel1.win32_1.1.0.202410251130/tools/bin/../lib/gcc/arm-none-eabi/12.3.1/../../../../arm-none-eabi/lib/thumb/v7e-m+fp/hard\libc_nano.a(libc_a-mlock.o)
                              C:/ST/STM32CubeIDE_1.17.0/STM32CubeIDE/plugins/com.st.stm32cube.ide.mcu.externaltools.gnu-tools-for-stm32.12.3.rel1.win32_1.1.0.202410251130/tools/bin/../lib/gcc/arm-none-eabi/12.3.1/../../../../arm-none-eabi/lib/thumb/v7e-m+fp/hard\libc_nano.a(libc_a-mallocr.o) (__malloc_lock)
C:/ST/STM32CubeIDE_1.17.0/STM32CubeIDE/plugins/com.st.stm32cube.ide.mcu.externaltools.gnu-tools-for-stm32.12.3.rel1.win32_1.1.0.202410251130/tools/bin/../lib/gcc/arm-none-eabi/12.3.1/../../../../arm-none-eabi/lib/thumb/v7e-m+fp/hard\libc_nano.a(libc_a-findfp.o)
                              C:/ST/STM32CubeIDE_1.17.0/STM32CubeIDE/plugins/com.st.stm32cube.ide.mcu.externaltools.gnu-tools-for-stm32.12.3.rel1.win32_1.1.0.202410251130/tools/bin/../lib/gcc/arm-none-eabi/12.3.1/../../../../arm-none-eabi/lib/thumb/v7e-m+fp/hard\libc_nano.a(libc_a-exit.o) (__stdio_exit_handler)
C:/ST/STM32CubeIDE_1.17.0/STM32CubeIDE/plugins/com.st.stm32cube.ide.mcu.externaltools.gnu-tools-for-stm32.12.3.rel1.win32_1.1.0.202410251130/tools/bin/../lib/gcc/arm-none-eabi/12.3.1/../../../../arm-none-eabi/lib/thumb/v7e-m+fp/hard\libc_nano.a(libc_a-fwalk.o)
                              C:/ST/STM32CubeIDE_1.17.0/STM32CubeIDE/plugins/com.st.stm32cube.ide.mcu.externaltools.gnu-tools-for-stm32.12.3.rel1.win32_1.1.0.202410251130/tools/bin/../lib/gcc/arm-none-eabi/12.3.1/../../../../arm-none-eabi/lib/thumb/v7e-m+fp/hard\libc_nano.a(libc_a-findfp.o) (_fwalk_sglue)
[...]
Memory Configuration

Name             Origin             Length             Attributes
CCMRAM           0x10000000         0x00010000         xrw
RAM              0x20000000         0x00020000         xrw
FLASH            0x08000000         0x00080000         xr
*default*        0x00000000         0xffffffff

Linker script and memory map

LOAD C:/ST/STM32CubeIDE_1.17.0/STM32CubeIDE/plugins/com.st.stm32cube.ide.mcu.externaltools.gnu-tools-for-stm32.12.3.rel1.win32_1.1.0.202410251130/tools/bin/../lib/gcc/arm-none-eabi/12.3.1/thumb/v7e-m+fp/hard/crti.o
LOAD C:/ST/STM32CubeIDE_1.17.0/STM32CubeIDE/plugins/com.st.stm32cube.ide.mcu.externaltools.gnu-tools-for-stm32.12.3.rel1.win32_1.1.0.202410251130/tools/bin/../lib/gcc/arm-none-eabi/12.3.1/thumb/v7e-m+fp/hard/crtbegin.o
LOAD C:/ST/STM32CubeIDE_1.17.0/STM32CubeIDE/plugins/com.st.stm32cube.ide.mcu.externaltools.gnu-tools-for-stm32.12.3.rel1.win32_1.1.0.202410251130/tools/bin/../lib/gcc/arm-none-eabi/12.3.1/../../../../arm-none-eabi/lib/thumb/v7e-m+fp/hard/crt0.o
LOAD ./Core/Src/alt_main.o
LOAD ./Core/Src/dma.o
LOAD ./Core/Src/freertos.o
LOAD ./Core/Src/gpio.o
LOAD ./Core/Src/i2c.o
LOAD ./Core/Src/main.o
LOAD ./Core/Src/stm32f4xx_hal_msp.o
LOAD ./Core/Src/stm32f4xx_hal_timebase_tim.o
LOAD ./Core/Src/stm32f4xx_it.o
LOAD ./Core/Src/syscalls.o
LOAD ./Core/Src/sysmem.o
LOAD ./Core/Src/system_stm32f4xx.o
LOAD ./Core/Src/tim.o
LOAD ./Core/Src/usart.o
LOAD ./Core/Startup/startup_stm32f407vetx.o
LOAD ./Drivers/STM32F4xx_HAL_Driver/Src/stm32f4xx_hal.o
LOAD ./Drivers/STM32F4xx_HAL_Driver/Src/stm32f4xx_hal_cortex.o
LOAD ./Drivers/STM32F4xx_HAL_Driver/Src/stm32f4xx_hal_dma.o
LOAD ./Drivers/STM32F4xx_HAL_Driver/Src/stm32f4xx_hal_dma_ex.o
LOAD ./Drivers/STM32F4xx_HAL_Driver/Src/stm32f4xx_hal_exti.o
LOAD ./Drivers/STM32F4xx_HAL_Driver/Src/stm32f4xx_hal_flash.o
LOAD ./Drivers/STM32F4xx_HAL_Driver/Src/stm32f4xx_hal_flash_ex.o
LOAD ./Drivers/STM32F4xx_HAL_Driver/Src/stm32f4xx_hal_flash_ramfunc.o
LOAD ./Drivers/STM32F4xx_HAL_Driver/Src/stm32f4xx_hal_gpio.o
LOAD ./Drivers/STM32F4xx_HAL_Driver/Src/stm32f4xx_hal_i2c.o
LOAD ./Drivers/STM32F4xx_HAL_Driver/Src/stm32f4xx_hal_i2c_ex.o
LOAD ./Drivers/STM32F4xx_HAL_Driver/Src/stm32f4xx_hal_pwr.o
LOAD ./Drivers/STM32F4xx_HAL_Driver/Src/stm32f4xx_hal_pwr_ex.o
LOAD ./Drivers/STM32F4xx_HAL_Driver/Src/stm32f4xx_hal_rcc.o
LOAD ./Drivers/STM32F4xx_HAL_Driver/Src/stm32f4xx_hal_rcc_ex.o
LOAD ./Drivers/STM32F4xx_HAL_Driver/Src/stm32f4xx_hal_tim.o
LOAD ./Drivers/STM32F4xx_HAL_Driver/Src/stm32f4xx_hal_tim_ex.o
LOAD ./Drivers/STM32F4xx_HAL_Driver/Src/stm32f4xx_hal_uart.o
LOAD ./Libraries/DWIN/Dwin.o
LOAD ./Libraries/Robot_Mapping_xyz/Robot_xyz.o
LOAD ./Libraries/STEP_MOTOR/STEP.o
LOAD ./Libraries/Set_home/Sethome.o
LOAD ./Middlewares/Third_Party/FreeRTOS/Source/CMSIS_RTOS_V2/cmsis_os2.o
LOAD ./Middlewares/Third_Party/FreeRTOS/Source/croutine.o
LOAD ./Middlewares/Third_Party/FreeRTOS/Source/event_groups.o
LOAD ./Middlewares/Third_Party/FreeRTOS/Source/list.o
LOAD ./Middlewares/Third_Party/FreeRTOS/Source/queue.o
LOAD ./Middlewares/Third_Party/FreeRTOS/Source/stream_buffer.o
LOAD ./Middlewares/Third_Party/FreeRTOS/Source/tasks.o
LOAD ./Middlewares/Third_Party/FreeRTOS/Source/timers.o
LOAD ./Middlewares/Third_Party/FreeRTOS/Source/portable/GCC/ARM_CM4F/port.o
LOAD ./Middlewares/Third_Party/FreeRTOS/Source/portable/MemMang/heap_4.o
START GROUP
LOAD C:/ST/STM32CubeIDE_1.17.0/STM32CubeIDE/plugins/com.st.stm32cube.ide.mcu.externaltools.gnu-tools-for-stm32.12.3.rel1.win32_1.1.0.202410251130/tools/bin/../lib/gcc/arm-none-eabi/12.3.1/../../../../arm-none-eabi/lib/thumb/v7e-m+fp/hard\libstdc++_nano.a
LOAD C:/ST/STM32CubeIDE_1.17.0/STM32CubeIDE/plugins/com.st.stm32cube.ide.mcu.externaltools.gnu-tools-for-stm32.12.3.rel1.win32_1.1.0.202410251130/tools/bin/../lib/gcc/arm-none-eabi/12.3.1/../../../../arm-none-eabi/lib/thumb/v7e-m+fp/hard\libsupc++_nano.a
END GROUP
LOAD C:/ST/STM32CubeIDE_1.17.0/STM32CubeIDE/plugins/com.st.stm32cube.ide.mcu.externaltools.gnu-tools-for-stm32.12.3.rel1.win32_1.1.0.202410251130/tools/bin/../lib/gcc/arm-none-eabi/12.3.1/../../../../arm-none-eabi/lib/thumb/v7e-m+fp/hard\libstdc++_nano.a
LOAD C:/ST/STM32CubeIDE_1.17.0/STM32CubeIDE/plugins/com.st.stm32cube.ide.mcu.externaltools.gnu-tools-for-stm32.12.3.rel1.win32_1.1.0.202410251130/tools/bin/../lib/gcc/arm-none-eabi/12.3.1/../../../../arm-none-eabi/lib/thumb/v7e-m+fp/hard\libm.a
LOAD C:/ST/STM32CubeIDE_1.17.0/STM32CubeIDE/plugins/com.st.stm32cube.ide.mcu.externaltools.gnu-tools-for-stm32.12.3.rel1.win32_1.1.0.202410251130/tools/bin/../lib/gcc/arm-none-eabi/12.3.1/../../../../arm-none-eabi/lib/thumb/v7e-m+fp/hard\libc_nano.a
START GROUP
LOAD C:/ST/STM32CubeIDE_1.17.0/STM32CubeIDE/plugins/com.st.stm32cube.ide.mcu.externaltools.gnu-tools-for-stm32.12.3.rel1.win32_1.1.0.202410251130/tools/bin/../lib/gcc/arm-none-eabi/12.3.1/thumb/v7e-m+fp/hard\libgcc.a
LOAD C:/ST/STM32CubeIDE_1.17.0/STM32CubeIDE/plugins/com.st.stm32cube.ide.mcu.externaltools.gnu-tools-for-stm32.12.3.rel1.win32_1.1.0.202410251130/tools/bin/../lib/gcc/arm-none-eabi/12.3.1/../../../../arm-none-eabi/lib/thumb/v7e-m+fp/hard\libc_nano.a
END GROUP
START GROUP
LOAD C:/ST/STM32CubeIDE_1.17.0/STM32CubeIDE/plugins/com.st.stm32cube.ide.mcu.externaltools.gnu-tools-for-stm32.12.3.rel1.win32_1.1.0.202410251130/tools/bin/../lib/gcc/arm-none-eabi/12.3.1/thumb/v7e-m+fp/hard\libgcc.a
LOAD C:/ST/STM32CubeIDE_1.17.0/STM32CubeIDE/plugins/com.st.stm32cube.ide.mcu.externaltools.gnu-tools-for-stm32.12.3.rel1.win32_1.1.0.202410251130/tools/bin/../lib/gcc/arm-none-eabi/12.3.1/../../../../arm-none-eabi/lib/thumb/v7e-m+fp/hard\libc_nano.a
LOAD C:/ST/STM32CubeIDE_1.17.0/STM32CubeIDE/plugins/com.st.stm32cube.ide.mcu.externaltools.gnu-tools-for-stm32.12.3.rel1.win32_1.1.0.202410251130/tools/bin/../lib/gcc/arm-none-eabi/12.3.1/../../../../arm-none-eabi/lib/thumb/v7e-m+fp/hard\libnosys.a
END GROUP
START GROUP
LOAD C:/ST/STM32CubeIDE_1.17.0/STM32CubeIDE/plugins/com.st.stm32cube.ide.mcu.externaltools.gnu-tools-for-stm32.12.3.rel1.win32_1.1.0.202410251130/tools/bin/../lib/gcc/arm-none-eabi/12.3.1/thumb/v7e-m+fp/hard\libgcc.a
LOAD C:/ST/STM32CubeIDE_1.17.0/STM32CubeIDE/plugins/com.st.stm32cube.ide.mcu.externaltools.gnu-tools-for-stm32.12.3.rel1.win32_1.1.0.202410251130/tools/bin/../lib/gcc/arm-none-eabi/12.3.1/../../../../arm-none-eabi/lib/thumb/v7e-m+fp/hard\libc_nano.a
LOAD C:/ST/STM32CubeIDE_1.17.0/STM32CubeIDE/plugins/com.st.stm32cube.ide.mcu.externaltools.gnu-tools-for-stm32.12.3.rel1.win32_1.1.0.202410251130/tools/bin/../lib/gcc/arm-none-eabi/12.3.1/../../../../arm-none-eabi/lib/thumb/v7e-m+fp/hard\libnosys.a
END GROUP
LOAD C:/ST/STM32CubeIDE_1.17.0/STM32CubeIDE/plugins/com.st.stm32cube.ide.mcu.externaltools.gnu-tools-for-stm32.12.3.rel1.win32_1.1.0.202410251130/tools/bin/../lib/gcc/arm-none-eabi/12.3.1/thumb/v7e-m+fp/hard/crtend.o
LOAD C:/ST/STM32CubeIDE_1.17.0/STM32CubeIDE/plugins/com.st.stm32cube.ide.mcu.externaltools.gnu-tools-for-stm32.12.3.rel1.win32_1.1.0.202410251130/tools/bin/../lib/gcc/arm-none-eabi/12.3.1/thumb/v7e-m+fp/hard/crtn.o
                0x20020000                        _estack = (ORIGIN (RAM) + LENGTH (RAM))
                0x00000200                        _Min_Heap_Size = 0x200
                0x00000400                        _Min_Stack_Size = 0x400

.isr_vector     0x08000000      0x188
                0x08000000                        . = ALIGN (0x4)
 *(.isr_vector)
 .isr_vector    0x08000000      0x188 ./Core/Startup/startup_stm32f407vetx.o
                0x08000000                g_pfnVectors
                0x08000188                        . = ALIGN (0x4)

.text           0x08000190     0xb5bc
                0x08000190                        . = ALIGN (0x4)
 *(.text)
 .text          0x08000190       0x40 C:/ST/STM32CubeIDE_1.17.0/STM32CubeIDE/plugins/com.st.stm32cube.ide.mcu.externaltools.gnu-tools-for-stm32.12.3.rel1.win32_1.1.0.202410251130/tools/bin/../lib/gcc/arm-none-eabi/12.3.1/thumb/v7e-m+fp/hard/crtbegin.o
 .text          0x080001d0       0x30 C:/ST/STM32CubeIDE_1.17.0/STM32CubeIDE/plugins/com.st.stm32cube.ide.mcu.externaltools.gnu-tools-for-stm32.12.3.rel1.win32_1.1.0.202410251130/tools/bin/../lib/gcc/arm-none-eabi/12.3.1/thumb/v7e-m+fp/hard\libgcc.a(_aeabi_uldivmod.o)
                0x080001d0                __aeabi_uldivmod
 .text          0x08000200      0x2bc C:/ST/STM32CubeIDE_1.17.0/STM32CubeIDE/plugins/com.st.stm32cube.ide.mcu.externaltools.gnu-tools-for-stm32.12.3.rel1.win32_1.1.0.202410251130/tools/bin/../lib/gcc/arm-none-eabi/12.3.1/thumb/v7e-m+fp/hard\libgcc.a(_udivmoddi4.o)
                0x08000200                __udivmoddi4
 .text          0x080004bc        0x4 C:/ST/STM32CubeIDE_1.17.0/STM32CubeIDE/plugins/com.st.stm32cube.ide.mcu.externaltools.gnu-tools-for-stm32.12.3.rel1.win32_1.1.0.202410251130/tools/bin/../lib/gcc/arm-none-eabi/12.3.1/thumb/v7e-m+fp/hard\libgcc.a(_dvmd_tls.o)
                0x080004bc                __aeabi_idiv0
                0x080004bc                __aeabi_ldiv0
 *(.text*)
 .text._ZN4STEP9write_pinEP12GPIO_TypeDefhb
                0x080004c0       0x40 ./Core/Src/alt_main.o
                0x080004c0                STEP::write_pin(GPIO_TypeDef*, unsigned char, bool)
 .text._ZN4STEPC2EhhhhP12GPIO_TypeDefhS1_hS1_tS1_tS1_
                0x08000500      0x18c ./Core/Src/alt_main.o
                0x08000500                STEP::STEP(unsigned char, unsigned char, unsigned char, unsigned char, GPIO_TypeDef*, unsigned char, GPIO_TypeDef*, unsigned char, GPIO_TypeDef*, unsigned short, GPIO_TypeDef*, unsigned short, GPIO_TypeDef*)
                0x08000500                STEP::STEP(unsigned char, unsigned char, unsigned char, unsigned char, GPIO_TypeDef*, unsigned char, GPIO_TypeDef*, unsigned char, GPIO_TypeDef*, unsigned short, GPIO_TypeDef*, unsigned short, GPIO_TypeDef*)
 .text._Z18pos_state_to_arrayyPh
                0x0800068c       0x5c ./Core/Src/alt_main.o
                0x0800068c                pos_state_to_array(unsigned long long, unsigned char*)
 .text.HAL_UARTEx_RxEventCallback
                0x080006e8       0x8c ./Core/Src/alt_main.o
                0x080006e8                HAL_UARTEx_RxEventCallback
 .text.HAL_GPIO_EXTI_Callback
                0x08000774       0x64 ./Core/Src/alt_main.o
                0x08000774                HAL_GPIO_EXTI_Callback
 .text._ZL14I2C_BusRecoverP17I2C_HandleTypeDef
                0x080007d8       0x22 ./Core/Src/alt_main.o
 *fill*         0x080007fa        0x2 
 .text.Sensor_AS5600_RTOS
                0x080007fc      0x15c ./Core/Src/alt_main.o
                0x080007fc                Sensor_AS5600_RTOS
 .text.HAL_UART_TxCpltCallback
                0x08000958       0x48 ./Core/Src/alt_main.o
                0x08000958                HAL_UART_TxCpltCallback
 .text._Z18Update_Theta_Roboth
                0x080009a0       0x24 ./Core/Src/alt_main.o
                0x080009a0                Update_Theta_Robot(unsigned char)
 .text.Control_Dwin_get_theta_RTOS
                0x080009c4      0x1e0 ./Core/Src/alt_main.o
                0x080009c4                Control_Dwin_get_theta_RTOS
 .text.DwinUsartTask_RTOS
                0x08000ba4       0x8c ./Core/Src/alt_main.o
                0x08000ba4                DwinUsartTask_RTOS
 .text.Dwin_RTOS
                0x08000c30      0x10c ./Core/Src/alt_main.o
                0x08000c30                Dwin_RTOS
 .text.TIM2_CALLBACK_STEP
                0x08000d3c       0xac ./Core/Src/alt_main.o
                0x08000d3c                TIM2_CALLBACK_STEP
 .text.Control_motor_RTOS
                0x08000de8      0x2e8 ./Core/Src/alt_main.o
                0x08000de8                Control_motor_RTOS
 .text.alt_main
                0x080010d0      0x19c ./Core/Src/alt_main.o
                0x080010d0                alt_main
 .text.MX_DMA_Init
                0x0800126c       0x50 ./Core/Src/dma.o
                0x0800126c                MX_DMA_Init
 .text.MX_FREERTOS_Init
                0x080012bc       0xdc ./Core/Src/freertos.o
                0x080012bc                MX_FREERTOS_Init
 .text.Sensor_AS5600
                0x08001398       0x14 ./Core/Src/freertos.o
                0x08001398                Sensor_AS5600
 .text.Dwin_Task
                0x080013ac       0x14 ./Core/Src/freertos.o
                0x080013ac                Dwin_Task
 .text.TASK_DMA_ENTRY
                0x080013c0       0x14 ./Core/Src/freertos.o
                0x080013c0                TASK_DMA_ENTRY
 .text.StartTask05
                0x080013d4       0x14 ./Core/Src/freertos.o
                0x080013d4                StartTask05
 .text.StartTask06
                0x080013e8       0x14 ./Core/Src/freertos.o
                0x080013e8                StartTask06
 .text.MX_GPIO_Init
                0x080013fc      0x1ec ./Core/Src/gpio.o
                0x080013fc                MX_GPIO_Init
 .text.MX_I2C1_Init
                0x080015e8       0x5c ./Core/Src/i2c.o
                0x080015e8                MX_I2C1_Init
 .text.MX_I2C2_Init
                0x08001644       0x5c ./Core/Src/i2c.o
                0x08001644                MX_I2C2_Init
 .text.MX_I2C3_Init
                0x080016a0       0x5c ./Core/Src/i2c.o
                0x080016a0                MX_I2C3_Init
 .text.HAL_I2C_MspInit
                0x080016fc      0x1a8 ./Core/Src/i2c.o
                0x080016fc                HAL_I2C_MspInit
 .text.HAL_I2C_MspDeInit
                0x080018a4       0xac ./Core/Src/i2c.o
                0x080018a4                HAL_I2C_MspDeInit
 .text.main     0x08001950       0x50 ./Core/Src/main.o
                0x08001950                main
 .text.SystemClock_Config
                0x080019a0       0xbc ./Core/Src/main.o
                0x080019a0                SystemClock_Config
 .text.HAL_TIM_PeriodElapsedCallback
                0x08001a5c       0x30 ./Core/Src/main.o
                0x08001a5c                HAL_TIM_PeriodElapsedCallback
 .text.Error_Handler
                0x08001a8c        0xc ./Core/Src/main.o
                0x08001a8c                Error_Handler
 .text.HAL_MspInit
                0x08001a98       0x58 ./Core/Src/stm32f4xx_hal_msp.o
                0x08001a98                HAL_MspInit
 .text.HAL_InitTick
                0x08001af0       0xf8 ./Core/Src/stm32f4xx_hal_timebase_tim.o
                0x08001af0                HAL_InitTick
 .text.NMI_Handler
                0x08001be8        0x8 ./Core/Src/stm32f4xx_it.o
                0x08001be8                NMI_Handler
 .text.HardFault_Handler
                0x08001bf0        0x8 ./Core/Src/stm32f4xx_it.o
                0x08001bf0                HardFault_Handler
 .text.MemManage_Handler
                0x08001bf8        0x8 ./Core/Src/stm32f4xx_it.o
                0x08001bf8                MemManage_Handler
 .text.BusFault_Handler
                0x08001c00        0x8 ./Core/Src/stm32f4xx_it.o
                0x08001c00                BusFault_Handler
 .text.UsageFault_Handler
                0x08001c08        0x8 ./Core/Src/stm32f4xx_it.o
                0x08001c08                UsageFault_Handler
 .text.DebugMon_Handler
                0x08001c10        0xe ./Core/Src/stm32f4xx_it.o
                0x08001c10                DebugMon_Handler
 *fill*         0x08001c1e        0x2 
 .text.DMA1_Stream1_IRQHandler
                0x08001c20       0x14 ./Core/Src/stm32f4xx_it.o
                0x08001c20                DMA1_Stream1_IRQHandler
 .text.DMA1_Stream4_IRQHandler
                0x08001c34       0x14 ./Core/Src/stm32f4xx_it.o
                0x08001c34                DMA1_Stream4_IRQHandler
 .text.EXTI9_5_IRQHandler
                0x08001c48       0x16 ./Core/Src/stm32f4xx_it.o
                0x08001c48                EXTI9_5_IRQHandler
 *fill*         0x08001c5e        0x2 
 .text.TIM2_IRQHandler
                0x08001c60       0x14 ./Core/Src/stm32f4xx_it.o
                0x08001c60                TIM2_IRQHandler
 .text.USART3_IRQHandler
                0x08001c74       0x14 ./Core/Src/stm32f4xx_it.o
                0x08001c74                USART3_IRQHandler
 .text.TIM7_IRQHandler
                0x08001c88       0x14 ./Core/Src/stm32f4xx_it.o
                0x08001c88                TIM7_IRQHandler
 .text._getpid  0x08001c9c       0x10 ./Core/Src/syscalls.o
                0x08001c9c                _getpid
 .text._kill    0x08001cac       0x20 ./Core/Src/syscalls.o
                0x08001cac                _kill
 .text._exit    0x08001ccc       0x16 ./Core/Src/syscalls.o
                0x08001ccc                _exit
 *fill*         0x08001ce2        0x2 
 .text._sbrk    0x08001ce4       0x6c ./Core/Src/sysmem.o
                0x08001ce4                _sbrk
 .text.SystemInit
                0x08001d50       0x24 ./Core/Src/system_stm32f4xx.o
                0x08001d50                SystemInit
 .text.MX_TIM2_Init
                0x08001d74       0x98 ./Core/Src/tim.o
                0x08001d74                MX_TIM2_Init
 .text.MX_TIM3_Init
                0x08001e0c       0xa8 ./Core/Src/tim.o
                0x08001e0c                MX_TIM3_Init
 .text.MX_TIM4_Init
                0x08001eb4       0xc8 ./Core/Src/tim.o
                0x08001eb4                MX_TIM4_Init
 .text.HAL_TIM_Base_MspInit
                0x08001f7c       0x4c ./Core/Src/tim.o
                0x08001f7c                HAL_TIM_Base_MspInit
 .text.HAL_TIM_Encoder_MspInit
                0x08001fc8       0x90 ./Core/Src/tim.o
                0x08001fc8                HAL_TIM_Encoder_MspInit
 .text.HAL_TIM_PWM_MspInit
                0x08002058       0x44 ./Core/Src/tim.o
                0x08002058                HAL_TIM_PWM_MspInit
 .text.HAL_TIM_MspPostInit
                0x0800209c       0x74 ./Core/Src/tim.o
                0x0800209c                HAL_TIM_MspPostInit
 .text.MX_USART2_UART_Init
                0x08002110       0x54 ./Core/Src/usart.o
                0x08002110                MX_USART2_UART_Init
 .text.MX_USART3_UART_Init
                0x08002164       0x54 ./Core/Src/usart.o
                0x08002164                MX_USART3_UART_Init
 .text.HAL_UART_MspInit
                0x080021b8      0x1d4 ./Core/Src/usart.o
                0x080021b8                HAL_UART_MspInit
 .text.Reset_Handler
                0x0800238c       0x50 ./Core/Startup/startup_stm32f407vetx.o
                0x0800238c                Reset_Handler
 .text.Default_Handler
                0x080023dc        0x2 ./Core/Startup/startup_stm32f407vetx.o
                0x080023dc                RTC_Alarm_IRQHandler
                0x080023dc                HASH_RNG_IRQHandler
                0x080023dc                EXTI2_IRQHandler
                0x080023dc                TIM8_CC_IRQHandler
                0x080023dc                TIM1_CC_IRQHandler
                0x080023dc                DMA2_Stream5_IRQHandler
                0x080023dc                DMA1_Stream5_IRQHandler
                0x080023dc                PVD_IRQHandler
                0x080023dc                SDIO_IRQHandler
                0x080023dc                TAMP_STAMP_IRQHandler
                0x080023dc                CAN2_RX1_IRQHandler
                0x080023dc                EXTI3_IRQHandler
                0x080023dc                TIM8_TRG_COM_TIM14_IRQHandler
                0x080023dc                TIM1_UP_TIM10_IRQHandler
                0x080023dc                TIM8_UP_TIM13_IRQHandler
                0x080023dc                I2C3_ER_IRQHandler
                0x080023dc                EXTI0_IRQHandler
                0x080023dc                I2C2_EV_IRQHandler
                0x080023dc                DMA1_Stream2_IRQHandler
                0x080023dc                CAN1_RX0_IRQHandler
                0x080023dc                FPU_IRQHandler
                0x080023dc                OTG_HS_WKUP_IRQHandler
                0x080023dc                CAN2_SCE_IRQHandler
                0x080023dc                DMA2_Stream2_IRQHandler
                0x080023dc                SPI1_IRQHandler
                0x080023dc                TIM6_DAC_IRQHandler
                0x080023dc                TIM1_BRK_TIM9_IRQHandler
                0x080023dc                DCMI_IRQHandler
                0x080023dc                CAN2_RX0_IRQHandler
                0x080023dc                DMA2_Stream3_IRQHandler
                0x080023dc                USART6_IRQHandler
                0x080023dc                CAN1_RX1_IRQHandler
                0x080023dc                UART5_IRQHandler
                0x080023dc                DMA2_Stream0_IRQHandler
                0x080023dc                TIM4_IRQHandler
                0x080023dc                I2C1_EV_IRQHandler
                0x080023dc                DMA1_Stream6_IRQHandler
                0x080023dc                UART4_IRQHandler
                0x080023dc                TIM3_IRQHandler
                0x080023dc                RCC_IRQHandler
                0x080023dc                TIM8_BRK_TIM12_IRQHandler
                0x080023dc                Default_Handler
                0x080023dc                EXTI15_10_IRQHandler
                0x080023dc                ADC_IRQHandler
                0x080023dc                DMA1_Stream7_IRQHandler
                0x080023dc                CAN2_TX_IRQHandler
                0x080023dc                TIM5_IRQHandler
                0x080023dc                DMA2_Stream7_IRQHandler
                0x080023dc                I2C3_EV_IRQHandler
                0x080023dc                RTC_WKUP_IRQHandler
                0x080023dc                ETH_WKUP_IRQHandler
                0x080023dc                SPI2_IRQHandler
                0x080023dc                OTG_HS_EP1_IN_IRQHandler
                0x080023dc                DMA1_Stream0_IRQHandler
                0x080023dc                CAN1_TX_IRQHandler
                0x080023dc                EXTI4_IRQHandler
                0x080023dc                FSMC_IRQHandler
                0x080023dc                ETH_IRQHandler
                0x080023dc                OTG_HS_EP1_OUT_IRQHandler
                0x080023dc                WWDG_IRQHandler
                0x080023dc                OTG_FS_WKUP_IRQHandler
                0x080023dc                TIM1_TRG_COM_TIM11_IRQHandler
                0x080023dc                OTG_HS_IRQHandler
                0x080023dc                EXTI1_IRQHandler
                0x080023dc                USART2_IRQHandler
                0x080023dc                I2C2_ER_IRQHandler
                0x080023dc                DMA2_Stream1_IRQHandler
                0x080023dc                CAN1_SCE_IRQHandler
                0x080023dc                FLASH_IRQHandler
                0x080023dc                DMA2_Stream4_IRQHandler
                0x080023dc                USART1_IRQHandler
                0x080023dc                OTG_FS_IRQHandler
                0x080023dc                SPI3_IRQHandler
                0x080023dc                I2C1_ER_IRQHandler
                0x080023dc                DMA2_Stream6_IRQHandler
                0x080023dc                DMA1_Stream3_IRQHandler
 *fill*         0x080023de        0x2 
 .text.HAL_Init
                0x080023e0       0x44 ./Drivers/STM32F4xx_HAL_Driver/Src/stm32f4xx_hal.o
                0x080023e0                HAL_Init
 .text.HAL_IncTick
                0x08002424       0x28 ./Drivers/STM32F4xx_HAL_Driver/Src/stm32f4xx_hal.o
                0x08002424                HAL_IncTick
 .text.HAL_GetTick
                0x0800244c       0x18 ./Drivers/STM32F4xx_HAL_Driver/Src/stm32f4xx_hal.o
                0x0800244c                HAL_GetTick
 .text.HAL_Delay
                0x08002464       0x48 ./Drivers/STM32F4xx_HAL_Driver/Src/stm32f4xx_hal.o
                0x08002464                HAL_Delay
 .text.__NVIC_SetPriorityGrouping
                0x080024ac       0x48 ./Drivers/STM32F4xx_HAL_Driver/Src/stm32f4xx_hal_cortex.o
 .text.__NVIC_GetPriorityGrouping
                0x080024f4       0x1c ./Drivers/STM32F4xx_HAL_Driver/Src/stm32f4xx_hal_cortex.o
 .text.__NVIC_EnableIRQ
                0x08002510       0x3c ./Drivers/STM32F4xx_HAL_Driver/Src/stm32f4xx_hal_cortex.o
 .text.__NVIC_SetPriority
                0x0800254c       0x54 ./Drivers/STM32F4xx_HAL_Driver/Src/stm32f4xx_hal_cortex.o
 .text.NVIC_EncodePriority
                0x080025a0       0x66 ./Drivers/STM32F4xx_HAL_Driver/Src/stm32f4xx_hal_cortex.o
 .text.HAL_NVIC_SetPriorityGrouping
                0x08002606       0x16 ./Drivers/STM32F4xx_HAL_Driver/Src/stm32f4xx_hal_cortex.o
                0x08002606                HAL_NVIC_SetPriorityGrouping
 .text.HAL_NVIC_SetPriority
                0x0800261c       0x38 ./Drivers/STM32F4xx_HAL_Driver/Src/stm32f4xx_hal_cortex.o
                0x0800261c                HAL_NVIC_SetPriority
 .text.HAL_NVIC_EnableIRQ
                0x08002654       0x1c ./Drivers/STM32F4xx_HAL_Driver/Src/stm32f4xx_hal_cortex.o
                0x08002654                HAL_NVIC_EnableIRQ
 .text.HAL_DMA_Init
                0x08002670      0x15c ./Drivers/STM32F4xx_HAL_Driver/Src/stm32f4xx_hal_dma.o
                0x08002670                HAL_DMA_Init
 .text.HAL_DMA_Start_IT
                0x080027cc       0xb0 ./Drivers/STM32F4xx_HAL_Driver/Src/stm32f4xx_hal_dma.o
                0x080027cc                HAL_DMA_Start_IT
 .text.HAL_DMA_Abort
                0x0800287c       0xe0 ./Drivers/STM32F4xx_HAL_Driver/Src/stm32f4xx_hal_dma.o
                0x0800287c                HAL_DMA_Abort
 .text.HAL_DMA_Abort_IT
                0x0800295c       0x44 ./Drivers/STM32F4xx_HAL_Driver/Src/stm32f4xx_hal_dma.o
                0x0800295c                HAL_DMA_Abort_IT
 .text.HAL_DMA_IRQHandler
                0x080029a0      0x314 ./Drivers/STM32F4xx_HAL_Driver/Src/stm32f4xx_hal_dma.o
                0x080029a0                HAL_DMA_IRQHandler
 .text.DMA_SetConfig
                0x08002cb4       0x5c ./Drivers/STM32F4xx_HAL_Driver/Src/stm32f4xx_hal_dma.o
 .text.DMA_CalcBaseAndBitshift
                0x08002d10       0x6c ./Drivers/STM32F4xx_HAL_Driver/Src/stm32f4xx_hal_dma.o
 .text.DMA_CheckFifoParam
                0x08002d7c       0xf8 ./Drivers/STM32F4xx_HAL_Driver/Src/stm32f4xx_hal_dma.o
 .text.HAL_GPIO_Init
                0x08002e74      0x338 ./Drivers/STM32F4xx_HAL_Driver/Src/stm32f4xx_hal_gpio.o
                0x08002e74                HAL_GPIO_Init
 .text.HAL_GPIO_DeInit
                0x080031ac      0x1f8 ./Drivers/STM32F4xx_HAL_Driver/Src/stm32f4xx_hal_gpio.o
                0x080031ac                HAL_GPIO_DeInit
 .text.HAL_GPIO_WritePin
                0x080033a4       0x32 ./Drivers/STM32F4xx_HAL_Driver/Src/stm32f4xx_hal_gpio.o
                0x080033a4                HAL_GPIO_WritePin
 *fill*         0x080033d6        0x2 
 .text.HAL_GPIO_EXTI_IRQHandler
                0x080033d8       0x30 ./Drivers/STM32F4xx_HAL_Driver/Src/stm32f4xx_hal_gpio.o
                0x080033d8                HAL_GPIO_EXTI_IRQHandler
 .text.HAL_I2C_Init
                0x08003408      0x288 ./Drivers/STM32F4xx_HAL_Driver/Src/stm32f4xx_hal_i2c.o
                0x08003408                HAL_I2C_Init
 .text.HAL_I2C_DeInit
                0x08003690       0x5e ./Drivers/STM32F4xx_HAL_Driver/Src/stm32f4xx_hal_i2c.o
                0x08003690                HAL_I2C_DeInit
 *fill*         0x080036ee        0x2 
 .text.HAL_I2C_Mem_Read
                0x080036f0      0x464 ./Drivers/STM32F4xx_HAL_Driver/Src/stm32f4xx_hal_i2c.o
                0x080036f0                HAL_I2C_Mem_Read
 .text.I2C_RequestMemoryRead
                0x08003b54      0x1d0 ./Drivers/STM32F4xx_HAL_Driver/Src/stm32f4xx_hal_i2c.o
 .text.I2C_WaitOnFlagUntilTimeout
                0x08003d24       0xf4 ./Drivers/STM32F4xx_HAL_Driver/Src/stm32f4xx_hal_i2c.o
 .text.I2C_WaitOnMasterAddressFlagUntilTimeout
                0x08003e18      0x140 ./Drivers/STM32F4xx_HAL_Driver/Src/stm32f4xx_hal_i2c.o
 .text.I2C_WaitOnTXEFlagUntilTimeout
                0x08003f58       0x90 ./Drivers/STM32F4xx_HAL_Driver/Src/stm32f4xx_hal_i2c.o
 .text.I2C_WaitOnRXNEFlagUntilTimeout
                0x08003fe8       0xba ./Drivers/STM32F4xx_HAL_Driver/Src/stm32f4xx_hal_i2c.o
 .text.I2C_IsAcknowledgeFailed
                0x080040a2       0x5e ./Drivers/STM32F4xx_HAL_Driver/Src/stm32f4xx_hal_i2c.o
 .text.HAL_RCC_OscConfig
                0x08004100      0x4f0 ./Drivers/STM32F4xx_HAL_Driver/Src/stm32f4xx_hal_rcc.o
                0x08004100                HAL_RCC_OscConfig
 .text.HAL_RCC_ClockConfig
                0x080045f0      0x1cc ./Drivers/STM32F4xx_HAL_Driver/Src/stm32f4xx_hal_rcc.o
                0x080045f0                HAL_RCC_ClockConfig
 .text.HAL_RCC_GetSysClockFreq
                0x080047bc      0x18c ./Drivers/STM32F4xx_HAL_Driver/Src/stm32f4xx_hal_rcc.o
                0x080047bc                HAL_RCC_GetSysClockFreq
 .text.HAL_RCC_GetHCLKFreq
                0x08004948       0x18 ./Drivers/STM32F4xx_HAL_Driver/Src/stm32f4xx_hal_rcc.o
                0x08004948                HAL_RCC_GetHCLKFreq
 .text.HAL_RCC_GetPCLK1Freq
                0x08004960       0x28 ./Drivers/STM32F4xx_HAL_Driver/Src/stm32f4xx_hal_rcc.o
                0x08004960                HAL_RCC_GetPCLK1Freq
 .text.HAL_RCC_GetPCLK2Freq
                0x08004988       0x28 ./Drivers/STM32F4xx_HAL_Driver/Src/stm32f4xx_hal_rcc.o
                0x08004988                HAL_RCC_GetPCLK2Freq
 .text.HAL_RCC_GetClockConfig
                0x080049b0       0x64 ./Drivers/STM32F4xx_HAL_Driver/Src/stm32f4xx_hal_rcc.o
                0x080049b0                HAL_RCC_GetClockConfig
 .text.HAL_TIM_Base_Init
                0x08004a14       0x9e ./Drivers/STM32F4xx_HAL_Driver/Src/stm32f4xx_hal_tim.o
                0x08004a14                HAL_TIM_Base_Init
 *fill*         0x08004ab2        0x2 
 .text.HAL_TIM_Base_Start_IT
                0x08004ab4       0xe0 ./Drivers/STM32F4xx_HAL_Driver/Src/stm32f4xx_hal_tim.o
                0x08004ab4                HAL_TIM_Base_Start_IT
 .text.HAL_TIM_PWM_Init
                0x08004b94       0x9e ./Drivers/STM32F4xx_HAL_Driver/Src/stm32f4xx_hal_tim.o
                0x08004b94                HAL_TIM_PWM_Init
 *fill*         0x08004c32        0x2 
 .text.HAL_TIM_PWM_Start
                0x08004c34      0x190 ./Drivers/STM32F4xx_HAL_Driver/Src/stm32f4xx_hal_tim.o
                0x08004c34                HAL_TIM_PWM_Start
 .text.HAL_TIM_Encoder_Init
                0x08004dc4      0x14c ./Drivers/STM32F4xx_HAL_Driver/Src/stm32f4xx_hal_tim.o
                0x08004dc4                HAL_TIM_Encoder_Init
 .text.HAL_TIM_Encoder_Start
                0x08004f10      0x11c ./Drivers/STM32F4xx_HAL_Driver/Src/stm32f4xx_hal_tim.o
                0x08004f10                HAL_TIM_Encoder_Start
 .text.HAL_TIM_IRQHandler
                0x0800502c      0x1e0 ./Drivers/STM32F4xx_HAL_Driver/Src/stm32f4xx_hal_tim.o
                0x0800502c                HAL_TIM_IRQHandler
 .text.HAL_TIM_PWM_ConfigChannel
                0x0800520c      0x184 ./Drivers/STM32F4xx_HAL_Driver/Src/stm32f4xx_hal_tim.o
                0x0800520c                HAL_TIM_PWM_ConfigChannel
 .text.HAL_TIM_ConfigClockSource
                0x08005390      0x18e ./Drivers/STM32F4xx_HAL_Driver/Src/stm32f4xx_hal_tim.o
                0x08005390                HAL_TIM_ConfigClockSource
 .text.HAL_TIM_OC_DelayElapsedCallback
                0x0800551e       0x14 ./Drivers/STM32F4xx_HAL_Driver/Src/stm32f4xx_hal_tim.o
                0x0800551e                HAL_TIM_OC_DelayElapsedCallback
 .text.HAL_TIM_IC_CaptureCallback
                0x08005532       0x14 ./Drivers/STM32F4xx_HAL_Driver/Src/stm32f4xx_hal_tim.o
                0x08005532                HAL_TIM_IC_CaptureCallback
 .text.HAL_TIM_PWM_PulseFinishedCallback
                0x08005546       0x14 ./Drivers/STM32F4xx_HAL_Driver/Src/stm32f4xx_hal_tim.o
                0x08005546                HAL_TIM_PWM_PulseFinishedCallback
 .text.HAL_TIM_TriggerCallback
                0x0800555a       0x14 ./Drivers/STM32F4xx_HAL_Driver/Src/stm32f4xx_hal_tim.o
                0x0800555a                HAL_TIM_TriggerCallback
 *fill*         0x0800556e        0x2 
 .text.TIM_Base_SetConfig
                0x08005570      0x14c ./Drivers/STM32F4xx_HAL_Driver/Src/stm32f4xx_hal_tim.o
                0x08005570                TIM_Base_SetConfig
 .text.TIM_OC1_SetConfig
                0x080056bc       0xe0 ./Drivers/STM32F4xx_HAL_Driver/Src/stm32f4xx_hal_tim.o
 .text.TIM_OC2_SetConfig
                0x0800579c       0xec ./Drivers/STM32F4xx_HAL_Driver/Src/stm32f4xx_hal_tim.o
                0x0800579c                TIM_OC2_SetConfig
 .text.TIM_OC3_SetConfig
                0x08005888       0xe8 ./Drivers/STM32F4xx_HAL_Driver/Src/stm32f4xx_hal_tim.o
 .text.TIM_OC4_SetConfig
                0x08005970       0xac ./Drivers/STM32F4xx_HAL_Driver/Src/stm32f4xx_hal_tim.o
 .text.TIM_TI1_ConfigInputStage
                0x08005a1c       0x5e ./Drivers/STM32F4xx_HAL_Driver/Src/stm32f4xx_hal_tim.o
 .text.TIM_TI2_ConfigInputStage
                0x08005a7a       0x60 ./Drivers/STM32F4xx_HAL_Driver/Src/stm32f4xx_hal_tim.o
 .text.TIM_ITRx_SetConfig
                0x08005ada       0x36 ./Drivers/STM32F4xx_HAL_Driver/Src/stm32f4xx_hal_tim.o
 .text.TIM_ETR_SetConfig
                0x08005b10       0x40 ./Drivers/STM32F4xx_HAL_Driver/Src/stm32f4xx_hal_tim.o
                0x08005b10                TIM_ETR_SetConfig
 .text.TIM_CCxChannelCmd
                0x08005b50       0x4a ./Drivers/STM32F4xx_HAL_Driver/Src/stm32f4xx_hal_tim.o
                0x08005b50                TIM_CCxChannelCmd
 *fill*         0x08005b9a        0x2 
 .text.HAL_TIMEx_MasterConfigSynchronization
                0x08005b9c       0xf8 ./Drivers/STM32F4xx_HAL_Driver/Src/stm32f4xx_hal_tim_ex.o
                0x08005b9c                HAL_TIMEx_MasterConfigSynchronization
 .text.HAL_TIMEx_CommutCallback
                0x08005c94       0x14 ./Drivers/STM32F4xx_HAL_Driver/Src/stm32f4xx_hal_tim_ex.o
                0x08005c94                HAL_TIMEx_CommutCallback
 .text.HAL_TIMEx_BreakCallback
                0x08005ca8       0x14 ./Drivers/STM32F4xx_HAL_Driver/Src/stm32f4xx_hal_tim_ex.o
                0x08005ca8                HAL_TIMEx_BreakCallback
 .text.HAL_UART_Init
                0x08005cbc       0xa0 ./Drivers/STM32F4xx_HAL_Driver/Src/stm32f4xx_hal_uart.o
                0x08005cbc                HAL_UART_Init
 .text.HAL_UART_Transmit_DMA
                0x08005d5c       0xf8 ./Drivers/STM32F4xx_HAL_Driver/Src/stm32f4xx_hal_uart.o
                0x08005d5c                HAL_UART_Transmit_DMA
 .text.HAL_UARTEx_ReceiveToIdle_DMA
                0x08005e54       0xb2 ./Drivers/STM32F4xx_HAL_Driver/Src/stm32f4xx_hal_uart.o
                0x08005e54                HAL_UARTEx_ReceiveToIdle_DMA
 *fill*         0x08005f06        0x2 
 .text.HAL_UART_IRQHandler
                0x08005f08      0x554 ./Drivers/STM32F4xx_HAL_Driver/Src/stm32f4xx_hal_uart.o
                0x08005f08                HAL_UART_IRQHandler
 .text.HAL_UART_TxHalfCpltCallback
                0x0800645c       0x14 ./Drivers/STM32F4xx_HAL_Driver/Src/stm32f4xx_hal_uart.o
                0x0800645c                HAL_UART_TxHalfCpltCallback
 .text.HAL_UART_RxCpltCallback
                0x08006470       0x14 ./Drivers/STM32F4xx_HAL_Driver/Src/stm32f4xx_hal_uart.o
                0x08006470                HAL_UART_RxCpltCallback
 .text.HAL_UART_RxHalfCpltCallback
                0x08006484       0x14 ./Drivers/STM32F4xx_HAL_Driver/Src/stm32f4xx_hal_uart.o
                0x08006484                HAL_UART_RxHalfCpltCallback
 .text.HAL_UART_ErrorCallback
                0x08006498       0x14 ./Drivers/STM32F4xx_HAL_Driver/Src/stm32f4xx_hal_uart.o
                0x08006498                HAL_UART_ErrorCallback
 .text.UART_DMATransmitCplt
                0x080064ac       0x9a ./Drivers/STM32F4xx_HAL_Driver/Src/stm32f4xx_hal_uart.o
 .text.UART_DMATxHalfCplt
                0x08006546       0x1c ./Drivers/STM32F4xx_HAL_Driver/Src/stm32f4xx_hal_uart.o
 .text.UART_DMAReceiveCplt
                0x08006562      0x12c ./Drivers/STM32F4xx_HAL_Driver/Src/stm32f4xx_hal_uart.o
 .text.UART_DMARxHalfCplt
                0x0800668e       0x3c ./Drivers/STM32F4xx_HAL_Driver/Src/stm32f4xx_hal_uart.o
 .text.UART_DMAError
                0x080066ca       0x94 ./Drivers/STM32F4xx_HAL_Driver/Src/stm32f4xx_hal_uart.o
 *fill*         0x0800675e        0x2 
 .text.UART_Start_Receive_DMA
                0x08006760      0x14c ./Drivers/STM32F4xx_HAL_Driver/Src/stm32f4xx_hal_uart.o
                0x08006760                UART_Start_Receive_DMA
 .text.UART_EndTxTransfer
                0x080068ac       0x50 ./Drivers/STM32F4xx_HAL_Driver/Src/stm32f4xx_hal_uart.o
 .text.UART_EndRxTransfer
                0x080068fc       0xc6 ./Drivers/STM32F4xx_HAL_Driver/Src/stm32f4xx_hal_uart.o
 .text.UART_DMAAbortOnError
                0x080069c2       0x22 ./Drivers/STM32F4xx_HAL_Driver/Src/stm32f4xx_hal_uart.o
 .text.UART_Transmit_IT
                0x080069e4       0xa0 ./Drivers/STM32F4xx_HAL_Driver/Src/stm32f4xx_hal_uart.o
 .text.UART_EndTransmit_IT
                0x08006a84       0x30 ./Drivers/STM32F4xx_HAL_Driver/Src/stm32f4xx_hal_uart.o
 .text.UART_Receive_IT
                0x08006ab4      0x17c ./Drivers/STM32F4xx_HAL_Driver/Src/stm32f4xx_hal_uart.o
 .text.UART_SetConfig
                0x08006c30      0x4e8 ./Drivers/STM32F4xx_HAL_Driver/Src/stm32f4xx_hal_uart.o
 .text._ZN8DwinDgusC2EP20__UART_HandleTypeDefP19__DMA_HandleTypeDef
                0x08007118       0x6c ./Libraries/DWIN/Dwin.o
                0x08007118                DwinDgus::DwinDgus(__UART_HandleTypeDef*, __DMA_HandleTypeDef*)
                0x08007118                DwinDgus::DwinDgus(__UART_HandleTypeDef*, __DMA_HandleTypeDef*)
 .text._ZN8DwinDgus18set_pos_from_valueEtt
                0x08007184       0xc8 ./Libraries/DWIN/Dwin.o
                0x08007184                DwinDgus::set_pos_from_value(unsigned short, unsigned short)
 .text._ZN8DwinDgus13CMD_READ_FuncEv
                0x0800724c       0xa8 ./Libraries/DWIN/Dwin.o
                0x0800724c                DwinDgus::CMD_READ_Func()
 .text._ZN8DwinDgus22handled_data_interruptEv
                0x080072f4       0x48 ./Libraries/DWIN/Dwin.o
                0x080072f4                DwinDgus::handled_data_interrupt()
 .text._ZN8DwinDgus7beepHMIEv
                0x0800733c       0x60 ./Libraries/DWIN/Dwin.o
                0x0800733c                DwinDgus::beepHMI()
 .text._ZN8DwinDgus5setVPEtt
                0x0800739c       0x78 ./Libraries/DWIN/Dwin.o
                0x0800739c                DwinDgus::setVP(unsigned short, unsigned short)
 .text.Robot_GetTheta
                0x08007414       0x2c ./Libraries/Robot_Mapping_xyz/Robot_xyz.o
                0x08007414                Robot_GetTheta
 .text._ZL4iabsl
                0x08007440       0x1c ./Libraries/STEP_MOTOR/STEP.o
 .text._ZN4STEP10update_ISREv
                0x0800745c      0x140 ./Libraries/STEP_MOTOR/STEP.o
                0x0800745c                STEP::update_ISR()
 .text._ZN4STEP8dir_stepEh
                0x0800759c       0x3c ./Libraries/STEP_MOTOR/STEP.o
                0x0800759c                STEP::dir_step(unsigned char)
 .text._ZN4STEP13setStepPeriodEm
                0x080075d8       0x38 ./Libraries/STEP_MOTOR/STEP.o
                0x080075d8                STEP::setStepPeriod(unsigned long)
 .text._ZN4STEP17update_As5600_curEl
                0x08007610       0x74 ./Libraries/STEP_MOTOR/STEP.o
                0x08007610                STEP::update_As5600_cur(long)
 .text._ZN4STEP12STEP_set_calEtbb
                0x08007684       0x3c ./Libraries/STEP_MOTOR/STEP.o
                0x08007684                STEP::STEP_set_cal(unsigned short, bool, bool)
 .text._ZN4STEP15STEP_set_TargetEt
                0x080076c0      0x148 ./Libraries/STEP_MOTOR/STEP.o
                0x080076c0                STEP::STEP_set_Target(unsigned short)
 .text._ZN4STEP21STEP_set_home_triggerEv
                0x08007808       0x28 ./Libraries/STEP_MOTOR/STEP.o
                0x08007808                STEP::STEP_set_home_trigger()
 .text._ZN4STEP12STEP_ProcessEv
                0x08007830      0x1be ./Libraries/STEP_MOTOR/STEP.o
                0x08007830                STEP::STEP_Process()
 *fill*         0x080079ee        0x2 
 .text.Home_Update_All
                0x080079f0      0x140 ./Libraries/Set_home/Sethome.o
                0x080079f0                Home_Update_All
 .text.Sethome_link4
                0x08007b30       0x9c ./Libraries/Set_home/Sethome.o
                0x08007b30                Sethome_link4
 .text.__NVIC_SetPriority
                0x08007bcc       0x54 ./Middlewares/Third_Party/FreeRTOS/Source/CMSIS_RTOS_V2/cmsis_os2.o
 .text.SysTick_Handler
                0x08007c20       0x20 ./Middlewares/Third_Party/FreeRTOS/Source/CMSIS_RTOS_V2/cmsis_os2.o
                0x08007c20                SysTick_Handler
 .text.SVC_Setup
                0x08007c40       0x12 ./Middlewares/Third_Party/FreeRTOS/Source/CMSIS_RTOS_V2/cmsis_os2.o
 *fill*         0x08007c52        0x2 
 .text.osKernelInitialize
                0x08007c54       0x48 ./Middlewares/Third_Party/FreeRTOS/Source/CMSIS_RTOS_V2/cmsis_os2.o
                0x08007c54                osKernelInitialize
 .text.osKernelStart
                0x08007c9c       0x4c ./Middlewares/Third_Party/FreeRTOS/Source/CMSIS_RTOS_V2/cmsis_os2.o
                0x08007c9c                osKernelStart
 .text.osThreadNew
                0x08007ce8      0x124 ./Middlewares/Third_Party/FreeRTOS/Source/CMSIS_RTOS_V2/cmsis_os2.o
                0x08007ce8                osThreadNew
 .text.osDelay  0x08007e0c       0x36 ./Middlewares/Third_Party/FreeRTOS/Source/CMSIS_RTOS_V2/cmsis_os2.o
                0x08007e0c                osDelay
 .text.osSemaphoreNew
                0x08007e42      0x112 ./Middlewares/Third_Party/FreeRTOS/Source/CMSIS_RTOS_V2/cmsis_os2.o
                0x08007e42                osSemaphoreNew
 .text.osSemaphoreAcquire
                0x08007f54       0xa4 ./Middlewares/Third_Party/FreeRTOS/Source/CMSIS_RTOS_V2/cmsis_os2.o
                0x08007f54                osSemaphoreAcquire
 .text.osSemaphoreRelease
                0x08007ff8       0x88 ./Middlewares/Third_Party/FreeRTOS/Source/CMSIS_RTOS_V2/cmsis_os2.o
                0x08007ff8                osSemaphoreRelease
 .text.osMessageQueueNew
                0x08008080       0xe6 ./Middlewares/Third_Party/FreeRTOS/Source/CMSIS_RTOS_V2/cmsis_os2.o
                0x08008080                osMessageQueueNew
 *fill*         0x08008166        0x2 
 .text.osMessageQueuePut
                0x08008168       0xc0 ./Middlewares/Third_Party/FreeRTOS/Source/CMSIS_RTOS_V2/cmsis_os2.o
                0x08008168                osMessageQueuePut
 .text.osMessageQueueGet
                0x08008228       0xbc ./Middlewares/Third_Party/FreeRTOS/Source/CMSIS_RTOS_V2/cmsis_os2.o
                0x08008228                osMessageQueueGet
 .text.vApplicationGetIdleTaskMemory
                0x080082e4       0x34 ./Middlewares/Third_Party/FreeRTOS/Source/CMSIS_RTOS_V2/cmsis_os2.o
                0x080082e4                vApplicationGetIdleTaskMemory
 .text.vApplicationGetTimerTaskMemory
                0x08008318       0x34 ./Middlewares/Third_Party/FreeRTOS/Source/CMSIS_RTOS_V2/cmsis_os2.o
                0x08008318                vApplicationGetTimerTaskMemory
 .text.vListInitialise
                0x0800834c       0x40 ./Middlewares/Third_Party/FreeRTOS/Source/list.o
                0x0800834c                vListInitialise
 .text.vListInitialiseItem
                0x0800838c       0x1a ./Middlewares/Third_Party/FreeRTOS/Source/list.o
                0x0800838c                vListInitialiseItem
 .text.vListInsertEnd
                0x080083a6       0x48 ./Middlewares/Third_Party/FreeRTOS/Source/list.o
                0x080083a6                vListInsertEnd
 .text.vListInsert
                0x080083ee       0x72 ./Middlewares/Third_Party/FreeRTOS/Source/list.o
                0x080083ee                vListInsert
 .text.uxListRemove
                0x08008460       0x54 ./Middlewares/Third_Party/FreeRTOS/Source/list.o
                0x08008460                uxListRemove
 .text.xQueueGenericReset
                0x080084b4       0xd4 ./Middlewares/Third_Party/FreeRTOS/Source/queue.o
                0x080084b4                xQueueGenericReset
 .text.xQueueGenericCreateStatic
                0x08008588       0xfa ./Middlewares/Third_Party/FreeRTOS/Source/queue.o
                0x08008588                xQueueGenericCreateStatic
 .text.xQueueGenericCreate
                0x08008682       0x76 ./Middlewares/Third_Party/FreeRTOS/Source/queue.o
                0x08008682                xQueueGenericCreate
 .text.prvInitialiseNewQueue
                0x080086f8       0x46 ./Middlewares/Third_Party/FreeRTOS/Source/queue.o
 .text.xQueueCreateCountingSemaphoreStatic
                0x0800873e       0x72 ./Middlewares/Third_Party/FreeRTOS/Source/queue.o
                0x0800873e                xQueueCreateCountingSemaphoreStatic
 .text.xQueueCreateCountingSemaphore
                0x080087b0       0x6a ./Middlewares/Third_Party/FreeRTOS/Source/queue.o
                0x080087b0                xQueueCreateCountingSemaphore
 *fill*         0x0800881a        0x2 
 .text.xQueueGenericSend
                0x0800881c      0x204 ./Middlewares/Third_Party/FreeRTOS/Source/queue.o
                0x0800881c                xQueueGenericSend
 .text.xQueueGenericSendFromISR
                0x08008a20      0x13c ./Middlewares/Third_Party/FreeRTOS/Source/queue.o
                0x08008a20                xQueueGenericSendFromISR
 .text.xQueueGiveFromISR
                0x08008b5c      0x120 ./Middlewares/Third_Party/FreeRTOS/Source/queue.o
                0x08008b5c                xQueueGiveFromISR
 .text.xQueueReceive
                0x08008c7c      0x1c4 ./Middlewares/Third_Party/FreeRTOS/Source/queue.o
                0x08008c7c                xQueueReceive
 .text.xQueueSemaphoreTake
                0x08008e40      0x220 ./Middlewares/Third_Party/FreeRTOS/Source/queue.o
                0x08008e40                xQueueSemaphoreTake
 .text.xQueueReceiveFromISR
                0x08009060      0x104 ./Middlewares/Third_Party/FreeRTOS/Source/queue.o
                0x08009060                xQueueReceiveFromISR
 .text.vQueueDelete
                0x08009164       0x48 ./Middlewares/Third_Party/FreeRTOS/Source/queue.o
                0x08009164                vQueueDelete
 .text.prvGetDisinheritPriorityAfterTimeout
                0x080091ac       0x30 ./Middlewares/Third_Party/FreeRTOS/Source/queue.o
 .text.prvCopyDataToQueue
                0x080091dc       0xd4 ./Middlewares/Third_Party/FreeRTOS/Source/queue.o
 .text.prvCopyDataFromQueue
                0x080092b0       0x4c ./Middlewares/Third_Party/FreeRTOS/Source/queue.o
 .text.prvUnlockQueue
                0x080092fc       0xa4 ./Middlewares/Third_Party/FreeRTOS/Source/queue.o
 .text.prvIsQueueEmpty
                0x080093a0       0x2c ./Middlewares/Third_Party/FreeRTOS/Source/queue.o
 .text.prvIsQueueFull
                0x080093cc       0x30 ./Middlewares/Third_Party/FreeRTOS/Source/queue.o
 .text.vQueueAddToRegistry
                0x080093fc       0x54 ./Middlewares/Third_Party/FreeRTOS/Source/queue.o
                0x080093fc                vQueueAddToRegistry
 .text.vQueueUnregisterQueue
                0x08009450       0x54 ./Middlewares/Third_Party/FreeRTOS/Source/queue.o
                0x08009450                vQueueUnregisterQueue
 .text.vQueueWaitForMessageRestricted
                0x080094a4       0x68 ./Middlewares/Third_Party/FreeRTOS/Source/queue.o
                0x080094a4                vQueueWaitForMessageRestricted
 .text.xTaskCreateStatic
                0x0800950c       0xc0 ./Middlewares/Third_Party/FreeRTOS/Source/tasks.o
                0x0800950c                xTaskCreateStatic
 .text.xTaskCreate
                0x080095cc       0x8a ./Middlewares/Third_Party/FreeRTOS/Source/tasks.o
                0x080095cc                xTaskCreate
 .text.prvInitialiseNewTask
                0x08009656      0x120 ./Middlewares/Third_Party/FreeRTOS/Source/tasks.o
 *fill*         0x08009776        0x2 
 .text.prvAddNewTaskToReadyList
                0x08009778       0xe0 ./Middlewares/Third_Party/FreeRTOS/Source/tasks.o
 .text.vTaskDelay
                0x08009858       0x6c ./Middlewares/Third_Party/FreeRTOS/Source/tasks.o
                0x08009858                vTaskDelay
 .text.vTaskStartScheduler
                0x080098c4       0xd0 ./Middlewares/Third_Party/FreeRTOS/Source/tasks.o
                0x080098c4                vTaskStartScheduler
 .text.vTaskSuspendAll
                0x08009994       0x1c ./Middlewares/Third_Party/FreeRTOS/Source/tasks.o
                0x08009994                vTaskSuspendAll
 .text.xTaskResumeAll
                0x080099b0      0x13c ./Middlewares/Third_Party/FreeRTOS/Source/tasks.o
                0x080099b0                xTaskResumeAll
 .text.xTaskGetTickCount
                0x08009aec       0x20 ./Middlewares/Third_Party/FreeRTOS/Source/tasks.o
                0x08009aec                xTaskGetTickCount
 .text.xTaskIncrementTick
                0x08009b0c      0x174 ./Middlewares/Third_Party/FreeRTOS/Source/tasks.o
                0x08009b0c                xTaskIncrementTick
 .text.vTaskSwitchContext
                0x08009c80       0xbc ./Middlewares/Third_Party/FreeRTOS/Source/tasks.o
                0x08009c80                vTaskSwitchContext
 .text.vTaskPlaceOnEventList
                0x08009d3c       0x4c ./Middlewares/Third_Party/FreeRTOS/Source/tasks.o
                0x08009d3c                vTaskPlaceOnEventList
 .text.vTaskPlaceOnEventListRestricted
                0x08009d88       0x58 ./Middlewares/Third_Party/FreeRTOS/Source/tasks.o
                0x08009d88                vTaskPlaceOnEventListRestricted
 .text.xTaskRemoveFromEventList
                0x08009de0       0xc8 ./Middlewares/Third_Party/FreeRTOS/Source/tasks.o
                0x08009de0                xTaskRemoveFromEventList
 .text.vTaskInternalSetTimeOutState
                0x08009ea8       0x2c ./Middlewares/Third_Party/FreeRTOS/Source/tasks.o
                0x08009ea8                vTaskInternalSetTimeOutState
 .text.xTaskCheckForTimeOut
                0x08009ed4       0xc8 ./Middlewares/Third_Party/FreeRTOS/Source/tasks.o
                0x08009ed4                xTaskCheckForTimeOut
 .text.vTaskMissedYield
                0x08009f9c       0x18 ./Middlewares/Third_Party/FreeRTOS/Source/tasks.o
                0x08009f9c                vTaskMissedYield
 .text.prvIdleTask
                0x08009fb4       0x30 ./Middlewares/Third_Party/FreeRTOS/Source/tasks.o
 .text.prvInitialiseTaskLists
                0x08009fe4       0x80 ./Middlewares/Third_Party/FreeRTOS/Source/tasks.o
 .text.prvCheckTasksWaitingTermination
                0x0800a064       0x5c ./Middlewares/Third_Party/FreeRTOS/Source/tasks.o
 .text.prvDeleteTCB
                0x0800a0c0       0x60 ./Middlewares/Third_Party/FreeRTOS/Source/tasks.o
 .text.prvResetNextTaskUnblockTime
                0x0800a120       0x40 ./Middlewares/Third_Party/FreeRTOS/Source/tasks.o
 .text.xTaskGetSchedulerState
                0x0800a160       0x3c ./Middlewares/Third_Party/FreeRTOS/Source/tasks.o
                0x0800a160                xTaskGetSchedulerState
 .text.xTaskPriorityInherit
                0x0800a19c       0xd0 ./Middlewares/Third_Party/FreeRTOS/Source/tasks.o
                0x0800a19c                xTaskPriorityInherit
 .text.xTaskPriorityDisinherit
                0x0800a26c       0xe0 ./Middlewares/Third_Party/FreeRTOS/Source/tasks.o
                0x0800a26c                xTaskPriorityDisinherit
 .text.vTaskPriorityDisinheritAfterTimeout
                0x0800a34c      0x108 ./Middlewares/Third_Party/FreeRTOS/Source/tasks.o
                0x0800a34c                vTaskPriorityDisinheritAfterTimeout
 .text.pvTaskIncrementMutexHeldCount
                0x0800a454       0x28 ./Middlewares/Third_Party/FreeRTOS/Source/tasks.o
                0x0800a454                pvTaskIncrementMutexHeldCount
 .text.prvAddCurrentTaskToDelayedList
                0x0800a47c       0xa8 ./Middlewares/Third_Party/FreeRTOS/Source/tasks.o
 .text.xTimerCreateTimerTask
                0x0800a524       0x94 ./Middlewares/Third_Party/FreeRTOS/Source/timers.o
                0x0800a524                xTimerCreateTimerTask
 .text.xTimerGenericCommand
                0x0800a5b8       0x9c ./Middlewares/Third_Party/FreeRTOS/Source/timers.o
                0x0800a5b8                xTimerGenericCommand
 .text.prvProcessExpiredTimer
                0x0800a654       0x9c ./Middlewares/Third_Party/FreeRTOS/Source/timers.o
 .text.prvTimerTask
                0x0800a6f0       0x26 ./Middlewares/Third_Party/FreeRTOS/Source/timers.o
 *fill*         0x0800a716        0x2 
 .text.prvProcessTimerOrBlockTask
                0x0800a718       0x9c ./Middlewares/Third_Party/FreeRTOS/Source/timers.o
 .text.prvGetNextExpireTime
                0x0800a7b4       0x48 ./Middlewares/Third_Party/FreeRTOS/Source/timers.o
 .text.prvSampleTimeNow
                0x0800a7fc       0x40 ./Middlewares/Third_Party/FreeRTOS/Source/timers.o
 .text.prvInsertTimerInActiveList
                0x0800a83c       0x84 ./Middlewares/Third_Party/FreeRTOS/Source/timers.o
 .text.prvProcessReceivedCommands
                0x0800a8c0      0x1cc ./Middlewares/Third_Party/FreeRTOS/Source/timers.o
 .text.prvSwitchTimerLists
                0x0800aa8c       0xcc ./Middlewares/Third_Party/FreeRTOS/Source/timers.o
 .text.prvCheckForValidListAndQueue
                0x0800ab58       0x80 ./Middlewares/Third_Party/FreeRTOS/Source/timers.o
 .text.pxPortInitialiseStack
                0x0800abd8       0x68 ./Middlewares/Third_Party/FreeRTOS/Source/portable/GCC/ARM_CM4F/port.o
                0x0800abd8                pxPortInitialiseStack
 .text.prvTaskExitError
                0x0800ac40       0x5c ./Middlewares/Third_Party/FreeRTOS/Source/portable/GCC/ARM_CM4F/port.o
 *fill*         0x0800ac9c        0x4 
 .text.SVC_Handler
                0x0800aca0       0x28 ./Middlewares/Third_Party/FreeRTOS/Source/portable/GCC/ARM_CM4F/port.o
                0x0800aca0                SVC_Handler
 .text.prvPortStartFirstTask
                0x0800acc8       0x28 ./Middlewares/Third_Party/FreeRTOS/Source/portable/GCC/ARM_CM4F/port.o
 .text.xPortStartScheduler
                0x0800acf0      0x148 ./Middlewares/Third_Party/FreeRTOS/Source/portable/GCC/ARM_CM4F/port.o
                0x0800acf0                xPortStartScheduler
 .text.vPortEnterCritical
                0x0800ae38       0x64 ./Middlewares/Third_Party/FreeRTOS/Source/portable/GCC/ARM_CM4F/port.o
                0x0800ae38                vPortEnterCritical
 .text.vPortExitCritical
                0x0800ae9c       0x54 ./Middlewares/Third_Party/FreeRTOS/Source/portable/GCC/ARM_CM4F/port.o
                0x0800ae9c                vPortExitCritical
 .text.PendSV_Handler
                0x0800aef0       0x68 ./Middlewares/Third_Party/FreeRTOS/Source/portable/GCC/ARM_CM4F/port.o
                0x0800aef0                PendSV_Handler
 .text.xPortSysTickHandler
                0x0800af58       0x44 ./Middlewares/Third_Party/FreeRTOS/Source/portable/GCC/ARM_CM4F/port.o
                0x0800af58                xPortSysTickHandler
 .text.vPortSetupTimerInterrupt
                0x0800af9c       0x48 ./Middlewares/Third_Party/FreeRTOS/Source/portable/GCC/ARM_CM4F/port.o
                0x0800af9c                vPortSetupTimerInterrupt
 .text.vPortEnableVFP
                0x0800afe4       0x14 ./Middlewares/Third_Party/FreeRTOS/Source/portable/GCC/ARM_CM4F/port.o
 .text.vPortValidateInterruptPriority
                0x0800aff8       0x84 ./Middlewares/Third_Party/FreeRTOS/Source/portable/GCC/ARM_CM4F/port.o
                0x0800aff8                vPortValidateInterruptPriority
 .text.pvPortMalloc
                0x0800b07c      0x19c ./Middlewares/Third_Party/FreeRTOS/Source/portable/MemMang/heap_4.o
                0x0800b07c                pvPortMalloc
 .text.vPortFree
                0x0800b218       0xc8 ./Middlewares/Third_Party/FreeRTOS/Source/portable/MemMang/heap_4.o
                0x0800b218                vPortFree
 .text.prvHeapInit
                0x0800b2e0       0xc4 ./Middlewares/Third_Party/FreeRTOS/Source/portable/MemMang/heap_4.o
 .text.prvInsertBlockIntoFreeList
                0x0800b3a4       0xb4 ./Middlewares/Third_Party/FreeRTOS/Source/portable/MemMang/heap_4.o
 .text._Znwj    0x0800b458       0x22 C:/ST/STM32CubeIDE_1.17.0/STM32CubeIDE/plugins/com.st.stm32cube.ide.mcu.externaltools.gnu-tools-for-stm32.12.3.rel1.win32_1.1.0.202410251130/tools/bin/../lib/gcc/arm-none-eabi/12.3.1/../../../../arm-none-eabi/lib/thumb/v7e-m+fp/hard\libstdc++_nano.a(new_op.o)
                0x0800b458                operator new(unsigned int)
 *fill*         0x0800b47a        0x2 
 .text._ZSt15get_new_handlerv
                0x0800b47c       0x10 C:/ST/STM32CubeIDE_1.17.0/STM32CubeIDE/plugins/com.st.stm32cube.ide.mcu.externaltools.gnu-tools-for-stm32.12.3.rel1.win32_1.1.0.202410251130/tools/bin/../lib/gcc/arm-none-eabi/12.3.1/../../../../arm-none-eabi/lib/thumb/v7e-m+fp/hard\libstdc++_nano.a(new_handler.o)
                0x0800b47c                std::get_new_handler()
 .text.abort    0x0800b48c        0xe C:/ST/STM32CubeIDE_1.17.0/STM32CubeIDE/plugins/com.st.stm32cube.ide.mcu.externaltools.gnu-tools-for-stm32.12.3.rel1.win32_1.1.0.202410251130/tools/bin/../lib/gcc/arm-none-eabi/12.3.1/../../../../arm-none-eabi/lib/thumb/v7e-m+fp/hard\libc_nano.a(libc_a-abort.o)
                0x0800b48c                abort
 *fill*         0x0800b49a        0x2 
 .text.malloc   0x0800b49c       0x10 C:/ST/STM32CubeIDE_1.17.0/STM32CubeIDE/plugins/com.st.stm32cube.ide.mcu.externaltools.gnu-tools-for-stm32.12.3.rel1.win32_1.1.0.202410251130/tools/bin/../lib/gcc/arm-none-eabi/12.3.1/../../../../arm-none-eabi/lib/thumb/v7e-m+fp/hard\libc_nano.a(libc_a-malloc.o)
                0x0800b49c                malloc
 .text.sbrk_aligned
                0x0800b4ac       0x44 C:/ST/STM32CubeIDE_1.17.0/STM32CubeIDE/plugins/com.st.stm32cube.ide.mcu.externaltools.gnu-tools-for-stm32.12.3.rel1.win32_1.1.0.202410251130/tools/bin/../lib/gcc/arm-none-eabi/12.3.1/../../../../arm-none-eabi/lib/thumb/v7e-m+fp/hard\libc_nano.a(libc_a-mallocr.o)
 .text._malloc_r
                0x0800b4f0      0x100 C:/ST/STM32CubeIDE_1.17.0/STM32CubeIDE/plugins/com.st.stm32cube.ide.mcu.externaltools.gnu-tools-for-stm32.12.3.rel1.win32_1.1.0.202410251130/tools/bin/../lib/gcc/arm-none-eabi/12.3.1/../../../../arm-none-eabi/lib/thumb/v7e-m+fp/hard\libc_nano.a(libc_a-mallocr.o)
                0x0800b4f0                _malloc_r
 .text.__malloc_lock
                0x0800b5f0        0xc C:/ST/STM32CubeIDE_1.17.0/STM32CubeIDE/plugins/com.st.stm32cube.ide.mcu.externaltools.gnu-tools-for-stm32.12.3.rel1.win32_1.1.0.202410251130/tools/bin/../lib/gcc/arm-none-eabi/12.3.1/../../../../arm-none-eabi/lib/thumb/v7e-m+fp/hard\libc_nano.a(libc_a-mlock.o)
                0x0800b5f0                __malloc_lock
 .text.__malloc_unlock
                0x0800b5fc        0xc C:/ST/STM32CubeIDE_1.17.0/STM32CubeIDE/plugins/com.st.stm32cube.ide.mcu.externaltools.gnu-tools-for-stm32.12.3.rel1.win32_1.1.0.202410251130/tools/bin/../lib/gcc/arm-none-eabi/12.3.1/../../../../arm-none-eabi/lib/thumb/v7e-m+fp/hard\libc_nano.a(libc_a-mlock.o)
                0x0800b5fc                __malloc_unlock
 .text.memset   0x0800b608       0x10 C:/ST/STM32CubeIDE_1.17.0/STM32CubeIDE/plugins/com.st.stm32cube.ide.mcu.externaltools.gnu-tools-for-stm32.12.3.rel1.win32_1.1.0.202410251130/tools/bin/../lib/gcc/arm-none-eabi/12.3.1/../../../../arm-none-eabi/lib/thumb/v7e-m+fp/hard\libc_nano.a(libc_a-memset.o)
                0x0800b608                memset
 .text._raise_r
                0x0800b618       0x50 C:/ST/STM32CubeIDE_1.17.0/STM32CubeIDE/plugins/com.st.stm32cube.ide.mcu.externaltools.gnu-tools-for-stm32.12.3.rel1.win32_1.1.0.202410251130/tools/bin/../lib/gcc/arm-none-eabi/12.3.1/../../../../arm-none-eabi/lib/thumb/v7e-m+fp/hard\libc_nano.a(libc_a-signal.o)
                0x0800b618                _raise_r
 .text.raise    0x0800b668       0x10 C:/ST/STM32CubeIDE_1.17.0/STM32CubeIDE/plugins/com.st.stm32cube.ide.mcu.externaltools.gnu-tools-for-stm32.12.3.rel1.win32_1.1.0.202410251130/tools/bin/../lib/gcc/arm-none-eabi/12.3.1/../../../../arm-none-eabi/lib/thumb/v7e-m+fp/hard\libc_nano.a(libc_a-signal.o)
                0x0800b668                raise
 .text._kill_r  0x0800b678       0x24 C:/ST/STM32CubeIDE_1.17.0/STM32CubeIDE/plugins/com.st.stm32cube.ide.mcu.externaltools.gnu-tools-for-stm32.12.3.rel1.win32_1.1.0.202410251130/tools/bin/../lib/gcc/arm-none-eabi/12.3.1/../../../../arm-none-eabi/lib/thumb/v7e-m+fp/hard\libc_nano.a(libc_a-signalr.o)
                0x0800b678                _kill_r
 .text._getpid_r
                0x0800b69c        0x4 C:/ST/STM32CubeIDE_1.17.0/STM32CubeIDE/plugins/com.st.stm32cube.ide.mcu.externaltools.gnu-tools-for-stm32.12.3.rel1.win32_1.1.0.202410251130/tools/bin/../lib/gcc/arm-none-eabi/12.3.1/../../../../arm-none-eabi/lib/thumb/v7e-m+fp/hard\libc_nano.a(libc_a-signalr.o)
                0x0800b69c                _getpid_r
 .text._sbrk_r  0x0800b6a0       0x20 C:/ST/STM32CubeIDE_1.17.0/STM32CubeIDE/plugins/com.st.stm32cube.ide.mcu.externaltools.gnu-tools-for-stm32.12.3.rel1.win32_1.1.0.202410251130/tools/bin/../lib/gcc/arm-none-eabi/12.3.1/../../../../arm-none-eabi/lib/thumb/v7e-m+fp/hard\libc_nano.a(libc_a-sbrkr.o)
                0x0800b6a0                _sbrk_r
 .text.__errno  0x0800b6c0        0xc C:/ST/STM32CubeIDE_1.17.0/STM32CubeIDE/plugins/com.st.stm32cube.ide.mcu.externaltools.gnu-tools-for-stm32.12.3.rel1.win32_1.1.0.202410251130/tools/bin/../lib/gcc/arm-none-eabi/12.3.1/../../../../arm-none-eabi/lib/thumb/v7e-m+fp/hard\libc_nano.a(libc_a-errno.o)
                0x0800b6c0                __errno
 .text.__libc_init_array
                0x0800b6cc       0x48 C:/ST/STM32CubeIDE_1.17.0/STM32CubeIDE/plugins/com.st.stm32cube.ide.mcu.externaltools.gnu-tools-for-stm32.12.3.rel1.win32_1.1.0.202410251130/tools/bin/../lib/gcc/arm-none-eabi/12.3.1/../../../../arm-none-eabi/lib/thumb/v7e-m+fp/hard\libc_nano.a(libc_a-init.o)
                0x0800b6cc                __libc_init_array
 .text.__retarget_lock_acquire_recursive
                0x0800b714        0x2 C:/ST/STM32CubeIDE_1.17.0/STM32CubeIDE/plugins/com.st.stm32cube.ide.mcu.externaltools.gnu-tools-for-stm32.12.3.rel1.win32_1.1.0.202410251130/tools/bin/../lib/gcc/arm-none-eabi/12.3.1/../../../../arm-none-eabi/lib/thumb/v7e-m+fp/hard\libc_nano.a(libc_a-lock.o)
                0x0800b714                __retarget_lock_acquire_recursive
 .text.__retarget_lock_release_recursive
                0x0800b716        0x2 C:/ST/STM32CubeIDE_1.17.0/STM32CubeIDE/plugins/com.st.stm32cube.ide.mcu.externaltools.gnu-tools-for-stm32.12.3.rel1.win32_1.1.0.202410251130/tools/bin/../lib/gcc/arm-none-eabi/12.3.1/../../../../arm-none-eabi/lib/thumb/v7e-m+fp/hard\libc_nano.a(libc_a-lock.o)
                0x0800b716                __retarget_lock_release_recursive
 .text.memcpy   0x0800b718       0x1c C:/ST/STM32CubeIDE_1.17.0/STM32CubeIDE/plugins/com.st.stm32cube.ide.mcu.externaltools.gnu-tools-for-stm32.12.3.rel1.win32_1.1.0.202410251130/tools/bin/../lib/gcc/arm-none-eabi/12.3.1/../../../../arm-none-eabi/lib/thumb/v7e-m+fp/hard\libc_nano.a(libc_a-memcpy-stub.o)
                0x0800b718                memcpy
 *(.glue_7)
 .glue_7        0x0800b734        0x0 linker stubs
 *(.glue_7t)
 .glue_7t       0x0800b734        0x0 linker stubs
 *(.eh_frame)
 .eh_frame      0x0800b734        0x0 C:/ST/STM32CubeIDE_1.17.0/STM32CubeIDE/plugins/com.st.stm32cube.ide.mcu.externaltools.gnu-tools-for-stm32.12.3.rel1.win32_1.1.0.202410251130/tools/bin/../lib/gcc/arm-none-eabi/12.3.1/thumb/v7e-m+fp/hard/crtbegin.o
 *(.init)
 .init          0x0800b734        0x4 C:/ST/STM32CubeIDE_1.17.0/STM32CubeIDE/plugins/com.st.stm32cube.ide.mcu.externaltools.gnu-tools-for-stm32.12.3.rel1.win32_1.1.0.202410251130/tools/bin/../lib/gcc/arm-none-eabi/12.3.1/thumb/v7e-m+fp/hard/crti.o
                0x0800b734                _init
 .init          0x0800b738        0x8 C:/ST/STM32CubeIDE_1.17.0/STM32CubeIDE/plugins/com.st.stm32cube.ide.mcu.externaltools.gnu-tools-for-stm32.12.3.rel1.win32_1.1.0.202410251130/tools/bin/../lib/gcc/arm-none-eabi/12.3.1/thumb/v7e-m+fp/hard/crtn.o
 *(.fini)
 .fini          0x0800b740        0x4 C:/ST/STM32CubeIDE_1.17.0/STM32CubeIDE/plugins/com.st.stm32cube.ide.mcu.externaltools.gnu-tools-for-stm32.12.3.rel1.win32_1.1.0.202410251130/tools/bin/../lib/gcc/arm-none-eabi/12.3.1/thumb/v7e-m+fp/hard/crti.o
                0x0800b740                _fini
 .fini          0x0800b744        0x8 C:/ST/STM32CubeIDE_1.17.0/STM32CubeIDE/plugins/com.st.stm32cube.ide.mcu.externaltools.gnu-tools-for-stm32.12.3.rel1.win32_1.1.0.202410251130/tools/bin/../lib/gcc/arm-none-eabi/12.3.1/thumb/v7e-m+fp/hard/crtn.o
                0x0800b74c                        . = ALIGN (0x4)
                0x0800b74c                        _etext = .

.vfp11_veneer   0x0800b74c        0x0
 .vfp11_veneer  0x0800b74c        0x0 linker stubs

.v4_bx          0x0800b74c        0x0
 .v4_bx         0x0800b74c        0x0 linker stubs

.iplt           0x0800b74c        0x0
 .iplt          0x0800b74c        0x0 C:/ST/STM32CubeIDE_1.17.0/STM32CubeIDE/plugins/com.st.stm32cube.ide.mcu.externaltools.gnu-tools-for-stm32.12.3.rel1.win32_1.1.0.202410251130/tools/bin/../lib/gcc/arm-none-eabi/12.3.1/thumb/v7e-m+fp/hard/crtbegin.o

.rodata         0x0800b74c      0x190
                0x0800b74c                        . = ALIGN (0x4)
 *(.rodata)
 .rodata        0x0800b74c       0x6a ./Core/Src/freertos.o
 *fill*         0x0800b7b6        0x2 
 .rodata        0x0800b7b8        0x5 ./Middlewares/Third_Party/FreeRTOS/Source/tasks.o
 *fill*         0x0800b7bd        0x3 
 .rodata        0x0800b7c0        0xd ./Middlewares/Third_Party/FreeRTOS/Source/timers.o
 *(.rodata*)
 *fill*         0x0800b7cd        0x3 
 .rodata.Sensor_Task_attributes
                0x0800b7d0       0x24 ./Core/Src/freertos.o
                0x0800b7d0                Sensor_Task_attributes
 .rodata.TaskHmi_attributes
                0x0800b7f4       0x24 ./Core/Src/freertos.o
                0x0800b7f4                TaskHmi_attributes
 .rodata.Task_DMA_HMI_attributes
                0x0800b818       0x24 ./Core/Src/freertos.o
                0x0800b818                Task_DMA_HMI_attributes
 .rodata.Task_controlmot_attributes
                0x0800b83c       0x24 ./Core/Src/freertos.o
                0x0800b83c                Task_controlmot_attributes
 .rodata.Task_Dwin_get_t_attributes
                0x0800b860       0x24 ./Core/Src/freertos.o
                0x0800b860                Task_Dwin_get_t_attributes
 .rodata.Queue_DWIN_attributes
                0x0800b884       0x18 ./Core/Src/freertos.o
                0x0800b884                Queue_DWIN_attributes
 .rodata.Seme_Tx_dwin_attributes
                0x0800b89c       0x10 ./Core/Src/freertos.o
                0x0800b89c                Seme_Tx_dwin_attributes
 .rodata.Theta_xyz_attributes
                0x0800b8ac       0x10 ./Core/Src/freertos.o
                0x0800b8ac                Theta_xyz_attributes
 .rodata.AHBPrescTable
                0x0800b8bc       0x10 ./Core/Src/system_stm32f4xx.o
                0x0800b8bc                AHBPrescTable
 .rodata.APBPrescTable
                0x0800b8cc        0x8 ./Core/Src/system_stm32f4xx.o
                0x0800b8cc                APBPrescTable
 .rodata.flagBitshiftOffset.0
                0x0800b8d4        0x8 ./Drivers/STM32F4xx_HAL_Driver/Src/stm32f4xx_hal_dma.o
                0x0800b8dc                        . = ALIGN (0x4)

.ARM.extab      0x0800b8dc        0x0
                0x0800b8dc                        . = ALIGN (0x4)
 *(.ARM.extab* .gnu.linkonce.armextab.*)
                0x0800b8dc                        . = ALIGN (0x4)

.ARM            0x0800b8dc        0x8
                0x0800b8dc                        . = ALIGN (0x4)
                0x0800b8dc                        __exidx_start = .
 *(.ARM.exidx*)
 .ARM.exidx     0x0800b8dc        0x8 C:/ST/STM32CubeIDE_1.17.0/STM32CubeIDE/plugins/com.st.stm32cube.ide.mcu.externaltools.gnu-tools-for-stm32.12.3.rel1.win32_1.1.0.202410251130/tools/bin/../lib/gcc/arm-none-eabi/12.3.1/thumb/v7e-m+fp/hard\libgcc.a(_udivmoddi4.o)
                0x0800b8e4                        __exidx_end = .
                0x0800b8e4                        . = ALIGN (0x4)

.preinit_array  0x0800b8e4        0x0
                0x0800b8e4                        . = ALIGN (0x4)
                0x0800b8e4                        PROVIDE (__preinit_array_start = .)
 *(.preinit_array*)
                0x0800b8e4                        PROVIDE (__preinit_array_end = .)
                0x0800b8e4                        . = ALIGN (0x4)

.init_array     0x0800b8e4        0x4
                0x0800b8e4                        . = ALIGN (0x4)
                0x0800b8e4                        PROVIDE (__init_array_start = .)
 *(SORT_BY_NAME(.init_array.*))
 *(.init_array*)
 .init_array    0x0800b8e4        0x4 C:/ST/STM32CubeIDE_1.17.0/STM32CubeIDE/plugins/com.st.stm32cube.ide.mcu.externaltools.gnu-tools-for-stm32.12.3.rel1.win32_1.1.0.202410251130/tools/bin/../lib/gcc/arm-none-eabi/12.3.1/thumb/v7e-m+fp/hard/crtbegin.o
                0x0800b8e8                        PROVIDE (__init_array_end = .)
                0x0800b8e8                        . = ALIGN (0x4)

.fini_array     0x0800b8e8        0x4
                0x0800b8e8                        . = ALIGN (0x4)
                [!provide]                        PROVIDE (__fini_array_start = .)
 *(SORT_BY_NAME(.fini_array.*))
 *(.fini_array*)
 .fini_array    0x0800b8e8        0x4 C:/ST/STM32CubeIDE_1.17.0/STM32CubeIDE/plugins/com.st.stm32cube.ide.mcu.externaltools.gnu-tools-for-stm32.12.3.rel1.win32_1.1.0.202410251130/tools/bin/../lib/gcc/arm-none-eabi/12.3.1/thumb/v7e-m+fp/hard/crtbegin.o
                [!provide]                        PROVIDE (__fini_array_end = .)
                0x0800b8ec                        . = ALIGN (0x4)
                0x0800b8ec                        _sidata = LOADADDR (.data)

.rel.dyn        0x0800b8ec        0x0
 .rel.iplt      0x0800b8ec        0x0 C:/ST/STM32CubeIDE_1.17.0/STM32CubeIDE/plugins/com.st.stm32cube.ide.mcu.externaltools.gnu-tools-for-stm32.12.3.rel1.win32_1.1.0.202410251130/tools/bin/../lib/gcc/arm-none-eabi/12.3.1/thumb/v7e-m+fp/hard/crtbegin.o

.data           0x20000000      0x1b8 load address 0x0800b8ec
                0x20000000                        . = ALIGN (0x4)
                0x20000000                        _sdata = .
 *(.data)
 *(.data*)
 .data.SystemCoreClock
                0x20000000        0x4 ./Core/Src/system_stm32f4xx.o
                0x20000000                SystemCoreClock
 .data.uwTickPrio
                0x20000004        0x4 ./Drivers/STM32F4xx_HAL_Driver/Src/stm32f4xx_hal.o
                0x20000004                uwTickPrio
 .data.uwTickFreq
                0x20000008        0x1 ./Drivers/STM32F4xx_HAL_Driver/Src/stm32f4xx_hal.o
                0x20000008                uwTickFreq
 *fill*         0x20000009        0x3 
 .data.thetaTable
                0x2000000c      0x128 ./Libraries/Robot_Mapping_xyz/Robot_xyz.o
                0x2000000c                thetaTable
 .data.SetHomeArr
                0x20000134       0x30 ./Libraries/Set_home/Sethome.o
                0x20000134                SetHomeArr
 .data.uxCriticalNesting
                0x20000164        0x4 ./Middlewares/Third_Party/FreeRTOS/Source/portable/GCC/ARM_CM4F/port.o
 .data._impure_ptr
                0x20000168        0x4 C:/ST/STM32CubeIDE_1.17.0/STM32CubeIDE/plugins/com.st.stm32cube.ide.mcu.externaltools.gnu-tools-for-stm32.12.3.rel1.win32_1.1.0.202410251130/tools/bin/../lib/gcc/arm-none-eabi/12.3.1/../../../../arm-none-eabi/lib/thumb/v7e-m+fp/hard\libc_nano.a(libc_a-impure.o)
                0x20000168                _impure_ptr
 .data._impure_data
                0x2000016c       0x4c C:/ST/STM32CubeIDE_1.17.0/STM32CubeIDE/plugins/com.st.stm32cube.ide.mcu.externaltools.gnu-tools-for-stm32.12.3.rel1.win32_1.1.0.202410251130/tools/bin/../lib/gcc/arm-none-eabi/12.3.1/../../../../arm-none-eabi/lib/thumb/v7e-m+fp/hard\libc_nano.a(libc_a-impure.o)
                0x2000016c                _impure_data
 *(.RamFunc)
 *(.RamFunc*)
                0x200001b8                        . = ALIGN (0x4)
                0x200001b8                        _edata = .
                0x0800baa4                        _siccmram = LOADADDR (.ccmram)

.igot.plt       0x200001b8        0x0 load address 0x0800baa4
 .igot.plt      0x200001b8        0x0 C:/ST/STM32CubeIDE_1.17.0/STM32CubeIDE/plugins/com.st.stm32cube.ide.mcu.externaltools.gnu-tools-for-stm32.12.3.rel1.win32_1.1.0.202410251130/tools/bin/../lib/gcc/arm-none-eabi/12.3.1/thumb/v7e-m+fp/hard/crtbegin.o

.ccmram         0x10000000        0x0 load address 0x0800baa4
                0x10000000                        . = ALIGN (0x4)
                0x10000000                        _sccmram = .
 *(.ccmram)
 *(.ccmram*)
                0x10000000                        . = ALIGN (0x4)
                0x10000000                        _eccmram = .
                0x10000000                        . = ALIGN (0x4)

.bss            0x200001b8     0x4f84
                0x200001b8                        _sbss = .
                0x200001b8                        __bss_start__ = _sbss
 *(.bss)
 .bss           0x200001b8       0x1c C:/ST/STM32CubeIDE_1.17.0/STM32CubeIDE/plugins/com.st.stm32cube.ide.mcu.externaltools.gnu-tools-for-stm32.12.3.rel1.win32_1.1.0.202410251130/tools/bin/../lib/gcc/arm-none-eabi/12.3.1/thumb/v7e-m+fp/hard/crtbegin.o
 *(.bss*)
 .bss._Robot_state
                0x200001d4        0x1 ./Core/Src/alt_main.o
                0x200001d4                _Robot_state
 *fill*         0x200001d5        0x3 
 .bss.Angle_4_theta
                0x200001d8        0x4 ./Core/Src/alt_main.o
                0x200001d8                Angle_4_theta
 .bss.data      0x200001dc       0x40 ./Core/Src/alt_main.o
                0x200001dc                data
 .bss._Dwin     0x2000021c        0x4 ./Core/Src/alt_main.o
                0x2000021c                _Dwin
 .bss._STEP1    0x20000220        0x4 ./Core/Src/alt_main.o
                0x20000220                _STEP1
 .bss._STEP2    0x20000224        0x4 ./Core/Src/alt_main.o
                0x20000224                _STEP2
 .bss._STEP3    0x20000228        0x4 ./Core/Src/alt_main.o
                0x20000228                _STEP3
 .bss.Set_dir_sethome
                0x2000022c        0x1 ./Core/Src/alt_main.o
                0x2000022c                Set_dir_sethome
 *fill*         0x2000022d        0x3 
 .bss.pos_dbg   0x20000230       0x40 ./Core/Src/alt_main.o
                0x20000230                pos_dbg
 .bss.data_i2c1
                0x20000270        0x2 ./Core/Src/alt_main.o
                0x20000270                data_i2c1
 *fill*         0x20000272        0x2 
 .bss.data_i2c2
                0x20000274        0x2 ./Core/Src/alt_main.o
                0x20000274                data_i2c2
 *fill*         0x20000276        0x2 
 .bss.data_i2c3
                0x20000278        0x2 ./Core/Src/alt_main.o
                0x20000278                data_i2c3
 *fill*         0x2000027a        0x2 
 .bss.yyy       0x2000027c        0x6 ./Core/Src/alt_main.o
                0x2000027c                yyy
 .bss.yui       0x20000282        0x2 ./Core/Src/alt_main.o
                0x20000282                yui
 .bss.theta     0x20000284        0x8 ./Core/Src/alt_main.o
                0x20000284                theta
 .bss.Flag_cho_set_home
                0x2000028c        0x1 ./Core/Src/alt_main.o
                0x2000028c                Flag_cho_set_home
 *fill*         0x2000028d        0x3 
 .bss.mang1     0x20000290       0x28 ./Core/Src/alt_main.o
                0x20000290                mang1
 .bss.mang2     0x200002b8       0x28 ./Core/Src/alt_main.o
                0x200002b8                mang2
 .bss.mang3     0x200002e0       0x28 ./Core/Src/alt_main.o
                0x200002e0                mang3
 .bss.Sensor_TaskHandle
                0x20000308        0x4 ./Core/Src/freertos.o
                0x20000308                Sensor_TaskHandle
 .bss.TaskHmiHandle
                0x2000030c        0x4 ./Core/Src/freertos.o
                0x2000030c                TaskHmiHandle
 .bss.Task_DMA_HMIHandle
                0x20000310        0x4 ./Core/Src/freertos.o
                0x20000310                Task_DMA_HMIHandle
 .bss.Task_controlmotHandle
                0x20000314        0x4 ./Core/Src/freertos.o
                0x20000314                Task_controlmotHandle
 .bss.Task_Dwin_get_tHandle
                0x20000318        0x4 ./Core/Src/freertos.o
                0x20000318                Task_Dwin_get_tHandle
 .bss.Queue_DWINHandle
                0x2000031c        0x4 ./Core/Src/freertos.o
                0x2000031c                Queue_DWINHandle
 .bss.Seme_Tx_dwinHandle
                0x20000320        0x4 ./Core/Src/freertos.o
                0x20000320                Seme_Tx_dwinHandle
 .bss.Theta_xyzHandle
                0x20000324        0x4 ./Core/Src/freertos.o
                0x20000324                Theta_xyzHandle
 .bss.hi2c1     0x20000328       0x54 ./Core/Src/i2c.o
                0x20000328                hi2c1
 .bss.hi2c2     0x2000037c       0x54 ./Core/Src/i2c.o
                0x2000037c                hi2c2
 .bss.hi2c3     0x200003d0       0x54 ./Core/Src/i2c.o
                0x200003d0                hi2c3
 .bss.htim7     0x20000424       0x48 ./Core/Src/stm32f4xx_hal_timebase_tim.o
                0x20000424                htim7
 .bss.__sbrk_heap_end
                0x2000046c        0x4 ./Core/Src/sysmem.o
 .bss.htim2     0x20000470       0x48 ./Core/Src/tim.o
                0x20000470                htim2
 .bss.htim3     0x200004b8       0x48 ./Core/Src/tim.o
                0x200004b8                htim3
 .bss.htim4     0x20000500       0x48 ./Core/Src/tim.o
                0x20000500                htim4
 .bss.huart2    0x20000548       0x48 ./Core/Src/usart.o
                0x20000548                huart2
 .bss.huart3    0x20000590       0x48 ./Core/Src/usart.o
                0x20000590                huart3
 .bss.hdma_usart3_rx
                0x200005d8       0x60 ./Core/Src/usart.o
                0x200005d8                hdma_usart3_rx
 .bss.hdma_usart3_tx
                0x20000638       0x60 ./Core/Src/usart.o
                0x20000638                hdma_usart3_tx
 .bss.uwTick    0x20000698        0x4 ./Drivers/STM32F4xx_HAL_Driver/Src/stm32f4xx_hal.o
                0x20000698                uwTick
 .bss._Flag     0x2000069c        0x1 ./Libraries/Set_home/Sethome.o
                0x2000069c                _Flag
 *fill*         0x2000069d        0x3 
 .bss.KernelState
                0x200006a0        0x4 ./Middlewares/Third_Party/FreeRTOS/Source/CMSIS_RTOS_V2/cmsis_os2.o
 .bss.Idle_TCB.3
                0x200006a4       0x5c ./Middlewares/Third_Party/FreeRTOS/Source/CMSIS_RTOS_V2/cmsis_os2.o
 .bss.Idle_Stack.2
                0x20000700      0x200 ./Middlewares/Third_Party/FreeRTOS/Source/CMSIS_RTOS_V2/cmsis_os2.o
 .bss.Timer_TCB.1
                0x20000900       0x5c ./Middlewares/Third_Party/FreeRTOS/Source/CMSIS_RTOS_V2/cmsis_os2.o
 .bss.Timer_Stack.0
                0x2000095c      0x400 ./Middlewares/Third_Party/FreeRTOS/Source/CMSIS_RTOS_V2/cmsis_os2.o
 .bss.xQueueRegistry
                0x20000d5c       0x40 ./Middlewares/Third_Party/FreeRTOS/Source/queue.o
                0x20000d5c                xQueueRegistry
 .bss.pxCurrentTCB
                0x20000d9c        0x4 ./Middlewares/Third_Party/FreeRTOS/Source/tasks.o
                0x20000d9c                pxCurrentTCB
 .bss.pxReadyTasksLists
                0x20000da0      0x460 ./Middlewares/Third_Party/FreeRTOS/Source/tasks.o
 .bss.xDelayedTaskList1
                0x20001200       0x14 ./Middlewares/Third_Party/FreeRTOS/Source/tasks.o
 .bss.xDelayedTaskList2
                0x20001214       0x14 ./Middlewares/Third_Party/FreeRTOS/Source/tasks.o
 .bss.pxDelayedTaskList
                0x20001228        0x4 ./Middlewares/Third_Party/FreeRTOS/Source/tasks.o
 .bss.pxOverflowDelayedTaskList
                0x2000122c        0x4 ./Middlewares/Third_Party/FreeRTOS/Source/tasks.o
 .bss.xPendingReadyList
                0x20001230       0x14 ./Middlewares/Third_Party/FreeRTOS/Source/tasks.o
 .bss.xTasksWaitingTermination
                0x20001244       0x14 ./Middlewares/Third_Party/FreeRTOS/Source/tasks.o
 .bss.uxDeletedTasksWaitingCleanUp
                0x20001258        0x4 ./Middlewares/Third_Party/FreeRTOS/Source/tasks.o
 .bss.xSuspendedTaskList
                0x2000125c       0x14 ./Middlewares/Third_Party/FreeRTOS/Source/tasks.o
 .bss.uxCurrentNumberOfTasks
                0x20001270        0x4 ./Middlewares/Third_Party/FreeRTOS/Source/tasks.o
 .bss.xTickCount
                0x20001274        0x4 ./Middlewares/Third_Party/FreeRTOS/Source/tasks.o
 .bss.uxTopReadyPriority
                0x20001278        0x4 ./Middlewares/Third_Party/FreeRTOS/Source/tasks.o
 .bss.xSchedulerRunning
                0x2000127c        0x4 ./Middlewares/Third_Party/FreeRTOS/Source/tasks.o
 .bss.xPendedTicks
                0x20001280        0x4 ./Middlewares/Third_Party/FreeRTOS/Source/tasks.o
 .bss.xYieldPending
                0x20001284        0x4 ./Middlewares/Third_Party/FreeRTOS/Source/tasks.o
 .bss.xNumOfOverflows
                0x20001288        0x4 ./Middlewares/Third_Party/FreeRTOS/Source/tasks.o
 .bss.uxTaskNumber
                0x2000128c        0x4 ./Middlewares/Third_Party/FreeRTOS/Source/tasks.o
 .bss.xNextTaskUnblockTime
                0x20001290        0x4 ./Middlewares/Third_Party/FreeRTOS/Source/tasks.o
 .bss.xIdleTaskHandle
                0x20001294        0x4 ./Middlewares/Third_Party/FreeRTOS/Source/tasks.o
 .bss.uxSchedulerSuspended
                0x20001298        0x4 ./Middlewares/Third_Party/FreeRTOS/Source/tasks.o
 .bss.xActiveTimerList1
                0x2000129c       0x14 ./Middlewares/Third_Party/FreeRTOS/Source/timers.o
 .bss.xActiveTimerList2
                0x200012b0       0x14 ./Middlewares/Third_Party/FreeRTOS/Source/timers.o
 .bss.pxCurrentTimerList
                0x200012c4        0x4 ./Middlewares/Third_Party/FreeRTOS/Source/timers.o
 .bss.pxOverflowTimerList
                0x200012c8        0x4 ./Middlewares/Third_Party/FreeRTOS/Source/timers.o
 .bss.xTimerQueue
                0x200012cc        0x4 ./Middlewares/Third_Party/FreeRTOS/Source/timers.o
 .bss.xTimerTaskHandle
                0x200012d0        0x4 ./Middlewares/Third_Party/FreeRTOS/Source/timers.o
 .bss.xLastTime.2
                0x200012d4        0x4 ./Middlewares/Third_Party/FreeRTOS/Source/timers.o
 .bss.ucStaticTimerQueueStorage.1
                0x200012d8       0xa0 ./Middlewares/Third_Party/FreeRTOS/Source/timers.o
 .bss.xStaticTimerQueue.0
                0x20001378       0x50 ./Middlewares/Third_Party/FreeRTOS/Source/timers.o
 .bss.ucMaxSysCallPriority
                0x200013c8        0x1 ./Middlewares/Third_Party/FreeRTOS/Source/portable/GCC/ARM_CM4F/port.o
 *fill*         0x200013c9        0x3 
 .bss.ulMaxPRIGROUPValue
                0x200013cc        0x4 ./Middlewares/Third_Party/FreeRTOS/Source/portable/GCC/ARM_CM4F/port.o
 .bss.ucHeap    0x200013d0     0x3c00 ./Middlewares/Third_Party/FreeRTOS/Source/portable/MemMang/heap_4.o
 .bss.xStart    0x20004fd0        0x8 ./Middlewares/Third_Party/FreeRTOS/Source/portable/MemMang/heap_4.o
 .bss.pxEnd     0x20004fd8        0x4 ./Middlewares/Third_Party/FreeRTOS/Source/portable/MemMang/heap_4.o
 .bss.xFreeBytesRemaining
                0x20004fdc        0x4 ./Middlewares/Third_Party/FreeRTOS/Source/portable/MemMang/heap_4.o
 .bss.xMinimumEverFreeBytesRemaining
                0x20004fe0        0x4 ./Middlewares/Third_Party/FreeRTOS/Source/portable/MemMang/heap_4.o
 .bss.xNumberOfSuccessfulAllocations
                0x20004fe4        0x4 ./Middlewares/Third_Party/FreeRTOS/Source/portable/MemMang/heap_4.o
 .bss.xNumberOfSuccessfulFrees
                0x20004fe8        0x4 ./Middlewares/Third_Party/FreeRTOS/Source/portable/MemMang/heap_4.o
 .bss.xBlockAllocatedBit
                0x20004fec        0x4 ./Middlewares/Third_Party/FreeRTOS/Source/portable/MemMang/heap_4.o
 .bss._ZN12_GLOBAL__N_113__new_handlerE
                0x20004ff0        0x4 C:/ST/STM32CubeIDE_1.17.0/STM32CubeIDE/plugins/com.st.stm32cube.ide.mcu.externaltools.gnu-tools-for-stm32.12.3.rel1.win32_1.1.0.202410251130/tools/bin/../lib/gcc/arm-none-eabi/12.3.1/../../../../arm-none-eabi/lib/thumb/v7e-m+fp/hard\libstdc++_nano.a(new_handler.o)
 .bss.__malloc_sbrk_start
                0x20004ff4        0x4 C:/ST/STM32CubeIDE_1.17.0/STM32CubeIDE/plugins/com.st.stm32cube.ide.mcu.externaltools.gnu-tools-for-stm32.12.3.rel1.win32_1.1.0.202410251130/tools/bin/../lib/gcc/arm-none-eabi/12.3.1/../../../../arm-none-eabi/lib/thumb/v7e-m+fp/hard\libc_nano.a(libc_a-mallocr.o)
                0x20004ff4                __malloc_sbrk_start
 .bss.__malloc_free_list
                0x20004ff8        0x4 C:/ST/STM32CubeIDE_1.17.0/STM32CubeIDE/plugins/com.st.stm32cube.ide.mcu.externaltools.gnu-tools-for-stm32.12.3.rel1.win32_1.1.0.202410251130/tools/bin/../lib/gcc/arm-none-eabi/12.3.1/../../../../arm-none-eabi/lib/thumb/v7e-m+fp/hard\libc_nano.a(libc_a-mallocr.o)
                0x20004ff8                __malloc_free_list
 .bss.__sf      0x20004ffc      0x138 C:/ST/STM32CubeIDE_1.17.0/STM32CubeIDE/plugins/com.st.stm32cube.ide.mcu.externaltools.gnu-tools-for-stm32.12.3.rel1.win32_1.1.0.202410251130/tools/bin/../lib/gcc/arm-none-eabi/12.3.1/../../../../arm-none-eabi/lib/thumb/v7e-m+fp/hard\libc_nano.a(libc_a-findfp.o)
                0x20004ffc                __sf
 .bss.errno     0x20005134        0x4 C:/ST/STM32CubeIDE_1.17.0/STM32CubeIDE/plugins/com.st.stm32cube.ide.mcu.externaltools.gnu-tools-for-stm32.12.3.rel1.win32_1.1.0.202410251130/tools/bin/../lib/gcc/arm-none-eabi/12.3.1/../../../../arm-none-eabi/lib/thumb/v7e-m+fp/hard\libc_nano.a(libc_a-reent.o)
                0x20005134                errno
 .bss.__lock___malloc_recursive_mutex
                0x20005138        0x1 C:/ST/STM32CubeIDE_1.17.0/STM32CubeIDE/plugins/com.st.stm32cube.ide.mcu.externaltools.gnu-tools-for-stm32.12.3.rel1.win32_1.1.0.202410251130/tools/bin/../lib/gcc/arm-none-eabi/12.3.1/../../../../arm-none-eabi/lib/thumb/v7e-m+fp/hard\libc_nano.a(libc_a-lock.o)
                0x20005138                __lock___malloc_recursive_mutex
 *(COMMON)
                0x2000513c                        . = ALIGN (0x4)
 *fill*         0x20005139        0x3 
                0x2000513c                        _ebss = .
                0x2000513c                        __bss_end__ = _ebss

._user_heap_stack
                0x2000513c      0x604
                0x20005140                        . = ALIGN (0x8)
 *fill*         0x2000513c        0x4 
                [!provide]                        PROVIDE (end = .)
                0x20005140                        PROVIDE (_end = .)
                0x20005340                        . = (. + _Min_Heap_Size)
 *fill*         0x20005140      0x200 
                0x20005740                        . = (. + _Min_Stack_Size)
 *fill*         0x20005340      0x400 
                0x20005740                        . = ALIGN (0x8)

/DISCARD/
 libc.a(*)
 libm.a(*)
 libgcc.a(*)

.ARM.attributes
                0x00000000       0x30
 *(.ARM.attributes)
 .ARM.attributes
                0x00000000       0x22 C:/ST/STM32CubeIDE_1.17.0/STM32CubeIDE/plugins/com.st.stm32cube.ide.mcu.externaltools.gnu-tools-for-stm32.12.3.rel1.win32_1.1.0.202410251130/tools/bin/../lib/gcc/arm-none-eabi/12.3.1/thumb/v7e-m+fp/hard/crti.o
 .ARM.attributes
                0x00000022       0x34 C:/ST/STM32CubeIDE_1.17.0/STM32CubeIDE/plugins/com.st.stm32cube.ide.mcu.externaltools.gnu-tools-for-stm32.12.3.rel1.win32_1.1.0.202410251130/tools/bin/../lib/gcc/arm-none-eabi/12.3.1/thumb/v7e-m+fp/hard/crtbegin.o
 .ARM.attributes
                0x00000056       0x34 ./Core/Src/alt_main.o
 .ARM.attributes
                0x0000008a       0x34 ./Core/Src/dma.o
 .ARM.attributes
                0x000000be       0x34 ./Core/Src/freertos.o
 .ARM.attributes
                0x000000f2       0x34 ./Core/Src/gpio.o
 .ARM.attributes
                0x00000126       0x34 ./Core/Src/i2c.o
 .ARM.attributes
                0x0000015a       0x34 ./Core/Src/main.o
 .ARM.attributes
                0x0000018e       0x34 ./Core/Src/stm32f4xx_hal_msp.o
 .ARM.attributes
                0x000001c2       0x34 ./Core/Src/stm32f4xx_hal_timebase_tim.o
 .ARM.attributes
                0x000001f6       0x34 ./Core/Src/stm32f4xx_it.o
 .ARM.attributes
                0x0000022a       0x34 ./Core/Src/syscalls.o
 .ARM.attributes
                0x0000025e       0x34 ./Core/Src/sysmem.o
 .ARM.attributes
                0x00000292       0x34 ./Core/Src/system_stm32f4xx.o
 .ARM.attributes
                0x000002c6       0x34 ./Core/Src/tim.o
 .ARM.attributes
                0x000002fa       0x34 ./Core/Src/usart.o
 .ARM.attributes
                0x0000032e       0x21 ./Core/Startup/startup_stm32f407vetx.o
 .ARM.attributes
                0x0000034f       0x34 ./Drivers/STM32F4xx_HAL_Driver/Src/stm32f4xx_hal.o
 .ARM.attributes
                0x00000383       0x34 ./Drivers/STM32F4xx_HAL_Driver/Src/stm32f4xx_hal_cortex.o
 .ARM.attributes
                0x000003b7       0x34 ./Drivers/STM32F4xx_HAL_Driver/Src/stm32f4xx_hal_dma.o
 .ARM.attributes
                0x000003eb       0x34 ./Drivers/STM32F4xx_HAL_Driver/Src/stm32f4xx_hal_gpio.o
 .ARM.attributes
                0x0000041f       0x34 ./Drivers/STM32F4xx_HAL_Driver/Src/stm32f4xx_hal_i2c.o
 .ARM.attributes
                0x00000453       0x34 ./Drivers/STM32F4xx_HAL_Driver/Src/stm32f4xx_hal_rcc.o
 .ARM.attributes
                0x00000487       0x34 ./Drivers/STM32F4xx_HAL_Driver/Src/stm32f4xx_hal_tim.o
 .ARM.attributes
                0x000004bb       0x34 ./Drivers/STM32F4xx_HAL_Driver/Src/stm32f4xx_hal_tim_ex.o
 .ARM.attributes
                0x000004ef       0x34 ./Drivers/STM32F4xx_HAL_Driver/Src/stm32f4xx_hal_uart.o
 .ARM.attributes
                0x00000523       0x34 ./Libraries/DWIN/Dwin.o
 .ARM.attributes
                0x00000557       0x34 ./Libraries/Robot_Mapping_xyz/Robot_xyz.o
 .ARM.attributes
                0x0000058b       0x34 ./Libraries/STEP_MOTOR/STEP.o
 .ARM.attributes
                0x000005bf       0x34 ./Libraries/Set_home/Sethome.o
 .ARM.attributes
                0x000005f3       0x34 ./Middlewares/Third_Party/FreeRTOS/Source/CMSIS_RTOS_V2/cmsis_os2.o
 .ARM.attributes
                0x00000627       0x34 ./Middlewares/Third_Party/FreeRTOS/Source/list.o
 .ARM.attributes
                0x0000065b       0x34 ./Middlewares/Third_Party/FreeRTOS/Source/queue.o
 .ARM.attributes
                0x0000068f       0x34 ./Middlewares/Third_Party/FreeRTOS/Source/tasks.o
 .ARM.attributes
                0x000006c3       0x34 ./Middlewares/Third_Party/FreeRTOS/Source/timers.o
 .ARM.attributes
                0x000006f7       0x34 ./Middlewares/Third_Party/FreeRTOS/Source/portable/GCC/ARM_CM4F/port.o
 .ARM.attributes
                0x0000072b       0x34 ./Middlewares/Third_Party/FreeRTOS/Source/portable/MemMang/heap_4.o
 .ARM.attributes
                0x0000075f       0x34 C:/ST/STM32CubeIDE_1.17.0/STM32CubeIDE/plugins/com.st.stm32cube.ide.mcu.externaltools.gnu-tools-for-stm32.12.3.rel1.win32_1.1.0.202410251130/tools/bin/../lib/gcc/arm-none-eabi/12.3.1/../../../../arm-none-eabi/lib/thumb/v7e-m+fp/hard\libstdc++_nano.a(new_op.o)
 .ARM.attributes
                0x00000793       0x34 C:/ST/STM32CubeIDE_1.17.0/STM32CubeIDE/plugins/com.st.stm32cube.ide.mcu.externaltools.gnu-tools-for-stm32.12.3.rel1.win32_1.1.0.202410251130/tools/bin/../lib/gcc/arm-none-eabi/12.3.1/../../../../arm-none-eabi/lib/thumb/v7e-m+fp/hard\libstdc++_nano.a(new_handler.o)
 .ARM.attributes
                0x000007c7       0x34 C:/ST/STM32CubeIDE_1.17.0/STM32CubeIDE/plugins/com.st.stm32cube.ide.mcu.externaltools.gnu-tools-for-stm32.12.3.rel1.win32_1.1.0.202410251130/tools/bin/../lib/gcc/arm-none-eabi/12.3.1/../../../../arm-none-eabi/lib/thumb/v7e-m+fp/hard\libc_nano.a(libc_a-abort.o)
 .ARM.attributes
                0x000007fb       0x34 C:/ST/STM32CubeIDE_1.17.0/STM32CubeIDE/plugins/com.st.stm32cube.ide.mcu.externaltools.gnu-tools-for-stm32.12.3.rel1.win32_1.1.0.202410251130/tools/bin/../lib/gcc/arm-none-eabi/12.3.1/../../../../arm-none-eabi/lib/thumb/v7e-m+fp/hard\libc_nano.a(libc_a-malloc.o)
 .ARM.attributes
                0x0000082f       0x34 C:/ST/STM32CubeIDE_1.17.0/STM32CubeIDE/plugins/com.st.stm32cube.ide.mcu.externaltools.gnu-tools-for-stm32.12.3.rel1.win32_1.1.0.202410251130/tools/bin/../lib/gcc/arm-none-eabi/12.3.1/../../../../arm-none-eabi/lib/thumb/v7e-m+fp/hard\libc_nano.a(libc_a-mallocr.o)
 .ARM.attributes
                0x00000863       0x34 C:/ST/STM32CubeIDE_1.17.0/STM32CubeIDE/plugins/com.st.stm32cube.ide.mcu.externaltools.gnu-tools-for-stm32.12.3.rel1.win32_1.1.0.202410251130/tools/bin/../lib/gcc/arm-none-eabi/12.3.1/../../../../arm-none-eabi/lib/thumb/v7e-m+fp/hard\libc_nano.a(libc_a-mlock.o)
 .ARM.attributes
                0x00000897       0x34 C:/ST/STM32CubeIDE_1.17.0/STM32CubeIDE/plugins/com.st.stm32cube.ide.mcu.externaltools.gnu-tools-for-stm32.12.3.rel1.win32_1.1.0.202410251130/tools/bin/../lib/gcc/arm-none-eabi/12.3.1/../../../../arm-none-eabi/lib/thumb/v7e-m+fp/hard\libc_nano.a(libc_a-findfp.o)
 .ARM.attributes
                0x000008cb       0x34 C:/ST/STM32CubeIDE_1.17.0/STM32CubeIDE/plugins/com.st.stm32cube.ide.mcu.externaltools.gnu-tools-for-stm32.12.3.rel1.win32_1.1.0.202410251130/tools/bin/../lib/gcc/arm-none-eabi/12.3.1/../../../../arm-none-eabi/lib/thumb/v7e-m+fp/hard\libc_nano.a(libc_a-memset.o)
 .ARM.attributes
                0x000008ff       0x34 C:/ST/STM32CubeIDE_1.17.0/STM32CubeIDE/plugins/com.st.stm32cube.ide.mcu.externaltools.gnu-tools-for-stm32.12.3.rel1.win32_1.1.0.202410251130/tools/bin/../lib/gcc/arm-none-eabi/12.3.1/../../../../arm-none-eabi/lib/thumb/v7e-m+fp/hard\libc_nano.a(libc_a-signal.o)