Archive member included to satisfy reference by file (symbol)

C:/ST/STM32CubeIDE_1.17.0/STM32CubeIDE/plugins/com.st.stm32cube.ide.mcu.externaltools.gnu-tools-for-stm32.12.3.rel1.win32_1.1.0.202410251130/tools/bin/../lib/gcc/arm-none-eabi/12.3.1/../../../../arm-none-eabi/lib/thumb/v7e-m+fp/hard\libstdc++_nano.a(new_op.o)
                              ./Core/Src/alt_main.o (operator new(unsigned int))
C:/ST/STM32CubeIDE_1.17.0/STM32CubeIDE/plugins/com.st.stm32cube.ide.mcu.externaltools.gnu-tools-for-stm32.12.3.rel1.win32_1.1.0.202410251130/tools/bin/../lib/gcc/arm-none-eabi/12.3.1/../../../../arm-none-eabi/lib/thumb/v7e-m+fp/hard\libstdc++_nano.a(new_handler.o)
                              C:/ST/STM32CubeIDE_1.17.0/STM32CubeIDE/plugins/com.st.stm32cube.ide.mcu.externaltools.gnu-tools-for-stm32.12.3.rel1.win32_1.1.0.202410251130/tools/bin/../lib/gcc/arm-none-eabi/12.3.1/../../../../arm-none-eabi/lib/thumb/v7e-m+fp/hard\libstdc++_nano.a(new_op.o) (std::get_new_handler())
C:/ST/STM32CubeIDE_1.17.0/STM32CubeIDE/plugins/com.st.stm32cube.ide.mcu.externaltools.gnu-tools-for-stm32.12.3.rel1.win32_1.1.0.202410251130/tools/bin/../lib/gcc/arm-none-eabi/12.3.1/../../../../arm-none-eabi/lib/thumb/v7e-m+fp/hard\libc_nano.a(libc_a-abort.o)
                              C:/ST/STM32CubeIDE_1.17.0/STM32CubeIDE/plugins/com.st.stm32cube.ide.mcu.externaltools.gnu-tools-for-stm32.12.3.rel1.win32_1.1.0.202410251130/tools/bin/../lib/gcc/arm-none-eabi/12.3.1/../../../../arm-none-eabi/lib/thumb/v7e-m+fp/hard\libstdc++_nano.a(new_op.o) (abort)
C:/ST/STM32CubeIDE_1.17.0/STM32CubeIDE/plugins/com.st.stm32cube.ide.mcu.externaltools.gnu-tools-for-stm32.12.3.rel1.win32_1.1.0.202410251130/tools/bin/../lib/gcc/arm-none-eabi/12.3.1/../../../../arm-none-eabi/lib/thumb/v7e-m+fp/hard\libc_nano.a(libc_a-exit.o)
                              C:/ST/STM32CubeIDE_1.17.0/STM32CubeIDE/plugins/com.st.stm32cube.ide.mcu.externaltools.gnu-tools-for-stm32.12.3.rel1.win32_1.1.0.202410251130/tools/bin/../lib/gcc/arm-none-eabi/12.3.1/../../../../arm-none-eabi/lib/thumb/v7e-m+fp/hard/crt0.o (exit)
C:/ST/STM32CubeIDE_1.17.0/STM32CubeIDE/plugins/com.st.stm32cube.ide.mcu.externaltools.gnu-tools-for-stm32.12.3.rel1.win32_1.1.0.202410251130/tools/bin/../lib/gcc/arm-none-eabi/12.3.1/../../../../arm-none-eabi/lib/thumb/v7e-m+fp/hard\libc_nano.a(libc_a-malloc.o)
                              C:/ST/STM32CubeIDE_1.17.0/STM32CubeIDE/plugins/com.st.stm32cube.ide.mcu.externaltools.gnu-tools-for-stm32.12.3.rel1.win32_1.1.0.202410251130/tools/bin/../lib/gcc/arm-none-eabi/12.3.1/../../../../arm-none-eabi/lib/thumb/v7e-m+fp/hard\libstdc++_nano.a(new_op.o) (malloc)
C:/ST/STM32CubeIDE_1.17.0/STM32CubeIDE/plugins/com.st.stm32cube.ide.mcu.externaltools.gnu-tools-for-stm32.12.3.rel1.win32_1.1.0.202410251130/tools/bin/../lib/gcc/arm-none-eabi/12.3.1/../../../../arm-none-eabi/lib/thumb/v7e-m+fp/hard\libc_nano.a(libc_a-mallocr.o)
                              C:/ST/STM32CubeIDE_1.17.0/STM32CubeIDE/plugins/com.st.stm32cube.ide.mcu.externaltools.gnu-tools-for-stm32.12.3.rel1.win32_1.1.0.202410251130/tools/bin/../lib/gcc/arm-none-eabi/12.3.1/../../../../arm-none-eabi/lib/thumb/v7e-m+fp/hard\libc_nano.a(libc_a-malloc.o) (_malloc_r)
C:/ST/STM32CubeIDE_1.17.0/STM32CubeIDE/plugins/com.st.stm32cube.ide.mcu.externaltools.gnu-tools-for-stm32.12.3.rel1.win32_1.1.0.202410251130/tools/bin/../lib/gcc/arm-none-eabi/12.3.1/../../../../arm-none-eabi/lib/thumb/v7e-m+fp/hard\libc_nano.a(libc_a-mlock.o)
                              C:/ST/STM32CubeIDE_1.17.0/STM32CubeIDE/plugins/com.st.stm32cube.ide.mcu.externaltools.gnu-tools-for-stm32.12.3.rel1.win32_1.1.0.202410251130/tools/bin/../lib/gcc/arm-none-eabi/12.3.1/../../../../arm-none-eabi/lib/thumb/v7e-m+fp/hard\libc_nano.a(libc_a-mallocr.o) (__malloc_lock)
C:/ST/STM32CubeIDE_1.17.0/STM32CubeIDE/plugins/com.st.stm32cube.ide.mcu.externaltools.gnu-tools-for-stm32.12.3.rel1.win32_1.1.0.202410251130/tools/bin/../lib/gcc/arm-none-eabi/12.3.1/../../../../arm-none-eabi/lib/thumb/v7e-m+fp/hard\libc_nano.a(libc_a-findfp.o)
                              C:/ST/STM32CubeIDE_1.17.0/STM32CubeIDE/plugins/com.st.stm32cube.ide.mcu.externaltools.gnu-tools-for-stm32.12.3.rel1.win32_1.1.0.202410251130/tools/bin/../lib/gcc/arm-none-eabi/12.3.1/../../../../arm-none-eabi/lib/thumb/v7e-m+fp/hard\libc_nano.a(libc_a-exit.o) (__stdio_exit_handler)
C:/ST/STM32CubeIDE_1.17.0/STM32CubeIDE/plugins/com.st.stm32cube.ide.mcu.externaltools.gnu-tools-for-stm32.12.3.rel1.win32_1.1.0.202410251130/tools/bin/../lib/gcc/arm-none-eabi/12.3.1/../../../../arm-none-eabi/lib/thumb/v7e-m+fp/hard\libc_nano.a(libc_a-fwalk.o)
                              C:/ST/STM32CubeIDE_1.17.0/STM32CubeIDE/plugins/com.st.stm32cube.ide.mcu.externaltools.gnu-tools-for-stm32.12.3.rel1.win32_1.1.0.202410251130/tools/bin/../lib/gcc/arm-none-eabi/12.3.1/../../../../arm-none-eabi/lib/thumb/v7e-m+fp/hard\libc_nano.a(libc_a-findfp.o) (_fwalk_sglue)
[...]
Memory Configuration

Name             Origin             Length             Attributes
CCMRAM           0x10000000         0x00010000         xrw
RAM              0x20000000         0x00020000         xrw
FLASH            0x08000000         0x00080000         xr
*default*        0x00000000         0xffffffff

Linker script and memory map

LOAD C:/ST/STM32CubeIDE_1.17.0/STM32CubeIDE/plugins/com.st.stm32cube.ide.mcu.externaltools.gnu-tools-for-stm32.12.3.rel1.win32_1.1.0.202410251130/tools/bin/../lib/gcc/arm-none-eabi/12.3.1/thumb/v7e-m+fp/hard/crti.o
LOAD C:/ST/STM32CubeIDE_1.17.0/STM32CubeIDE/plugins/com.st.stm32cube.ide.mcu.externaltools.gnu-tools-for-stm32.12.3.rel1.win32_1.1.0.202410251130/tools/bin/../lib/gcc/arm-none-eabi/12.3.1/thumb/v7e-m+fp/hard/crtbegin.o
LOAD C:/ST/STM32CubeIDE_1.17.0/STM32CubeIDE/plugins/com.st.stm32cube.ide.mcu.externaltools.gnu-tools-for-stm32.12.3.rel1.win32_1.1.0.202410251130/tools/bin/../lib/gcc/arm-none-eabi/12.3.1/../../../../arm-none-eabi/lib/thumb/v7e-m+fp/hard/crt0.o
LOAD ./Core/Src/alt_main.o
LOAD ./Core/Src/dma.o
LOAD ./Core/Src/freertos.o
LOAD ./Core/Src/gpio.o
LOAD ./Core/Src/i2c.o
LOAD ./Core/Src/main.o
LOAD ./Core/Src/stm32f4xx_hal_msp.o
LOAD ./Core/Src/stm32f4xx_hal_timebase_tim.o
LOAD ./Core/Src/stm32f4xx_it.o
LOAD ./Core/Src/syscalls.o
LOAD ./Core/Src/sysmem.o
LOAD ./Core/Src/system_stm32f4xx.o
LOAD ./Core/Src/tim.o
LOAD ./Core/Src/usart.o
LOAD ./Core/Startup/startup_stm32f407vetx.o
LOAD ./Drivers/STM32F4xx_HAL_Driver/Src/stm32f4xx_hal.o
LOAD ./Drivers/STM32F4xx_HAL_Driver/Src/stm32f4xx_hal_cortex.o
LOAD ./Drivers/STM32F4xx_HAL_Driver/Src/stm32f4xx_hal_dma.o
LOAD ./Drivers/STM32F4xx_HAL_Driver/Src/stm32f4xx_hal_dma_ex.o
LOAD ./Drivers/STM32F4xx_HAL_Driver/Src/stm32f4xx_hal_exti.o
LOAD ./Drivers/STM32F4xx_HAL_Driver/Src/stm32f4xx_hal_flash.o
LOAD ./Drivers/STM32F4xx_HAL_Driver/Src/stm32f4xx_hal_flash_ex.o
LOAD ./Drivers/STM32F4xx_HAL_Driver/Src/stm32f4xx_hal_flash_ramfunc.o
LOAD ./Drivers/STM32F4xx_HAL_Driver/Src/stm32f4xx_hal_gpio.o
LOAD ./Drivers/STM32F4xx_HAL_Driver/Src/stm32f4xx_hal_i2c.o
LOAD ./Drivers/STM32F4xx_HAL_Driver/Src/stm32f4xx_hal_i2c_ex.o
LOAD ./Drivers/STM32F4xx_HAL_Driver/Src/stm32f4xx_hal_pwr.o
LOAD ./Drivers/STM32F4xx_HAL_Driver/Src/stm32f4xx_hal_pwr_ex.o
LOAD ./Drivers/STM32F4xx_HAL_Driver/Src/stm32f4xx_hal_rcc.o
LOAD ./Drivers/STM32F4xx_HAL_Driver/Src/stm32f4xx_hal_rcc_ex.o
LOAD ./Drivers/STM32F4xx_HAL_Driver/Src/stm32f4xx_hal_tim.o
LOAD ./Drivers/STM32F4xx_HAL_Driver/Src/stm32f4xx_hal_tim_ex.o
LOAD ./Drivers/STM32F4xx_HAL_Driver/Src/stm32f4xx_hal_uart.o
LOAD ./Libraries/DWIN/Dwin.o
LOAD ./Libraries/Robot_Mapping_xyz/Robot_xyz.o
LOAD ./Libraries/STEP_MOTOR/STEP.o
LOAD ./Libraries/Set_home/Sethome.o
LOAD ./Middlewares/Third_Party/FreeRTOS/Source/CMSIS_RTOS_V2/cmsis_os2.o
LOAD ./Middlewares/Third_Party/FreeRTOS/Source/croutine.o
LOAD ./Middlewares/Third_Party/FreeRTOS/Source/event_groups.o
LOAD ./Middlewares/Third_Party/FreeRTOS/Source/list.o
LOAD ./Middlewares/Third_Party/FreeRTOS/Source/queue.o
LOAD ./Middlewares/Third_Party/FreeRTOS/Source/stream_buffer.o
LOAD ./Middlewares/Third_Party/FreeRTOS/Source/tasks.o
LOAD ./Middlewares/Third_Party/FreeRTOS/Source/timers.o
LOAD ./Middlewares/Third_Party/FreeRTOS/Source/portable/GCC/ARM_CM4F/port.o
LOAD ./Middlewares/Third_Party/FreeRTOS/Source/portable/MemMang/heap_4.o
START GROUP
LOAD C:/ST/STM32CubeIDE_1.17.0/STM32CubeIDE/plugins/com.st.stm32cube.ide.mcu.externaltools.gnu-tools-for-stm32.12.3.rel1.win32_1.1.0.202410251130/tools/bin/../lib/gcc/arm-none-eabi/12.3.1/../../../../arm-none-eabi/lib/thumb/v7e-m+fp/hard\libstdc++_nano.a
LOAD C:/ST/STM32CubeIDE_1.17.0/STM32CubeIDE/plugins/com.st.stm32cube.ide.mcu.externaltools.gnu-tools-for-stm32.12.3.rel1.win32_1.1.0.202410251130/tools/bin/../lib/gcc/arm-none-eabi/12.3.1/../../../../arm-none-eabi/lib/thumb/v7e-m+fp/hard\libsupc++_nano.a
END GROUP
LOAD C:/ST/STM32CubeIDE_1.17.0/STM32CubeIDE/plugins/com.st.stm32cube.ide.mcu.externaltools.gnu-tools-for-stm32.12.3.rel1.win32_1.1.0.202410251130/tools/bin/../lib/gcc/arm-none-eabi/12.3.1/../../../../arm-none-eabi/lib/thumb/v7e-m+fp/hard\libstdc++_nano.a
LOAD C:/ST/STM32CubeIDE_1.17.0/STM32CubeIDE/plugins/com.st.stm32cube.ide.mcu.externaltools.gnu-tools-for-stm32.12.3.rel1.win32_1.1.0.202410251130/tools/bin/../lib/gcc/arm-none-eabi/12.3.1/../../../../arm-none-eabi/lib/thumb/v7e-m+fp/hard\libm.a
LOAD C:/ST/STM32CubeIDE_1.17.0/STM32CubeIDE/plugins/com.st.stm32cube.ide.mcu.externaltools.gnu-tools-for-stm32.12.3.rel1.win32_1.1.0.202410251130/tools/bin/../lib/gcc/arm-none-eabi/12.3.1/../../../../arm-none-eabi/lib/thumb/v7e-m+fp/hard\libc_nano.a
START GROUP
LOAD C:/ST/STM32CubeIDE_1.17.0/STM32CubeIDE/plugins/com.st.stm32cube.ide.mcu.externaltools.gnu-tools-for-stm32.12.3.rel1.win32_1.1.0.202410251130/tools/bin/../lib/gcc/arm-none-eabi/12.3.1/thumb/v7e-m+fp/hard\libgcc.a
LOAD C:/ST/STM32CubeIDE_1.17.0/STM32CubeIDE/plugins/com.st.stm32cube.ide.mcu.externaltools.gnu-tools-for-stm32.12.3.rel1.win32_1.1.0.202410251130/tools/bin/../lib/gcc/arm-none-eabi/12.3.1/../../../../arm-none-eabi/lib/thumb/v7e-m+fp/hard\libc_nano.a
END GROUP
START GROUP
LOAD C:/ST/STM32CubeIDE_1.17.0/STM32CubeIDE/plugins/com.st.stm32cube.ide.mcu.externaltools.gnu-tools-for-stm32.12.3.rel1.win32_1.1.0.202410251130/tools/bin/../lib/gcc/arm-none-eabi/12.3.1/thumb/v7e-m+fp/hard\libgcc.a
LOAD C:/ST/STM32CubeIDE_1.17.0/STM32CubeIDE/plugins/com.st.stm32cube.ide.mcu.externaltools.gnu-tools-for-stm32.12.3.rel1.win32_1.1.0.202410251130/tools/bin/../lib/gcc/arm-none-eabi/12.3.1/../../../../arm-none-eabi/lib/thumb/v7e-m+fp/hard\libc_nano.a
LOAD C:/ST/STM32CubeIDE_1.17.0/STM32CubeIDE/plugins/com.st.stm32cube.ide.mcu.externaltools.gnu-tools-for-stm32.12.3.rel1.win32_1.1.0.202410251130/tools/bin/../lib/gcc/arm-none-eabi/12.3.1/../../../../arm-none-eabi/lib/thumb/v7e-m+fp/hard\libnosys.a
END GROUP
START GROUP
LOAD C:/ST/STM32CubeIDE_1.17.0/STM32CubeIDE/plugins/com.st.stm32cube.ide.mcu.externaltools.gnu-tools-for-stm32.12.3.rel1.win32_1.1.0.202410251130/tools/bin/../lib/gcc/arm-none-eabi/12.3.1/thumb/v7e-m+fp/hard\libgcc.a
LOAD C:/ST/STM32CubeIDE_1.17.0/STM32CubeIDE/plugins/com.st.stm32cube.ide.mcu.externaltools.gnu-tools-for-stm32.12.3.rel1.win32_1.1.0.202410251130/tools/bin/../lib/gcc/arm-none-eabi/12.3.1/../../../../arm-none-eabi/lib/thumb/v7e-m+fp/hard\libc_nano.a
LOAD C:/ST/STM32CubeIDE_1.17.0/STM32CubeIDE/plugins/com.st.stm32cube.ide.mcu.externaltools.gnu-tools-for-stm32.12.3.rel1.win32_1.1.0.202410251130/tools/bin/../lib/gcc/arm-none-eabi/12.3.1/../../../../arm-none-eabi/lib/thumb/v7e-m+fp/hard\libnosys.a
END GROUP
LOAD C:/ST/STM32CubeIDE_1.17.0/STM32CubeIDE/plugins/com.st.stm32cube.ide.mcu.externaltools.gnu-tools-for-stm32.12.3.rel1.win32_1.1.0.202410251130/tools/bin/../lib/gcc/arm-none-eabi/12.3.1/thumb/v7e-m+fp/hard/crtend.o
LOAD C:/ST/STM32CubeIDE_1.17.0/STM32CubeIDE/plugins/com.st.stm32cube.ide.mcu.externaltools.gnu-tools-for-stm32.12.3.rel1.win32_1.1.0.202410251130/tools/bin/../lib/gcc/arm-none-eabi/12.3.1/thumb/v7e-m+fp/hard/crtn.o
                0x20020000                        _estack = (ORIGIN (RAM) + LENGTH (RAM))
                0x00000200                        _Min_Heap_Size = 0x200
                0x00000400                        _Min_Stack_Size = 0x400

.isr_vector     0x08000000      0x188
                0x08000000                        . = ALIGN (0x4)
 *(.isr_vector)
 .isr_vector    0x08000000      0x188 ./Core/Startup/startup_stm32f407vetx.o
                0x08000000                g_pfnVectors
                0x08000188                        . = ALIGN (0x4)

.text           0x08000190     0xc3dc
                0x08000190                        . = ALIGN (0x4)
 *(.text)
 .text          0x08000190       0x40 C:/ST/STM32CubeIDE_1.17.0/STM32CubeIDE/plugins/com.st.stm32cube.ide.mcu.externaltools.gnu-tools-for-stm32.12.3.rel1.win32_1.1.0.202410251130/tools/bin/../lib/gcc/arm-none-eabi/12.3.1/thumb/v7e-m+fp/hard/crtbegin.o
 .text          0x080001d0       0x30 C:/ST/STM32CubeIDE_1.17.0/STM32CubeIDE/plugins/com.st.stm32cube.ide.mcu.externaltools.gnu-tools-for-stm32.12.3.rel1.win32_1.1.0.202410251130/tools/bin/../lib/gcc/arm-none-eabi/12.3.1/thumb/v7e-m+fp/hard\libgcc.a(_aeabi_uldivmod.o)
                0x080001d0                __aeabi_uldivmod
 .text          0x08000200      0x2bc C:/ST/STM32CubeIDE_1.17.0/STM32CubeIDE/plugins/com.st.stm32cube.ide.mcu.externaltools.gnu-tools-for-stm32.12.3.rel1.win32_1.1.0.202410251130/tools/bin/../lib/gcc/arm-none-eabi/12.3.1/thumb/v7e-m+fp/hard\libgcc.a(_udivmoddi4.o)
                0x08000200                __udivmoddi4
 .text          0x080004bc        0x4 C:/ST/STM32CubeIDE_1.17.0/STM32CubeIDE/plugins/com.st.stm32cube.ide.mcu.externaltools.gnu-tools-for-stm32.12.3.rel1.win32_1.1.0.202410251130/tools/bin/../lib/gcc/arm-none-eabi/12.3.1/thumb/v7e-m+fp/hard\libgcc.a(_dvmd_tls.o)
                0x080004bc                __aeabi_idiv0
                0x080004bc                __aeabi_ldiv0
 *(.text*)
 .text._ZN4STEP9write_pinEP12GPIO_TypeDefhb
                0x080004c0       0x40 ./Core/Src/alt_main.o
                0x080004c0                STEP::write_pin(GPIO_TypeDef*, unsigned char, bool)
 .text._ZN4STEP17update_ResolutionEv
                0x08000500       0x8e ./Core/Src/alt_main.o
                0x08000500                STEP::update_Resolution()
 .text._ZN4STEPC2EhhhhP12GPIO_TypeDefhS1_hS1_tS1_tS1_
                0x0800058e       0xe2 ./Core/Src/alt_main.o
                0x0800058e                STEP::STEP(unsigned char, unsigned char, unsigned char, unsigned char, GPIO_TypeDef*, unsigned char, GPIO_TypeDef*, unsigned char, GPIO_TypeDef*, unsigned short, GPIO_TypeDef*, unsigned short, GPIO_TypeDef*)
                0x0800058e                STEP::STEP(unsigned char, unsigned char, unsigned char, unsigned char, GPIO_TypeDef*, unsigned char, GPIO_TypeDef*, unsigned char, GPIO_TypeDef*, unsigned short, GPIO_TypeDef*, unsigned short, GPIO_TypeDef*)
 .text._Z18pos_state_to_arrayyPh
                0x08000670       0x5c ./Core/Src/alt_main.o
                0x08000670                pos_state_to_array(unsigned long long, unsigned char*)
 .text.HAL_UARTEx_RxEventCallback
                0x080006cc       0x8c ./Core/Src/alt_main.o
                0x080006cc                HAL_UARTEx_RxEventCallback
 .text.HAL_I2C_MasterRxCpltCallback
                0x08000758      0x10c ./Core/Src/alt_main.o
                0x08000758                HAL_I2C_MasterRxCpltCallback
 .text._Z14readAS5600_DMAv
                0x08000864       0xc0 ./Core/Src/alt_main.o
                0x08000864                readAS5600_DMA()
 .text.Sensor_AS5600_RTOS
                0x08000924       0x12 ./Core/Src/alt_main.o
                0x08000924                Sensor_AS5600_RTOS
 *fill*         0x08000936        0x2 
 .text.Sethome_Step_RTOS
                0x08000938      0x124 ./Core/Src/alt_main.o
                0x08000938                Sethome_Step_RTOS
 .text.HAL_UART_TxCpltCallback
                0x08000a5c       0x48 ./Core/Src/alt_main.o
                0x08000a5c                HAL_UART_TxCpltCallback
 .text.DwinUsartTask_RTOS
                0x08000aa4       0x60 ./Core/Src/alt_main.o
                0x08000aa4                DwinUsartTask_RTOS
 .text.Dwin_RTOS
                0x08000b04      0x10c ./Core/Src/alt_main.o
                0x08000b04                Dwin_RTOS
 .text.TIM2_CALLBACK_STEP
                0x08000c10       0x6c ./Core/Src/alt_main.o
                0x08000c10                TIM2_CALLBACK_STEP
 .text.alt_main
                0x08000c7c      0x188 ./Core/Src/alt_main.o
                0x08000c7c                alt_main
 .text.MX_DMA_Init
                0x08000e04       0x80 ./Core/Src/dma.o
                0x08000e04                MX_DMA_Init
 .text.MX_FREERTOS_Init
                0x08000e84       0xa8 ./Core/Src/freertos.o
                0x08000e84                MX_FREERTOS_Init
 .text.Sensor_AS5600
                0x08000f2c       0x14 ./Core/Src/freertos.o
                0x08000f2c                Sensor_AS5600
 .text.Task_check_sethome
                0x08000f40       0x14 ./Core/Src/freertos.o
                0x08000f40                Task_check_sethome
 .text.Dwin_Task
                0x08000f54       0x14 ./Core/Src/freertos.o
                0x08000f54                Dwin_Task
 .text.TASK_DMA_ENTRY
                0x08000f68       0x14 ./Core/Src/freertos.o
                0x08000f68                TASK_DMA_ENTRY
 .text.MX_GPIO_Init
                0x08000f7c      0x1d8 ./Core/Src/gpio.o
                0x08000f7c                MX_GPIO_Init
 .text.MX_I2C1_Init
                0x08001154       0x5c ./Core/Src/i2c.o
                0x08001154                MX_I2C1_Init
 .text.MX_I2C2_Init
                0x080011b0       0x5c ./Core/Src/i2c.o
                0x080011b0                MX_I2C2_Init
 .text.MX_I2C3_Init
                0x0800120c       0x5c ./Core/Src/i2c.o
                0x0800120c                MX_I2C3_Init
 .text.HAL_I2C_MspInit
                0x08001268      0x30c ./Core/Src/i2c.o
                0x08001268                HAL_I2C_MspInit
 .text.main     0x08001574       0x50 ./Core/Src/main.o
                0x08001574                main
 .text.SystemClock_Config
                0x080015c4       0xbc ./Core/Src/main.o
                0x080015c4                SystemClock_Config
 .text.HAL_TIM_PeriodElapsedCallback
                0x08001680       0x30 ./Core/Src/main.o
                0x08001680                HAL_TIM_PeriodElapsedCallback
 .text.Error_Handler
                0x080016b0        0xc ./Core/Src/main.o
                0x080016b0                Error_Handler
 .text.HAL_MspInit
                0x080016bc       0x58 ./Core/Src/stm32f4xx_hal_msp.o
                0x080016bc                HAL_MspInit
 .text.HAL_InitTick
                0x08001714       0xf8 ./Core/Src/stm32f4xx_hal_timebase_tim.o
                0x08001714                HAL_InitTick
 .text.NMI_Handler
                0x0800180c        0x8 ./Core/Src/stm32f4xx_it.o
                0x0800180c                NMI_Handler
 .text.HardFault_Handler
                0x08001814        0x8 ./Core/Src/stm32f4xx_it.o
                0x08001814                HardFault_Handler
 .text.MemManage_Handler
                0x0800181c        0x8 ./Core/Src/stm32f4xx_it.o
                0x0800181c                MemManage_Handler
 .text.BusFault_Handler
                0x08001824        0x8 ./Core/Src/stm32f4xx_it.o
                0x08001824                BusFault_Handler
 .text.UsageFault_Handler
                0x0800182c        0x8 ./Core/Src/stm32f4xx_it.o
                0x0800182c                UsageFault_Handler
 .text.DebugMon_Handler
                0x08001834        0xe ./Core/Src/stm32f4xx_it.o
                0x08001834                DebugMon_Handler
 *fill*         0x08001842        0x2 
 .text.DMA1_Stream0_IRQHandler
                0x08001844       0x14 ./Core/Src/stm32f4xx_it.o
                0x08001844                DMA1_Stream0_IRQHandler
 .text.DMA1_Stream1_IRQHandler
                0x08001858       0x14 ./Core/Src/stm32f4xx_it.o
                0x08001858                DMA1_Stream1_IRQHandler
 .text.DMA1_Stream2_IRQHandler
                0x0800186c       0x14 ./Core/Src/stm32f4xx_it.o
                0x0800186c                DMA1_Stream2_IRQHandler
 .text.DMA1_Stream3_IRQHandler
                0x08001880       0x14 ./Core/Src/stm32f4xx_it.o
                0x08001880                DMA1_Stream3_IRQHandler
 .text.DMA1_Stream4_IRQHandler
                0x08001894       0x14 ./Core/Src/stm32f4xx_it.o
                0x08001894                DMA1_Stream4_IRQHandler
 .text.TIM2_IRQHandler
                0x080018a8       0x14 ./Core/Src/stm32f4xx_it.o
                0x080018a8                TIM2_IRQHandler
 .text.I2C1_EV_IRQHandler
                0x080018bc       0x14 ./Core/Src/stm32f4xx_it.o
                0x080018bc                I2C1_EV_IRQHandler
 .text.I2C2_EV_IRQHandler
                0x080018d0       0x14 ./Core/Src/stm32f4xx_it.o
                0x080018d0                I2C2_EV_IRQHandler
 .text.USART3_IRQHandler
                0x080018e4       0x14 ./Core/Src/stm32f4xx_it.o
                0x080018e4                USART3_IRQHandler
 .text.TIM7_IRQHandler
                0x080018f8       0x14 ./Core/Src/stm32f4xx_it.o
                0x080018f8                TIM7_IRQHandler
 .text.I2C3_EV_IRQHandler
                0x0800190c       0x14 ./Core/Src/stm32f4xx_it.o
                0x0800190c                I2C3_EV_IRQHandler
 .text._getpid  0x08001920       0x10 ./Core/Src/syscalls.o
                0x08001920                _getpid
 .text._kill    0x08001930       0x20 ./Core/Src/syscalls.o
                0x08001930                _kill
 .text._exit    0x08001950       0x16 ./Core/Src/syscalls.o
                0x08001950                _exit
 *fill*         0x08001966        0x2 
 .text._sbrk    0x08001968       0x6c ./Core/Src/sysmem.o
                0x08001968                _sbrk
 .text.SystemInit
                0x080019d4       0x24 ./Core/Src/system_stm32f4xx.o
                0x080019d4                SystemInit
 .text.MX_TIM2_Init
                0x080019f8       0x98 ./Core/Src/tim.o
                0x080019f8                MX_TIM2_Init
 .text.MX_TIM3_Init
                0x08001a90       0xa8 ./Core/Src/tim.o
                0x08001a90                MX_TIM3_Init
 .text.MX_TIM4_Init
                0x08001b38       0xc8 ./Core/Src/tim.o
                0x08001b38                MX_TIM4_Init
 .text.HAL_TIM_Base_MspInit
                0x08001c00       0x4c ./Core/Src/tim.o
                0x08001c00                HAL_TIM_Base_MspInit
 .text.HAL_TIM_Encoder_MspInit
                0x08001c4c       0x90 ./Core/Src/tim.o
                0x08001c4c                HAL_TIM_Encoder_MspInit
 .text.HAL_TIM_PWM_MspInit
                0x08001cdc       0x44 ./Core/Src/tim.o
                0x08001cdc                HAL_TIM_PWM_MspInit
 .text.HAL_TIM_MspPostInit
                0x08001d20       0x74 ./Core/Src/tim.o
                0x08001d20                HAL_TIM_MspPostInit
 .text.MX_USART2_UART_Init
                0x08001d94       0x54 ./Core/Src/usart.o
                0x08001d94                MX_USART2_UART_Init
 .text.MX_USART3_UART_Init
                0x08001de8       0x54 ./Core/Src/usart.o
                0x08001de8                MX_USART3_UART_Init
 .text.HAL_UART_MspInit
                0x08001e3c      0x1d4 ./Core/Src/usart.o
                0x08001e3c                HAL_UART_MspInit
 .text.Reset_Handler
                0x08002010       0x50 ./Core/Startup/startup_stm32f407vetx.o
                0x08002010                Reset_Handler
 .text.Default_Handler
                0x08002060        0x2 ./Core/Startup/startup_stm32f407vetx.o
                0x08002060                RTC_Alarm_IRQHandler
                0x08002060                HASH_RNG_IRQHandler
                0x08002060                EXTI2_IRQHandler
                0x08002060                TIM8_CC_IRQHandler
                0x08002060                TIM1_CC_IRQHandler
                0x08002060                DMA2_Stream5_IRQHandler
                0x08002060                DMA1_Stream5_IRQHandler
                0x08002060                PVD_IRQHandler
                0x08002060                SDIO_IRQHandler
                0x08002060                TAMP_STAMP_IRQHandler
                0x08002060                CAN2_RX1_IRQHandler
                0x08002060                EXTI3_IRQHandler
                0x08002060                TIM8_TRG_COM_TIM14_IRQHandler
                0x08002060                TIM1_UP_TIM10_IRQHandler
                0x08002060                TIM8_UP_TIM13_IRQHandler
                0x08002060                I2C3_ER_IRQHandler
                0x08002060                EXTI0_IRQHandler
                0x08002060                CAN1_RX0_IRQHandler
                0x08002060                FPU_IRQHandler
                0x08002060                OTG_HS_WKUP_IRQHandler
                0x08002060                CAN2_SCE_IRQHandler
                0x08002060                DMA2_Stream2_IRQHandler
                0x08002060                SPI1_IRQHandler
                0x08002060                TIM6_DAC_IRQHandler
                0x08002060                TIM1_BRK_TIM9_IRQHandler
                0x08002060                DCMI_IRQHandler
                0x08002060                CAN2_RX0_IRQHandler
                0x08002060                DMA2_Stream3_IRQHandler
                0x08002060                USART6_IRQHandler
                0x08002060                CAN1_RX1_IRQHandler
                0x08002060                UART5_IRQHandler
                0x08002060                DMA2_Stream0_IRQHandler
                0x08002060                TIM4_IRQHandler
                0x08002060                DMA1_Stream6_IRQHandler
                0x08002060                UART4_IRQHandler
                0x08002060                TIM3_IRQHandler
                0x08002060                RCC_IRQHandler
                0x08002060                TIM8_BRK_TIM12_IRQHandler
                0x08002060                Default_Handler
                0x08002060                EXTI15_10_IRQHandler
                0x08002060                ADC_IRQHandler
                0x08002060                DMA1_Stream7_IRQHandler
                0x08002060                CAN2_TX_IRQHandler
                0x08002060                TIM5_IRQHandler
                0x08002060                DMA2_Stream7_IRQHandler
                0x08002060                EXTI9_5_IRQHandler
                0x08002060                RTC_WKUP_IRQHandler
                0x08002060                ETH_WKUP_IRQHandler
                0x08002060                SPI2_IRQHandler
                0x08002060                OTG_HS_EP1_IN_IRQHandler
                0x08002060                CAN1_TX_IRQHandler
                0x08002060                EXTI4_IRQHandler
                0x08002060                FSMC_IRQHandler
                0x08002060                ETH_IRQHandler
                0x08002060                OTG_HS_EP1_OUT_IRQHandler
                0x08002060                WWDG_IRQHandler
                0x08002060                OTG_FS_WKUP_IRQHandler
                0x08002060                TIM1_TRG_COM_TIM11_IRQHandler
                0x08002060                OTG_HS_IRQHandler
                0x08002060                EXTI1_IRQHandler
                0x08002060                USART2_IRQHandler
                0x08002060                I2C2_ER_IRQHandler
                0x08002060                DMA2_Stream1_IRQHandler
                0x08002060                CAN1_SCE_IRQHandler
                0x08002060                FLASH_IRQHandler
                0x08002060                DMA2_Stream4_IRQHandler
                0x08002060                USART1_IRQHandler
                0x08002060                OTG_FS_IRQHandler
                0x08002060                SPI3_IRQHandler
                0x08002060                I2C1_ER_IRQHandler
                0x08002060                DMA2_Stream6_IRQHandler
 *fill*         0x08002062        0x2 
 .text.HAL_Init
                0x08002064       0x44 ./Drivers/STM32F4xx_HAL_Driver/Src/stm32f4xx_hal.o
                0x08002064                HAL_Init
 .text.HAL_IncTick
                0x080020a8       0x28 ./Drivers/STM32F4xx_HAL_Driver/Src/stm32f4xx_hal.o
                0x080020a8                HAL_IncTick
 .text.HAL_GetTick
                0x080020d0       0x18 ./Drivers/STM32F4xx_HAL_Driver/Src/stm32f4xx_hal.o
                0x080020d0                HAL_GetTick
 .text.HAL_Delay
                0x080020e8       0x48 ./Drivers/STM32F4xx_HAL_Driver/Src/stm32f4xx_hal.o
                0x080020e8                HAL_Delay
 .text.__NVIC_SetPriorityGrouping
                0x08002130       0x48 ./Drivers/STM32F4xx_HAL_Driver/Src/stm32f4xx_hal_cortex.o
 .text.__NVIC_GetPriorityGrouping
                0x08002178       0x1c ./Drivers/STM32F4xx_HAL_Driver/Src/stm32f4xx_hal_cortex.o
 .text.__NVIC_EnableIRQ
                0x08002194       0x3c ./Drivers/STM32F4xx_HAL_Driver/Src/stm32f4xx_hal_cortex.o
 .text.__NVIC_SetPriority
                0x080021d0       0x54 ./Drivers/STM32F4xx_HAL_Driver/Src/stm32f4xx_hal_cortex.o
 .text.NVIC_EncodePriority
                0x08002224       0x66 ./Drivers/STM32F4xx_HAL_Driver/Src/stm32f4xx_hal_cortex.o
 .text.HAL_NVIC_SetPriorityGrouping
                0x0800228a       0x16 ./Drivers/STM32F4xx_HAL_Driver/Src/stm32f4xx_hal_cortex.o
                0x0800228a                HAL_NVIC_SetPriorityGrouping
 .text.HAL_NVIC_SetPriority
                0x080022a0       0x38 ./Drivers/STM32F4xx_HAL_Driver/Src/stm32f4xx_hal_cortex.o
                0x080022a0                HAL_NVIC_SetPriority
 .text.HAL_NVIC_EnableIRQ
                0x080022d8       0x1c ./Drivers/STM32F4xx_HAL_Driver/Src/stm32f4xx_hal_cortex.o
                0x080022d8                HAL_NVIC_EnableIRQ
 .text.HAL_DMA_Init
                0x080022f4      0x15c ./Drivers/STM32F4xx_HAL_Driver/Src/stm32f4xx_hal_dma.o
                0x080022f4                HAL_DMA_Init
 .text.HAL_DMA_Start_IT
                0x08002450       0xb0 ./Drivers/STM32F4xx_HAL_Driver/Src/stm32f4xx_hal_dma.o
                0x08002450                HAL_DMA_Start_IT
 .text.HAL_DMA_Abort
                0x08002500       0xe0 ./Drivers/STM32F4xx_HAL_Driver/Src/stm32f4xx_hal_dma.o
                0x08002500                HAL_DMA_Abort
 .text.HAL_DMA_Abort_IT
                0x080025e0       0x44 ./Drivers/STM32F4xx_HAL_Driver/Src/stm32f4xx_hal_dma.o
                0x080025e0                HAL_DMA_Abort_IT
 .text.HAL_DMA_IRQHandler
                0x08002624      0x314 ./Drivers/STM32F4xx_HAL_Driver/Src/stm32f4xx_hal_dma.o
                0x08002624                HAL_DMA_IRQHandler
 .text.HAL_DMA_GetState
                0x08002938       0x1c ./Drivers/STM32F4xx_HAL_Driver/Src/stm32f4xx_hal_dma.o
                0x08002938                HAL_DMA_GetState
 .text.HAL_DMA_GetError
                0x08002954       0x18 ./Drivers/STM32F4xx_HAL_Driver/Src/stm32f4xx_hal_dma.o
                0x08002954                HAL_DMA_GetError
 .text.DMA_SetConfig
                0x0800296c       0x5c ./Drivers/STM32F4xx_HAL_Driver/Src/stm32f4xx_hal_dma.o
 .text.DMA_CalcBaseAndBitshift
                0x080029c8       0x6c ./Drivers/STM32F4xx_HAL_Driver/Src/stm32f4xx_hal_dma.o
 .text.DMA_CheckFifoParam
                0x08002a34       0xf8 ./Drivers/STM32F4xx_HAL_Driver/Src/stm32f4xx_hal_dma.o
 .text.HAL_GPIO_Init
                0x08002b2c      0x338 ./Drivers/STM32F4xx_HAL_Driver/Src/stm32f4xx_hal_gpio.o
                0x08002b2c                HAL_GPIO_Init
 .text.HAL_GPIO_WritePin
                0x08002e64       0x32 ./Drivers/STM32F4xx_HAL_Driver/Src/stm32f4xx_hal_gpio.o
                0x08002e64                HAL_GPIO_WritePin
 *fill*         0x08002e96        0x2 
 .text.HAL_I2C_Init
                0x08002e98      0x288 ./Drivers/STM32F4xx_HAL_Driver/Src/stm32f4xx_hal_i2c.o
                0x08002e98                HAL_I2C_Init
 .text.I2C_Flush_DR
                0x08003120       0x2a ./Drivers/STM32F4xx_HAL_Driver/Src/stm32f4xx_hal_i2c.o
 *fill*         0x0800314a        0x2 
 .text.HAL_I2C_Master_Transmit
                0x0800314c      0x1fc ./Drivers/STM32F4xx_HAL_Driver/Src/stm32f4xx_hal_i2c.o
                0x0800314c                HAL_I2C_Master_Transmit
 .text.HAL_I2C_Master_Receive_DMA
                0x08003348      0x258 ./Drivers/STM32F4xx_HAL_Driver/Src/stm32f4xx_hal_i2c.o
                0x08003348                HAL_I2C_Master_Receive_DMA
 .text.HAL_I2C_EV_IRQHandler
                0x080035a0      0x2a6 ./Drivers/STM32F4xx_HAL_Driver/Src/stm32f4xx_hal_i2c.o
                0x080035a0                HAL_I2C_EV_IRQHandler
 .text.HAL_I2C_MasterTxCpltCallback
                0x08003846       0x14 ./Drivers/STM32F4xx_HAL_Driver/Src/stm32f4xx_hal_i2c.o
                0x08003846                HAL_I2C_MasterTxCpltCallback
 .text.HAL_I2C_SlaveTxCpltCallback
                0x0800385a       0x14 ./Drivers/STM32F4xx_HAL_Driver/Src/stm32f4xx_hal_i2c.o
                0x0800385a                HAL_I2C_SlaveTxCpltCallback
 .text.HAL_I2C_SlaveRxCpltCallback
                0x0800386e       0x14 ./Drivers/STM32F4xx_HAL_Driver/Src/stm32f4xx_hal_i2c.o
                0x0800386e                HAL_I2C_SlaveRxCpltCallback
 .text.HAL_I2C_AddrCallback
                0x08003882       0x1c ./Drivers/STM32F4xx_HAL_Driver/Src/stm32f4xx_hal_i2c.o
                0x08003882                HAL_I2C_AddrCallback
 .text.HAL_I2C_ListenCpltCallback
                0x0800389e       0x14 ./Drivers/STM32F4xx_HAL_Driver/Src/stm32f4xx_hal_i2c.o
                0x0800389e                HAL_I2C_ListenCpltCallback
 .text.HAL_I2C_MemTxCpltCallback
                0x080038b2       0x14 ./Drivers/STM32F4xx_HAL_Driver/Src/stm32f4xx_hal_i2c.o
                0x080038b2                HAL_I2C_MemTxCpltCallback
 .text.HAL_I2C_MemRxCpltCallback
                0x080038c6       0x14 ./Drivers/STM32F4xx_HAL_Driver/Src/stm32f4xx_hal_i2c.o
                0x080038c6                HAL_I2C_MemRxCpltCallback
 .text.HAL_I2C_ErrorCallback
                0x080038da       0x14 ./Drivers/STM32F4xx_HAL_Driver/Src/stm32f4xx_hal_i2c.o
                0x080038da                HAL_I2C_ErrorCallback
 .text.HAL_I2C_AbortCpltCallback
                0x080038ee       0x14 ./Drivers/STM32F4xx_HAL_Driver/Src/stm32f4xx_hal_i2c.o
                0x080038ee                HAL_I2C_AbortCpltCallback
 .text.I2C_MasterTransmit_TXE
                0x08003902      0x138 ./Drivers/STM32F4xx_HAL_Driver/Src/stm32f4xx_hal_i2c.o
 .text.I2C_MasterTransmit_BTF
                0x08003a3a       0xec ./Drivers/STM32F4xx_HAL_Driver/Src/stm32f4xx_hal_i2c.o
 .text.I2C_MemoryTransmit_TXE_BTF
                0x08003b26      0x130 ./Drivers/STM32F4xx_HAL_Driver/Src/stm32f4xx_hal_i2c.o
 .text.I2C_MasterReceive_RXNE
                0x08003c56      0x190 ./Drivers/STM32F4xx_HAL_Driver/Src/stm32f4xx_hal_i2c.o
 .text.I2C_MasterReceive_BTF
                0x08003de6      0x1e2 ./Drivers/STM32F4xx_HAL_Driver/Src/stm32f4xx_hal_i2c.o
 .text.I2C_Master_SB
                0x08003fc8      0x10c ./Drivers/STM32F4xx_HAL_Driver/Src/stm32f4xx_hal_i2c.o
 .text.I2C_Master_ADD10
                0x080040d4       0x54 ./Drivers/STM32F4xx_HAL_Driver/Src/stm32f4xx_hal_i2c.o
 .text.I2C_Master_ADDR
                0x08004128      0x322 ./Drivers/STM32F4xx_HAL_Driver/Src/stm32f4xx_hal_i2c.o
 .text.I2C_SlaveTransmit_TXE
                0x0800444a       0x7a ./Drivers/STM32F4xx_HAL_Driver/Src/stm32f4xx_hal_i2c.o
 .text.I2C_SlaveTransmit_BTF
                0x080044c4       0x42 ./Drivers/STM32F4xx_HAL_Driver/Src/stm32f4xx_hal_i2c.o
 .text.I2C_SlaveReceive_RXNE
                0x08004506       0x7c ./Drivers/STM32F4xx_HAL_Driver/Src/stm32f4xx_hal_i2c.o
 .text.I2C_SlaveReceive_BTF
                0x08004582       0x44 ./Drivers/STM32F4xx_HAL_Driver/Src/stm32f4xx_hal_i2c.o
 .text.I2C_Slave_ADDR
                0x080045c6       0x90 ./Drivers/STM32F4xx_HAL_Driver/Src/stm32f4xx_hal_i2c.o
 *fill*         0x08004656        0x2 
 .text.I2C_Slave_STOPF
                0x08004658      0x260 ./Drivers/STM32F4xx_HAL_Driver/Src/stm32f4xx_hal_i2c.o
 .text.I2C_ITError
                0x080048b8      0x264 ./Drivers/STM32F4xx_HAL_Driver/Src/stm32f4xx_hal_i2c.o
 .text.I2C_MasterRequestWrite
                0x08004b1c      0x104 ./Drivers/STM32F4xx_HAL_Driver/Src/stm32f4xx_hal_i2c.o
 .text.I2C_DMAXferCplt
                0x08004c20      0x1be ./Drivers/STM32F4xx_HAL_Driver/Src/stm32f4xx_hal_i2c.o
 .text.I2C_DMAError
                0x08004dde       0x7a ./Drivers/STM32F4xx_HAL_Driver/Src/stm32f4xx_hal_i2c.o
 .text.I2C_DMAAbort
                0x08004e58      0x150 ./Drivers/STM32F4xx_HAL_Driver/Src/stm32f4xx_hal_i2c.o
 .text.I2C_WaitOnFlagUntilTimeout
                0x08004fa8       0xf4 ./Drivers/STM32F4xx_HAL_Driver/Src/stm32f4xx_hal_i2c.o
 .text.I2C_WaitOnMasterAddressFlagUntilTimeout
                0x0800509c      0x140 ./Drivers/STM32F4xx_HAL_Driver/Src/stm32f4xx_hal_i2c.o
 .text.I2C_WaitOnTXEFlagUntilTimeout
                0x080051dc       0x90 ./Drivers/STM32F4xx_HAL_Driver/Src/stm32f4xx_hal_i2c.o
 .text.I2C_WaitOnBTFFlagUntilTimeout
                0x0800526c       0x90 ./Drivers/STM32F4xx_HAL_Driver/Src/stm32f4xx_hal_i2c.o
 .text.I2C_WaitOnSTOPRequestThroughIT
                0x080052fc       0x64 ./Drivers/STM32F4xx_HAL_Driver/Src/stm32f4xx_hal_i2c.o
 .text.I2C_IsAcknowledgeFailed
                0x08005360       0x5e ./Drivers/STM32F4xx_HAL_Driver/Src/stm32f4xx_hal_i2c.o
 .text.I2C_ConvertOtherXferOptions
                0x080053be       0x36 ./Drivers/STM32F4xx_HAL_Driver/Src/stm32f4xx_hal_i2c.o
 .text.HAL_RCC_OscConfig
                0x080053f4      0x4f0 ./Drivers/STM32F4xx_HAL_Driver/Src/stm32f4xx_hal_rcc.o
                0x080053f4                HAL_RCC_OscConfig
 .text.HAL_RCC_ClockConfig
                0x080058e4      0x1cc ./Drivers/STM32F4xx_HAL_Driver/Src/stm32f4xx_hal_rcc.o
                0x080058e4                HAL_RCC_ClockConfig
 .text.HAL_RCC_GetSysClockFreq
                0x08005ab0      0x18c ./Drivers/STM32F4xx_HAL_Driver/Src/stm32f4xx_hal_rcc.o
                0x08005ab0                HAL_RCC_GetSysClockFreq
 .text.HAL_RCC_GetHCLKFreq
                0x08005c3c       0x18 ./Drivers/STM32F4xx_HAL_Driver/Src/stm32f4xx_hal_rcc.o
                0x08005c3c                HAL_RCC_GetHCLKFreq
 .text.HAL_RCC_GetPCLK1Freq
                0x08005c54       0x28 ./Drivers/STM32F4xx_HAL_Driver/Src/stm32f4xx_hal_rcc.o
                0x08005c54                HAL_RCC_GetPCLK1Freq
 .text.HAL_RCC_GetPCLK2Freq
                0x08005c7c       0x28 ./Drivers/STM32F4xx_HAL_Driver/Src/stm32f4xx_hal_rcc.o
                0x08005c7c                HAL_RCC_GetPCLK2Freq
 .text.HAL_RCC_GetClockConfig
                0x08005ca4       0x64 ./Drivers/STM32F4xx_HAL_Driver/Src/stm32f4xx_hal_rcc.o
                0x08005ca4                HAL_RCC_GetClockConfig
 .text.HAL_TIM_Base_Init
                0x08005d08       0x9e ./Drivers/STM32F4xx_HAL_Driver/Src/stm32f4xx_hal_tim.o
                0x08005d08                HAL_TIM_Base_Init
 *fill*         0x08005da6        0x2 
 .text.HAL_TIM_Base_Start_IT
                0x08005da8       0xe0 ./Drivers/STM32F4xx_HAL_Driver/Src/stm32f4xx_hal_tim.o
                0x08005da8                HAL_TIM_Base_Start_IT
 .text.HAL_TIM_PWM_Init
                0x08005e88       0x9e ./Drivers/STM32F4xx_HAL_Driver/Src/stm32f4xx_hal_tim.o
                0x08005e88                HAL_TIM_PWM_Init
 *fill*         0x08005f26        0x2 
 .text.HAL_TIM_PWM_Start
                0x08005f28      0x190 ./Drivers/STM32F4xx_HAL_Driver/Src/stm32f4xx_hal_tim.o
                0x08005f28                HAL_TIM_PWM_Start
 .text.HAL_TIM_Encoder_Init
                0x080060b8      0x14c ./Drivers/STM32F4xx_HAL_Driver/Src/stm32f4xx_hal_tim.o
                0x080060b8                HAL_TIM_Encoder_Init
 .text.HAL_TIM_Encoder_Start
                0x08006204      0x11c ./Drivers/STM32F4xx_HAL_Driver/Src/stm32f4xx_hal_tim.o
                0x08006204                HAL_TIM_Encoder_Start
 .text.HAL_TIM_IRQHandler
                0x08006320      0x1e0 ./Drivers/STM32F4xx_HAL_Driver/Src/stm32f4xx_hal_tim.o
                0x08006320                HAL_TIM_IRQHandler
 .text.HAL_TIM_PWM_ConfigChannel
                0x08006500      0x184 ./Drivers/STM32F4xx_HAL_Driver/Src/stm32f4xx_hal_tim.o
                0x08006500                HAL_TIM_PWM_ConfigChannel
 .text.HAL_TIM_ConfigClockSource
                0x08006684      0x18e ./Drivers/STM32F4xx_HAL_Driver/Src/stm32f4xx_hal_tim.o
                0x08006684                HAL_TIM_ConfigClockSource
 .text.HAL_TIM_OC_DelayElapsedCallback
                0x08006812       0x14 ./Drivers/STM32F4xx_HAL_Driver/Src/stm32f4xx_hal_tim.o
                0x08006812                HAL_TIM_OC_DelayElapsedCallback
 .text.HAL_TIM_IC_CaptureCallback
                0x08006826       0x14 ./Drivers/STM32F4xx_HAL_Driver/Src/stm32f4xx_hal_tim.o
                0x08006826                HAL_TIM_IC_CaptureCallback
 .text.HAL_TIM_PWM_PulseFinishedCallback
                0x0800683a       0x14 ./Drivers/STM32F4xx_HAL_Driver/Src/stm32f4xx_hal_tim.o
                0x0800683a                HAL_TIM_PWM_PulseFinishedCallback
 .text.HAL_TIM_TriggerCallback
                0x0800684e       0x14 ./Drivers/STM32F4xx_HAL_Driver/Src/stm32f4xx_hal_tim.o
                0x0800684e                HAL_TIM_TriggerCallback
 *fill*         0x08006862        0x2 
 .text.TIM_Base_SetConfig
                0x08006864      0x14c ./Drivers/STM32F4xx_HAL_Driver/Src/stm32f4xx_hal_tim.o
                0x08006864                TIM_Base_SetConfig
 .text.TIM_OC1_SetConfig
                0x080069b0       0xe0 ./Drivers/STM32F4xx_HAL_Driver/Src/stm32f4xx_hal_tim.o
 .text.TIM_OC2_SetConfig
                0x08006a90       0xec ./Drivers/STM32F4xx_HAL_Driver/Src/stm32f4xx_hal_tim.o
                0x08006a90                TIM_OC2_SetConfig
 .text.TIM_OC3_SetConfig
                0x08006b7c       0xe8 ./Drivers/STM32F4xx_HAL_Driver/Src/stm32f4xx_hal_tim.o
 .text.TIM_OC4_SetConfig
                0x08006c64       0xac ./Drivers/STM32F4xx_HAL_Driver/Src/stm32f4xx_hal_tim.o
 .text.TIM_TI1_ConfigInputStage
                0x08006d10       0x5e ./Drivers/STM32F4xx_HAL_Driver/Src/stm32f4xx_hal_tim.o
 .text.TIM_TI2_ConfigInputStage
                0x08006d6e       0x60 ./Drivers/STM32F4xx_HAL_Driver/Src/stm32f4xx_hal_tim.o
 .text.TIM_ITRx_SetConfig
                0x08006dce       0x36 ./Drivers/STM32F4xx_HAL_Driver/Src/stm32f4xx_hal_tim.o
 .text.TIM_ETR_SetConfig
                0x08006e04       0x40 ./Drivers/STM32F4xx_HAL_Driver/Src/stm32f4xx_hal_tim.o
                0x08006e04                TIM_ETR_SetConfig
 .text.TIM_CCxChannelCmd
                0x08006e44       0x4a ./Drivers/STM32F4xx_HAL_Driver/Src/stm32f4xx_hal_tim.o
                0x08006e44                TIM_CCxChannelCmd
 *fill*         0x08006e8e        0x2 
 .text.HAL_TIMEx_MasterConfigSynchronization
                0x08006e90       0xf8 ./Drivers/STM32F4xx_HAL_Driver/Src/stm32f4xx_hal_tim_ex.o
                0x08006e90                HAL_TIMEx_MasterConfigSynchronization
 .text.HAL_TIMEx_CommutCallback
                0x08006f88       0x14 ./Drivers/STM32F4xx_HAL_Driver/Src/stm32f4xx_hal_tim_ex.o
                0x08006f88                HAL_TIMEx_CommutCallback
 .text.HAL_TIMEx_BreakCallback
                0x08006f9c       0x14 ./Drivers/STM32F4xx_HAL_Driver/Src/stm32f4xx_hal_tim_ex.o
                0x08006f9c                HAL_TIMEx_BreakCallback
 .text.HAL_UART_Init
                0x08006fb0       0xa0 ./Drivers/STM32F4xx_HAL_Driver/Src/stm32f4xx_hal_uart.o
                0x08006fb0                HAL_UART_Init
 .text.HAL_UART_Transmit_DMA
                0x08007050       0xf8 ./Drivers/STM32F4xx_HAL_Driver/Src/stm32f4xx_hal_uart.o
                0x08007050                HAL_UART_Transmit_DMA
 .text.HAL_UARTEx_ReceiveToIdle_DMA
                0x08007148       0xb2 ./Drivers/STM32F4xx_HAL_Driver/Src/stm32f4xx_hal_uart.o
                0x08007148                HAL_UARTEx_ReceiveToIdle_DMA
 *fill*         0x080071fa        0x2 
 .text.HAL_UART_IRQHandler
                0x080071fc      0x554 ./Drivers/STM32F4xx_HAL_Driver/Src/stm32f4xx_hal_uart.o
                0x080071fc                HAL_UART_IRQHandler
 .text.HAL_UART_TxHalfCpltCallback
                0x08007750       0x14 ./Drivers/STM32F4xx_HAL_Driver/Src/stm32f4xx_hal_uart.o
                0x08007750                HAL_UART_TxHalfCpltCallback
 .text.HAL_UART_RxCpltCallback
                0x08007764       0x14 ./Drivers/STM32F4xx_HAL_Driver/Src/stm32f4xx_hal_uart.o
                0x08007764                HAL_UART_RxCpltCallback
 .text.HAL_UART_RxHalfCpltCallback
                0x08007778       0x14 ./Drivers/STM32F4xx_HAL_Driver/Src/stm32f4xx_hal_uart.o
                0x08007778                HAL_UART_RxHalfCpltCallback
 .text.HAL_UART_ErrorCallback
                0x0800778c       0x14 ./Drivers/STM32F4xx_HAL_Driver/Src/stm32f4xx_hal_uart.o
                0x0800778c                HAL_UART_ErrorCallback
 .text.UART_DMATransmitCplt
                0x080077a0       0x9a ./Drivers/STM32F4xx_HAL_Driver/Src/stm32f4xx_hal_uart.o
 .text.UART_DMATxHalfCplt
                0x0800783a       0x1c ./Drivers/STM32F4xx_HAL_Driver/Src/stm32f4xx_hal_uart.o
 .text.UART_DMAReceiveCplt
                0x08007856      0x12c ./Drivers/STM32F4xx_HAL_Driver/Src/stm32f4xx_hal_uart.o
 .text.UART_DMARxHalfCplt
                0x08007982       0x3c ./Drivers/STM32F4xx_HAL_Driver/Src/stm32f4xx_hal_uart.o
 .text.UART_DMAError
                0x080079be       0x94 ./Drivers/STM32F4xx_HAL_Driver/Src/stm32f4xx_hal_uart.o
 *fill*         0x08007a52        0x2 
 .text.UART_Start_Receive_DMA
                0x08007a54      0x14c ./Drivers/STM32F4xx_HAL_Driver/Src/stm32f4xx_hal_uart.o
                0x08007a54                UART_Start_Receive_DMA
 .text.UART_EndTxTransfer
                0x08007ba0       0x50 ./Drivers/STM32F4xx_HAL_Driver/Src/stm32f4xx_hal_uart.o
 .text.UART_EndRxTransfer
                0x08007bf0       0xc6 ./Drivers/STM32F4xx_HAL_Driver/Src/stm32f4xx_hal_uart.o
 .text.UART_DMAAbortOnError
                0x08007cb6       0x22 ./Drivers/STM32F4xx_HAL_Driver/Src/stm32f4xx_hal_uart.o
 .text.UART_Transmit_IT
                0x08007cd8       0xa0 ./Drivers/STM32F4xx_HAL_Driver/Src/stm32f4xx_hal_uart.o
 .text.UART_EndTransmit_IT
                0x08007d78       0x30 ./Drivers/STM32F4xx_HAL_Driver/Src/stm32f4xx_hal_uart.o
 .text.UART_Receive_IT
                0x08007da8      0x17c ./Drivers/STM32F4xx_HAL_Driver/Src/stm32f4xx_hal_uart.o
 .text.UART_SetConfig
                0x08007f24      0x4e8 ./Drivers/STM32F4xx_HAL_Driver/Src/stm32f4xx_hal_uart.o
 .text._ZN8DwinDgusC2EP20__UART_HandleTypeDefP19__DMA_HandleTypeDef
                0x0800840c       0x6c ./Libraries/DWIN/Dwin.o
                0x0800840c                DwinDgus::DwinDgus(__UART_HandleTypeDef*, __DMA_HandleTypeDef*)
                0x0800840c                DwinDgus::DwinDgus(__UART_HandleTypeDef*, __DMA_HandleTypeDef*)
 .text._ZN8DwinDgus18set_pos_from_valueEtt
                0x08008478       0xc8 ./Libraries/DWIN/Dwin.o
                0x08008478                DwinDgus::set_pos_from_value(unsigned short, unsigned short)
 .text._ZN8DwinDgus13CMD_READ_FuncEv
                0x08008540       0xa8 ./Libraries/DWIN/Dwin.o
                0x08008540                DwinDgus::CMD_READ_Func()
 .text._ZN8DwinDgus22handled_data_interruptEv
                0x080085e8       0x48 ./Libraries/DWIN/Dwin.o
                0x080085e8                DwinDgus::handled_data_interrupt()
 .text._ZN8DwinDgus7beepHMIEv
                0x08008630       0x60 ./Libraries/DWIN/Dwin.o
                0x08008630                DwinDgus::beepHMI()
 .text._ZN8DwinDgus5setVPEtt
                0x08008690       0x78 ./Libraries/DWIN/Dwin.o
                0x08008690                DwinDgus::setVP(unsigned short, unsigned short)
 .text._ZN4STEP10update_ISREv
                0x08008708       0x9e ./Libraries/STEP_MOTOR/STEP.o
                0x08008708                STEP::update_ISR()
 *fill*         0x080087a6        0x2 
 .text._ZN4STEP13setStepPeriodEm
                0x080087a8       0x38 ./Libraries/STEP_MOTOR/STEP.o
                0x080087a8                STEP::setStepPeriod(unsigned long)
 .text.Home_Update_All
                0x080087e0      0x170 ./Libraries/Set_home/Sethome.o
                0x080087e0                Home_Update_All
 .text.Sethome_link4
                0x08008950       0x9c ./Libraries/Set_home/Sethome.o
                0x08008950                Sethome_link4
 .text.__NVIC_SetPriority
                0x080089ec       0x54 ./Middlewares/Third_Party/FreeRTOS/Source/CMSIS_RTOS_V2/cmsis_os2.o
 .text.SysTick_Handler
                0x08008a40       0x20 ./Middlewares/Third_Party/FreeRTOS/Source/CMSIS_RTOS_V2/cmsis_os2.o
                0x08008a40                SysTick_Handler
 .text.SVC_Setup
                0x08008a60       0x12 ./Middlewares/Third_Party/FreeRTOS/Source/CMSIS_RTOS_V2/cmsis_os2.o
 *fill*         0x08008a72        0x2 
 .text.osKernelInitialize
                0x08008a74       0x48 ./Middlewares/Third_Party/FreeRTOS/Source/CMSIS_RTOS_V2/cmsis_os2.o
                0x08008a74                osKernelInitialize
 .text.osKernelStart
                0x08008abc       0x4c ./Middlewares/Third_Party/FreeRTOS/Source/CMSIS_RTOS_V2/cmsis_os2.o
                0x08008abc                osKernelStart
 .text.osThreadNew
                0x08008b08      0x124 ./Middlewares/Third_Party/FreeRTOS/Source/CMSIS_RTOS_V2/cmsis_os2.o
                0x08008b08                osThreadNew
 .text.osDelay  0x08008c2c       0x36 ./Middlewares/Third_Party/FreeRTOS/Source/CMSIS_RTOS_V2/cmsis_os2.o
                0x08008c2c                osDelay
 .text.osSemaphoreNew
                0x08008c62      0x112 ./Middlewares/Third_Party/FreeRTOS/Source/CMSIS_RTOS_V2/cmsis_os2.o
                0x08008c62                osSemaphoreNew
 .text.osSemaphoreAcquire
                0x08008d74       0xa4 ./Middlewares/Third_Party/FreeRTOS/Source/CMSIS_RTOS_V2/cmsis_os2.o
                0x08008d74                osSemaphoreAcquire
 .text.osSemaphoreRelease
                0x08008e18       0x88 ./Middlewares/Third_Party/FreeRTOS/Source/CMSIS_RTOS_V2/cmsis_os2.o
                0x08008e18                osSemaphoreRelease
 .text.osMessageQueueNew
                0x08008ea0       0xe6 ./Middlewares/Third_Party/FreeRTOS/Source/CMSIS_RTOS_V2/cmsis_os2.o
                0x08008ea0                osMessageQueueNew
 *fill*         0x08008f86        0x2 
 .text.osMessageQueuePut
                0x08008f88       0xc0 ./Middlewares/Third_Party/FreeRTOS/Source/CMSIS_RTOS_V2/cmsis_os2.o
                0x08008f88                osMessageQueuePut
 .text.osMessageQueueGet
                0x08009048       0xbc ./Middlewares/Third_Party/FreeRTOS/Source/CMSIS_RTOS_V2/cmsis_os2.o
                0x08009048                osMessageQueueGet
 .text.vApplicationGetIdleTaskMemory
                0x08009104       0x34 ./Middlewares/Third_Party/FreeRTOS/Source/CMSIS_RTOS_V2/cmsis_os2.o
                0x08009104                vApplicationGetIdleTaskMemory
 .text.vApplicationGetTimerTaskMemory
                0x08009138       0x34 ./Middlewares/Third_Party/FreeRTOS/Source/CMSIS_RTOS_V2/cmsis_os2.o
                0x08009138                vApplicationGetTimerTaskMemory
 .text.vListInitialise
                0x0800916c       0x40 ./Middlewares/Third_Party/FreeRTOS/Source/list.o
                0x0800916c                vListInitialise
 .text.vListInitialiseItem
                0x080091ac       0x1a ./Middlewares/Third_Party/FreeRTOS/Source/list.o
                0x080091ac                vListInitialiseItem
 .text.vListInsertEnd
                0x080091c6       0x48 ./Middlewares/Third_Party/FreeRTOS/Source/list.o
                0x080091c6                vListInsertEnd
 .text.vListInsert
                0x0800920e       0x72 ./Middlewares/Third_Party/FreeRTOS/Source/list.o
                0x0800920e                vListInsert
 .text.uxListRemove
                0x08009280       0x54 ./Middlewares/Third_Party/FreeRTOS/Source/list.o
                0x08009280                uxListRemove
 .text.xQueueGenericReset
                0x080092d4       0xd4 ./Middlewares/Third_Party/FreeRTOS/Source/queue.o
                0x080092d4                xQueueGenericReset
 .text.xQueueGenericCreateStatic
                0x080093a8       0xfa ./Middlewares/Third_Party/FreeRTOS/Source/queue.o
                0x080093a8                xQueueGenericCreateStatic
 .text.xQueueGenericCreate
                0x080094a2       0x76 ./Middlewares/Third_Party/FreeRTOS/Source/queue.o
                0x080094a2                xQueueGenericCreate
 .text.prvInitialiseNewQueue
                0x08009518       0x46 ./Middlewares/Third_Party/FreeRTOS/Source/queue.o
 .text.xQueueCreateCountingSemaphoreStatic
                0x0800955e       0x72 ./Middlewares/Third_Party/FreeRTOS/Source/queue.o
                0x0800955e                xQueueCreateCountingSemaphoreStatic
 .text.xQueueCreateCountingSemaphore
                0x080095d0       0x6a ./Middlewares/Third_Party/FreeRTOS/Source/queue.o
                0x080095d0                xQueueCreateCountingSemaphore
 *fill*         0x0800963a        0x2 
 .text.xQueueGenericSend
                0x0800963c      0x204 ./Middlewares/Third_Party/FreeRTOS/Source/queue.o
                0x0800963c                xQueueGenericSend
 .text.xQueueGenericSendFromISR
                0x08009840      0x13c ./Middlewares/Third_Party/FreeRTOS/Source/queue.o
                0x08009840                xQueueGenericSendFromISR
 .text.xQueueGiveFromISR
                0x0800997c      0x120 ./Middlewares/Third_Party/FreeRTOS/Source/queue.o
                0x0800997c                xQueueGiveFromISR
 .text.xQueueReceive
                0x08009a9c      0x1c4 ./Middlewares/Third_Party/FreeRTOS/Source/queue.o
                0x08009a9c                xQueueReceive
 .text.xQueueSemaphoreTake
                0x08009c60      0x220 ./Middlewares/Third_Party/FreeRTOS/Source/queue.o
                0x08009c60                xQueueSemaphoreTake
 .text.xQueueReceiveFromISR
                0x08009e80      0x104 ./Middlewares/Third_Party/FreeRTOS/Source/queue.o
                0x08009e80                xQueueReceiveFromISR
 .text.vQueueDelete
                0x08009f84       0x48 ./Middlewares/Third_Party/FreeRTOS/Source/queue.o
                0x08009f84                vQueueDelete
 .text.prvGetDisinheritPriorityAfterTimeout
                0x08009fcc       0x30 ./Middlewares/Third_Party/FreeRTOS/Source/queue.o
 .text.prvCopyDataToQueue
                0x08009ffc       0xd4 ./Middlewares/Third_Party/FreeRTOS/Source/queue.o
 .text.prvCopyDataFromQueue
                0x0800a0d0       0x4c ./Middlewares/Third_Party/FreeRTOS/Source/queue.o
 .text.prvUnlockQueue
                0x0800a11c       0xa4 ./Middlewares/Third_Party/FreeRTOS/Source/queue.o
 .text.prvIsQueueEmpty
                0x0800a1c0       0x2c ./Middlewares/Third_Party/FreeRTOS/Source/queue.o
 .text.prvIsQueueFull
                0x0800a1ec       0x30 ./Middlewares/Third_Party/FreeRTOS/Source/queue.o
 .text.vQueueAddToRegistry
                0x0800a21c       0x54 ./Middlewares/Third_Party/FreeRTOS/Source/queue.o
                0x0800a21c                vQueueAddToRegistry
 .text.vQueueUnregisterQueue
                0x0800a270       0x54 ./Middlewares/Third_Party/FreeRTOS/Source/queue.o
                0x0800a270                vQueueUnregisterQueue
 .text.vQueueWaitForMessageRestricted
                0x0800a2c4       0x68 ./Middlewares/Third_Party/FreeRTOS/Source/queue.o
                0x0800a2c4                vQueueWaitForMessageRestricted
 .text.xTaskCreateStatic
                0x0800a32c       0xc0 ./Middlewares/Third_Party/FreeRTOS/Source/tasks.o
                0x0800a32c                xTaskCreateStatic
 .text.xTaskCreate
                0x0800a3ec       0x8a ./Middlewares/Third_Party/FreeRTOS/Source/tasks.o
                0x0800a3ec                xTaskCreate
 .text.prvInitialiseNewTask
                0x0800a476      0x120 ./Middlewares/Third_Party/FreeRTOS/Source/tasks.o
 *fill*         0x0800a596        0x2 
 .text.prvAddNewTaskToReadyList
                0x0800a598       0xe0 ./Middlewares/Third_Party/FreeRTOS/Source/tasks.o
 .text.vTaskDelay
                0x0800a678       0x6c ./Middlewares/Third_Party/FreeRTOS/Source/tasks.o
                0x0800a678                vTaskDelay
 .text.vTaskStartScheduler
                0x0800a6e4       0xd0 ./Middlewares/Third_Party/FreeRTOS/Source/tasks.o
                0x0800a6e4                vTaskStartScheduler
 .text.vTaskSuspendAll
                0x0800a7b4       0x1c ./Middlewares/Third_Party/FreeRTOS/Source/tasks.o
                0x0800a7b4                vTaskSuspendAll
 .text.xTaskResumeAll
                0x0800a7d0      0x13c ./Middlewares/Third_Party/FreeRTOS/Source/tasks.o
                0x0800a7d0                xTaskResumeAll
 .text.xTaskGetTickCount
                0x0800a90c       0x20 ./Middlewares/Third_Party/FreeRTOS/Source/tasks.o
                0x0800a90c                xTaskGetTickCount
 .text.xTaskIncrementTick
                0x0800a92c      0x174 ./Middlewares/Third_Party/FreeRTOS/Source/tasks.o
                0x0800a92c                xTaskIncrementTick
 .text.vTaskSwitchContext
                0x0800aaa0       0xbc ./Middlewares/Third_Party/FreeRTOS/Source/tasks.o
                0x0800aaa0                vTaskSwitchContext
 .text.vTaskPlaceOnEventList
                0x0800ab5c       0x4c ./Middlewares/Third_Party/FreeRTOS/Source/tasks.o
                0x0800ab5c                vTaskPlaceOnEventList
 .text.vTaskPlaceOnEventListRestricted
                0x0800aba8       0x58 ./Middlewares/Third_Party/FreeRTOS/Source/tasks.o
                0x0800aba8                vTaskPlaceOnEventListRestricted
 .text.xTaskRemoveFromEventList
                0x0800ac00       0xc8 ./Middlewares/Third_Party/FreeRTOS/Source/tasks.o
                0x0800ac00                xTaskRemoveFromEventList
 .text.vTaskInternalSetTimeOutState
                0x0800acc8       0x2c ./Middlewares/Third_Party/FreeRTOS/Source/tasks.o
                0x0800acc8                vTaskInternalSetTimeOutState
 .text.xTaskCheckForTimeOut
                0x0800acf4       0xc8 ./Middlewares/Third_Party/FreeRTOS/Source/tasks.o
                0x0800acf4                xTaskCheckForTimeOut
 .text.vTaskMissedYield
                0x0800adbc       0x18 ./Middlewares/Third_Party/FreeRTOS/Source/tasks.o
                0x0800adbc                vTaskMissedYield
 .text.prvIdleTask
                0x0800add4       0x30 ./Middlewares/Third_Party/FreeRTOS/Source/tasks.o
 .text.prvInitialiseTaskLists
                0x0800ae04       0x80 ./Middlewares/Third_Party/FreeRTOS/Source/tasks.o
 .text.prvCheckTasksWaitingTermination
                0x0800ae84       0x5c ./Middlewares/Third_Party/FreeRTOS/Source/tasks.o
 .text.prvDeleteTCB
                0x0800aee0       0x60 ./Middlewares/Third_Party/FreeRTOS/Source/tasks.o
 .text.prvResetNextTaskUnblockTime
                0x0800af40       0x40 ./Middlewares/Third_Party/FreeRTOS/Source/tasks.o
 .text.xTaskGetSchedulerState
                0x0800af80       0x3c ./Middlewares/Third_Party/FreeRTOS/Source/tasks.o
                0x0800af80                xTaskGetSchedulerState
 .text.xTaskPriorityInherit
                0x0800afbc       0xd0 ./Middlewares/Third_Party/FreeRTOS/Source/tasks.o
                0x0800afbc                xTaskPriorityInherit
 .text.xTaskPriorityDisinherit
                0x0800b08c       0xe0 ./Middlewares/Third_Party/FreeRTOS/Source/tasks.o
                0x0800b08c                xTaskPriorityDisinherit
 .text.vTaskPriorityDisinheritAfterTimeout
                0x0800b16c      0x108 ./Middlewares/Third_Party/FreeRTOS/Source/tasks.o
                0x0800b16c                vTaskPriorityDisinheritAfterTimeout
 .text.pvTaskIncrementMutexHeldCount
                0x0800b274       0x28 ./Middlewares/Third_Party/FreeRTOS/Source/tasks.o
                0x0800b274                pvTaskIncrementMutexHeldCount
 .text.prvAddCurrentTaskToDelayedList
                0x0800b29c       0xa8 ./Middlewares/Third_Party/FreeRTOS/Source/tasks.o
 .text.xTimerCreateTimerTask
                0x0800b344       0x94 ./Middlewares/Third_Party/FreeRTOS/Source/timers.o
                0x0800b344                xTimerCreateTimerTask
 .text.xTimerGenericCommand
                0x0800b3d8       0x9c ./Middlewares/Third_Party/FreeRTOS/Source/timers.o
                0x0800b3d8                xTimerGenericCommand
 .text.prvProcessExpiredTimer
                0x0800b474       0x9c ./Middlewares/Third_Party/FreeRTOS/Source/timers.o
 .text.prvTimerTask
                0x0800b510       0x26 ./Middlewares/Third_Party/FreeRTOS/Source/timers.o
 *fill*         0x0800b536        0x2 
 .text.prvProcessTimerOrBlockTask
                0x0800b538       0x9c ./Middlewares/Third_Party/FreeRTOS/Source/timers.o
 .text.prvGetNextExpireTime
                0x0800b5d4       0x48 ./Middlewares/Third_Party/FreeRTOS/Source/timers.o
 .text.prvSampleTimeNow
                0x0800b61c       0x40 ./Middlewares/Third_Party/FreeRTOS/Source/timers.o
 .text.prvInsertTimerInActiveList
                0x0800b65c       0x84 ./Middlewares/Third_Party/FreeRTOS/Source/timers.o
 .text.prvProcessReceivedCommands
                0x0800b6e0      0x1cc ./Middlewares/Third_Party/FreeRTOS/Source/timers.o
 .text.prvSwitchTimerLists
                0x0800b8ac       0xcc ./Middlewares/Third_Party/FreeRTOS/Source/timers.o
 .text.prvCheckForValidListAndQueue
                0x0800b978       0x80 ./Middlewares/Third_Party/FreeRTOS/Source/timers.o
 .text.pxPortInitialiseStack
                0x0800b9f8       0x68 ./Middlewares/Third_Party/FreeRTOS/Source/portable/GCC/ARM_CM4F/port.o
                0x0800b9f8                pxPortInitialiseStack
 .text.prvTaskExitError
                0x0800ba60       0x5c ./Middlewares/Third_Party/FreeRTOS/Source/portable/GCC/ARM_CM4F/port.o
 *fill*         0x0800babc        0x4 
 .text.SVC_Handler
                0x0800bac0       0x28 ./Middlewares/Third_Party/FreeRTOS/Source/portable/GCC/ARM_CM4F/port.o
                0x0800bac0                SVC_Handler
 .text.prvPortStartFirstTask
                0x0800bae8       0x28 ./Middlewares/Third_Party/FreeRTOS/Source/portable/GCC/ARM_CM4F/port.o
 .text.xPortStartScheduler
                0x0800bb10      0x148 ./Middlewares/Third_Party/FreeRTOS/Source/portable/GCC/ARM_CM4F/port.o
                0x0800bb10                xPortStartScheduler
 .text.vPortEnterCritical
                0x0800bc58       0x64 ./Middlewares/Third_Party/FreeRTOS/Source/portable/GCC/ARM_CM4F/port.o
                0x0800bc58                vPortEnterCritical
 .text.vPortExitCritical
                0x0800bcbc       0x54 ./Middlewares/Third_Party/FreeRTOS/Source/portable/GCC/ARM_CM4F/port.o
                0x0800bcbc                vPortExitCritical
 .text.PendSV_Handler
                0x0800bd10       0x68 ./Middlewares/Third_Party/FreeRTOS/Source/portable/GCC/ARM_CM4F/port.o
                0x0800bd10                PendSV_Handler
 .text.xPortSysTickHandler
                0x0800bd78       0x44 ./Middlewares/Third_Party/FreeRTOS/Source/portable/GCC/ARM_CM4F/port.o
                0x0800bd78                xPortSysTickHandler
 .text.vPortSetupTimerInterrupt
                0x0800bdbc       0x48 ./Middlewares/Third_Party/FreeRTOS/Source/portable/GCC/ARM_CM4F/port.o
                0x0800bdbc                vPortSetupTimerInterrupt
 .text.vPortEnableVFP
                0x0800be04       0x14 ./Middlewares/Third_Party/FreeRTOS/Source/portable/GCC/ARM_CM4F/port.o
 .text.vPortValidateInterruptPriority
                0x0800be18       0x84 ./Middlewares/Third_Party/FreeRTOS/Source/portable/GCC/ARM_CM4F/port.o
                0x0800be18                vPortValidateInterruptPriority
 .text.pvPortMalloc
                0x0800be9c      0x19c ./Middlewares/Third_Party/FreeRTOS/Source/portable/MemMang/heap_4.o
                0x0800be9c                pvPortMalloc
 .text.vPortFree
                0x0800c038       0xc8 ./Middlewares/Third_Party/FreeRTOS/Source/portable/MemMang/heap_4.o
                0x0800c038                vPortFree
 .text.prvHeapInit
                0x0800c100       0xc4 ./Middlewares/Third_Party/FreeRTOS/Source/portable/MemMang/heap_4.o
 .text.prvInsertBlockIntoFreeList
                0x0800c1c4       0xb4 ./Middlewares/Third_Party/FreeRTOS/Source/portable/MemMang/heap_4.o
 .text._Znwj    0x0800c278       0x22 C:/ST/STM32CubeIDE_1.17.0/STM32CubeIDE/plugins/com.st.stm32cube.ide.mcu.externaltools.gnu-tools-for-stm32.12.3.rel1.win32_1.1.0.202410251130/tools/bin/../lib/gcc/arm-none-eabi/12.3.1/../../../../arm-none-eabi/lib/thumb/v7e-m+fp/hard\libstdc++_nano.a(new_op.o)
                0x0800c278                operator new(unsigned int)
 *fill*         0x0800c29a        0x2 
 .text._ZSt15get_new_handlerv
                0x0800c29c       0x10 C:/ST/STM32CubeIDE_1.17.0/STM32CubeIDE/plugins/com.st.stm32cube.ide.mcu.externaltools.gnu-tools-for-stm32.12.3.rel1.win32_1.1.0.202410251130/tools/bin/../lib/gcc/arm-none-eabi/12.3.1/../../../../arm-none-eabi/lib/thumb/v7e-m+fp/hard\libstdc++_nano.a(new_handler.o)
                0x0800c29c                std::get_new_handler()
 .text.abort    0x0800c2ac        0xe C:/ST/STM32CubeIDE_1.17.0/STM32CubeIDE/plugins/com.st.stm32cube.ide.mcu.externaltools.gnu-tools-for-stm32.12.3.rel1.win32_1.1.0.202410251130/tools/bin/../lib/gcc/arm-none-eabi/12.3.1/../../../../arm-none-eabi/lib/thumb/v7e-m+fp/hard\libc_nano.a(libc_a-abort.o)
                0x0800c2ac                abort
 *fill*         0x0800c2ba        0x2 
 .text.malloc   0x0800c2bc       0x10 C:/ST/STM32CubeIDE_1.17.0/STM32CubeIDE/plugins/com.st.stm32cube.ide.mcu.externaltools.gnu-tools-for-stm32.12.3.rel1.win32_1.1.0.202410251130/tools/bin/../lib/gcc/arm-none-eabi/12.3.1/../../../../arm-none-eabi/lib/thumb/v7e-m+fp/hard\libc_nano.a(libc_a-malloc.o)
                0x0800c2bc                malloc
 .text.sbrk_aligned
                0x0800c2cc       0x44 C:/ST/STM32CubeIDE_1.17.0/STM32CubeIDE/plugins/com.st.stm32cube.ide.mcu.externaltools.gnu-tools-for-stm32.12.3.rel1.win32_1.1.0.202410251130/tools/bin/../lib/gcc/arm-none-eabi/12.3.1/../../../../arm-none-eabi/lib/thumb/v7e-m+fp/hard\libc_nano.a(libc_a-mallocr.o)
 .text._malloc_r
                0x0800c310      0x100 C:/ST/STM32CubeIDE_1.17.0/STM32CubeIDE/plugins/com.st.stm32cube.ide.mcu.externaltools.gnu-tools-for-stm32.12.3.rel1.win32_1.1.0.202410251130/tools/bin/../lib/gcc/arm-none-eabi/12.3.1/../../../../arm-none-eabi/lib/thumb/v7e-m+fp/hard\libc_nano.a(libc_a-mallocr.o)
                0x0800c310                _malloc_r
 .text.__malloc_lock
                0x0800c410        0xc C:/ST/STM32CubeIDE_1.17.0/STM32CubeIDE/plugins/com.st.stm32cube.ide.mcu.externaltools.gnu-tools-for-stm32.12.3.rel1.win32_1.1.0.202410251130/tools/bin/../lib/gcc/arm-none-eabi/12.3.1/../../../../arm-none-eabi/lib/thumb/v7e-m+fp/hard\libc_nano.a(libc_a-mlock.o)
                0x0800c410                __malloc_lock
 .text.__malloc_unlock
                0x0800c41c        0xc C:/ST/STM32CubeIDE_1.17.0/STM32CubeIDE/plugins/com.st.stm32cube.ide.mcu.externaltools.gnu-tools-for-stm32.12.3.rel1.win32_1.1.0.202410251130/tools/bin/../lib/gcc/arm-none-eabi/12.3.1/../../../../arm-none-eabi/lib/thumb/v7e-m+fp/hard\libc_nano.a(libc_a-mlock.o)
                0x0800c41c                __malloc_unlock
 .text.memset   0x0800c428       0x10 C:/ST/STM32CubeIDE_1.17.0/STM32CubeIDE/plugins/com.st.stm32cube.ide.mcu.externaltools.gnu-tools-for-stm32.12.3.rel1.win32_1.1.0.202410251130/tools/bin/../lib/gcc/arm-none-eabi/12.3.1/../../../../arm-none-eabi/lib/thumb/v7e-m+fp/hard\libc_nano.a(libc_a-memset.o)
                0x0800c428                memset
 .text._raise_r
                0x0800c438       0x50 C:/ST/STM32CubeIDE_1.17.0/STM32CubeIDE/plugins/com.st.stm32cube.ide.mcu.externaltools.gnu-tools-for-stm32.12.3.rel1.win32_1.1.0.202410251130/tools/bin/../lib/gcc/arm-none-eabi/12.3.1/../../../../arm-none-eabi/lib/thumb/v7e-m+fp/hard\libc_nano.a(libc_a-signal.o)
                0x0800c438                _raise_r
 .text.raise    0x0800c488       0x10 C:/ST/STM32CubeIDE_1.17.0/STM32CubeIDE/plugins/com.st.stm32cube.ide.mcu.externaltools.gnu-tools-for-stm32.12.3.rel1.win32_1.1.0.202410251130/tools/bin/../lib/gcc/arm-none-eabi/12.3.1/../../../../arm-none-eabi/lib/thumb/v7e-m+fp/hard\libc_nano.a(libc_a-signal.o)
                0x0800c488                raise
 .text._kill_r  0x0800c498       0x24 C:/ST/STM32CubeIDE_1.17.0/STM32CubeIDE/plugins/com.st.stm32cube.ide.mcu.externaltools.gnu-tools-for-stm32.12.3.rel1.win32_1.1.0.202410251130/tools/bin/../lib/gcc/arm-none-eabi/12.3.1/../../../../arm-none-eabi/lib/thumb/v7e-m+fp/hard\libc_nano.a(libc_a-signalr.o)
                0x0800c498                _kill_r
 .text._getpid_r
                0x0800c4bc        0x4 C:/ST/STM32CubeIDE_1.17.0/STM32CubeIDE/plugins/com.st.stm32cube.ide.mcu.externaltools.gnu-tools-for-stm32.12.3.rel1.win32_1.1.0.202410251130/tools/bin/../lib/gcc/arm-none-eabi/12.3.1/../../../../arm-none-eabi/lib/thumb/v7e-m+fp/hard\libc_nano.a(libc_a-signalr.o)
                0x0800c4bc                _getpid_r
 .text._sbrk_r  0x0800c4c0       0x20 C:/ST/STM32CubeIDE_1.17.0/STM32CubeIDE/plugins/com.st.stm32cube.ide.mcu.externaltools.gnu-tools-for-stm32.12.3.rel1.win32_1.1.0.202410251130/tools/bin/../lib/gcc/arm-none-eabi/12.3.1/../../../../arm-none-eabi/lib/thumb/v7e-m+fp/hard\libc_nano.a(libc_a-sbrkr.o)
                0x0800c4c0                _sbrk_r
 .text.__errno  0x0800c4e0        0xc C:/ST/STM32CubeIDE_1.17.0/STM32CubeIDE/plugins/com.st.stm32cube.ide.mcu.externaltools.gnu-tools-for-stm32.12.3.rel1.win32_1.1.0.202410251130/tools/bin/../lib/gcc/arm-none-eabi/12.3.1/../../../../arm-none-eabi/lib/thumb/v7e-m+fp/hard\libc_nano.a(libc_a-errno.o)
                0x0800c4e0                __errno
 .text.__libc_init_array
                0x0800c4ec       0x48 C:/ST/STM32CubeIDE_1.17.0/STM32CubeIDE/plugins/com.st.stm32cube.ide.mcu.externaltools.gnu-tools-for-stm32.12.3.rel1.win32_1.1.0.202410251130/tools/bin/../lib/gcc/arm-none-eabi/12.3.1/../../../../arm-none-eabi/lib/thumb/v7e-m+fp/hard\libc_nano.a(libc_a-init.o)
                0x0800c4ec                __libc_init_array
 .text.__retarget_lock_acquire_recursive
                0x0800c534        0x2 C:/ST/STM32CubeIDE_1.17.0/STM32CubeIDE/plugins/com.st.stm32cube.ide.mcu.externaltools.gnu-tools-for-stm32.12.3.rel1.win32_1.1.0.202410251130/tools/bin/../lib/gcc/arm-none-eabi/12.3.1/../../../../arm-none-eabi/lib/thumb/v7e-m+fp/hard\libc_nano.a(libc_a-lock.o)
                0x0800c534                __retarget_lock_acquire_recursive
 .text.__retarget_lock_release_recursive
                0x0800c536        0x2 C:/ST/STM32CubeIDE_1.17.0/STM32CubeIDE/plugins/com.st.stm32cube.ide.mcu.externaltools.gnu-tools-for-stm32.12.3.rel1.win32_1.1.0.202410251130/tools/bin/../lib/gcc/arm-none-eabi/12.3.1/../../../../arm-none-eabi/lib/thumb/v7e-m+fp/hard\libc_nano.a(libc_a-lock.o)
                0x0800c536                __retarget_lock_release_recursive
 .text.memcpy   0x0800c538       0x1c C:/ST/STM32CubeIDE_1.17.0/STM32CubeIDE/plugins/com.st.stm32cube.ide.mcu.externaltools.gnu-tools-for-stm32.12.3.rel1.win32_1.1.0.202410251130/tools/bin/../lib/gcc/arm-none-eabi/12.3.1/../../../../arm-none-eabi/lib/thumb/v7e-m+fp/hard\libc_nano.a(libc_a-memcpy-stub.o)
                0x0800c538                memcpy
 *(.glue_7)
 .glue_7        0x0800c554        0x0 linker stubs
 *(.glue_7t)
 .glue_7t       0x0800c554        0x0 linker stubs
 *(.eh_frame)
 .eh_frame      0x0800c554        0x0 C:/ST/STM32CubeIDE_1.17.0/STM32CubeIDE/plugins/com.st.stm32cube.ide.mcu.externaltools.gnu-tools-for-stm32.12.3.rel1.win32_1.1.0.202410251130/tools/bin/../lib/gcc/arm-none-eabi/12.3.1/thumb/v7e-m+fp/hard/crtbegin.o
 *(.init)
 .init          0x0800c554        0x4 C:/ST/STM32CubeIDE_1.17.0/STM32CubeIDE/plugins/com.st.stm32cube.ide.mcu.externaltools.gnu-tools-for-stm32.12.3.rel1.win32_1.1.0.202410251130/tools/bin/../lib/gcc/arm-none-eabi/12.3.1/thumb/v7e-m+fp/hard/crti.o
                0x0800c554                _init
 .init          0x0800c558        0x8 C:/ST/STM32CubeIDE_1.17.0/STM32CubeIDE/plugins/com.st.stm32cube.ide.mcu.externaltools.gnu-tools-for-stm32.12.3.rel1.win32_1.1.0.202410251130/tools/bin/../lib/gcc/arm-none-eabi/12.3.1/thumb/v7e-m+fp/hard/crtn.o
 *(.fini)
 .fini          0x0800c560        0x4 C:/ST/STM32CubeIDE_1.17.0/STM32CubeIDE/plugins/com.st.stm32cube.ide.mcu.externaltools.gnu-tools-for-stm32.12.3.rel1.win32_1.1.0.202410251130/tools/bin/../lib/gcc/arm-none-eabi/12.3.1/thumb/v7e-m+fp/hard/crti.o
                0x0800c560                _fini
 .fini          0x0800c564        0x8 C:/ST/STM32CubeIDE_1.17.0/STM32CubeIDE/plugins/com.st.stm32cube.ide.mcu.externaltools.gnu-tools-for-stm32.12.3.rel1.win32_1.1.0.202410251130/tools/bin/../lib/gcc/arm-none-eabi/12.3.1/thumb/v7e-m+fp/hard/crtn.o
                0x0800c56c                        . = ALIGN (0x4)
                0x0800c56c                        _etext = .

.vfp11_veneer   0x0800c56c        0x0
 .vfp11_veneer  0x0800c56c        0x0 linker stubs

.v4_bx          0x0800c56c        0x0
 .v4_bx         0x0800c56c        0x0 linker stubs

.iplt           0x0800c56c        0x0
 .iplt          0x0800c56c        0x0 C:/ST/STM32CubeIDE_1.17.0/STM32CubeIDE/plugins/com.st.stm32cube.ide.mcu.externaltools.gnu-tools-for-stm32.12.3.rel1.win32_1.1.0.202410251130/tools/bin/../lib/gcc/arm-none-eabi/12.3.1/thumb/v7e-m+fp/hard/crtbegin.o

.rodata         0x0800c56c      0x13c
                0x0800c56c                        . = ALIGN (0x4)
 *(.rodata)
 .rodata        0x0800c56c       0x49 ./Core/Src/freertos.o
 *fill*         0x0800c5b5        0x3 
 .rodata        0x0800c5b8        0x5 ./Middlewares/Third_Party/FreeRTOS/Source/tasks.o
 *fill*         0x0800c5bd        0x3 
 .rodata        0x0800c5c0        0xd ./Middlewares/Third_Party/FreeRTOS/Source/timers.o
 *(.rodata*)
 *fill*         0x0800c5cd        0x3 
 .rodata.Sensor_Task_attributes
                0x0800c5d0       0x24 ./Core/Src/freertos.o
                0x0800c5d0                Sensor_Task_attributes
 .rodata.myTask02_attributes
                0x0800c5f4       0x24 ./Core/Src/freertos.o
                0x0800c5f4                myTask02_attributes
 .rodata.TaskHmi_attributes
                0x0800c618       0x24 ./Core/Src/freertos.o
                0x0800c618                TaskHmi_attributes
 .rodata.Task_DMA_HMI_attributes
                0x0800c63c       0x24 ./Core/Src/freertos.o
                0x0800c63c                Task_DMA_HMI_attributes
 .rodata.Queue_DWIN_attributes
                0x0800c660       0x18 ./Core/Src/freertos.o
                0x0800c660                Queue_DWIN_attributes
 .rodata.Seme_Tx_dwin_attributes
                0x0800c678       0x10 ./Core/Src/freertos.o
                0x0800c678                Seme_Tx_dwin_attributes
 .rodata.AHBPrescTable
                0x0800c688       0x10 ./Core/Src/system_stm32f4xx.o
                0x0800c688                AHBPrescTable
 .rodata.APBPrescTable
                0x0800c698        0x8 ./Core/Src/system_stm32f4xx.o
                0x0800c698                APBPrescTable
 .rodata.flagBitshiftOffset.0
                0x0800c6a0        0x8 ./Drivers/STM32F4xx_HAL_Driver/Src/stm32f4xx_hal_dma.o
                0x0800c6a8                        . = ALIGN (0x4)

.ARM.extab      0x0800c6a8        0x0
                0x0800c6a8                        . = ALIGN (0x4)
 *(.ARM.extab* .gnu.linkonce.armextab.*)
                0x0800c6a8                        . = ALIGN (0x4)

.ARM            0x0800c6a8        0x8
                0x0800c6a8                        . = ALIGN (0x4)
                0x0800c6a8                        __exidx_start = .
 *(.ARM.exidx*)
 .ARM.exidx     0x0800c6a8        0x8 C:/ST/STM32CubeIDE_1.17.0/STM32CubeIDE/plugins/com.st.stm32cube.ide.mcu.externaltools.gnu-tools-for-stm32.12.3.rel1.win32_1.1.0.202410251130/tools/bin/../lib/gcc/arm-none-eabi/12.3.1/thumb/v7e-m+fp/hard\libgcc.a(_udivmoddi4.o)
                0x0800c6b0                        __exidx_end = .
                0x0800c6b0                        . = ALIGN (0x4)

.preinit_array  0x0800c6b0        0x0
                0x0800c6b0                        . = ALIGN (0x4)
                0x0800c6b0                        PROVIDE (__preinit_array_start = .)
 *(.preinit_array*)
                0x0800c6b0                        PROVIDE (__preinit_array_end = .)
                0x0800c6b0                        . = ALIGN (0x4)

.init_array     0x0800c6b0        0x4
                0x0800c6b0                        . = ALIGN (0x4)
                0x0800c6b0                        PROVIDE (__init_array_start = .)
 *(SORT_BY_NAME(.init_array.*))
 *(.init_array*)
 .init_array    0x0800c6b0        0x4 C:/ST/STM32CubeIDE_1.17.0/STM32CubeIDE/plugins/com.st.stm32cube.ide.mcu.externaltools.gnu-tools-for-stm32.12.3.rel1.win32_1.1.0.202410251130/tools/bin/../lib/gcc/arm-none-eabi/12.3.1/thumb/v7e-m+fp/hard/crtbegin.o
                0x0800c6b4                        PROVIDE (__init_array_end = .)
                0x0800c6b4                        . = ALIGN (0x4)

.fini_array     0x0800c6b4        0x4
                0x0800c6b4                        . = ALIGN (0x4)
                [!provide]                        PROVIDE (__fini_array_start = .)
 *(SORT_BY_NAME(.fini_array.*))
 *(.fini_array*)
 .fini_array    0x0800c6b4        0x4 C:/ST/STM32CubeIDE_1.17.0/STM32CubeIDE/plugins/com.st.stm32cube.ide.mcu.externaltools.gnu-tools-for-stm32.12.3.rel1.win32_1.1.0.202410251130/tools/bin/../lib/gcc/arm-none-eabi/12.3.1/thumb/v7e-m+fp/hard/crtbegin.o
                [!provide]                        PROVIDE (__fini_array_end = .)
                0x0800c6b8                        . = ALIGN (0x4)
                0x0800c6b8                        _sidata = LOADADDR (.data)

.rel.dyn        0x0800c6b8        0x0
 .rel.iplt      0x0800c6b8        0x0 C:/ST/STM32CubeIDE_1.17.0/STM32CubeIDE/plugins/com.st.stm32cube.ide.mcu.externaltools.gnu-tools-for-stm32.12.3.rel1.win32_1.1.0.202410251130/tools/bin/../lib/gcc/arm-none-eabi/12.3.1/thumb/v7e-m+fp/hard/crtbegin.o

.data           0x20000000       0x90 load address 0x0800c6b8
                0x20000000                        . = ALIGN (0x4)
                0x20000000                        _sdata = .
 *(.data)
 *(.data*)
 .data.SystemCoreClock
                0x20000000        0x4 ./Core/Src/system_stm32f4xx.o
                0x20000000                SystemCoreClock
 .data.uwTickPrio
                0x20000004        0x4 ./Drivers/STM32F4xx_HAL_Driver/Src/stm32f4xx_hal.o
                0x20000004                uwTickPrio
 .data.uwTickFreq
                0x20000008        0x1 ./Drivers/STM32F4xx_HAL_Driver/Src/stm32f4xx_hal.o
                0x20000008                uwTickFreq
 *fill*         0x20000009        0x3 
 .data.SetHomeArr
                0x2000000c       0x30 ./Libraries/Set_home/Sethome.o
                0x2000000c                SetHomeArr
 .data.uxCriticalNesting
                0x2000003c        0x4 ./Middlewares/Third_Party/FreeRTOS/Source/portable/GCC/ARM_CM4F/port.o
 .data._impure_ptr
                0x20000040        0x4 C:/ST/STM32CubeIDE_1.17.0/STM32CubeIDE/plugins/com.st.stm32cube.ide.mcu.externaltools.gnu-tools-for-stm32.12.3.rel1.win32_1.1.0.202410251130/tools/bin/../lib/gcc/arm-none-eabi/12.3.1/../../../../arm-none-eabi/lib/thumb/v7e-m+fp/hard\libc_nano.a(libc_a-impure.o)
                0x20000040                _impure_ptr
 .data._impure_data
                0x20000044       0x4c C:/ST/STM32CubeIDE_1.17.0/STM32CubeIDE/plugins/com.st.stm32cube.ide.mcu.externaltools.gnu-tools-for-stm32.12.3.rel1.win32_1.1.0.202410251130/tools/bin/../lib/gcc/arm-none-eabi/12.3.1/../../../../arm-none-eabi/lib/thumb/v7e-m+fp/hard\libc_nano.a(libc_a-impure.o)
                0x20000044                _impure_data
 *(.RamFunc)
 *(.RamFunc*)
                0x20000090                        . = ALIGN (0x4)
                0x20000090                        _edata = .
                0x0800c748                        _siccmram = LOADADDR (.ccmram)

.igot.plt       0x20000090        0x0 load address 0x0800c748
 .igot.plt      0x20000090        0x0 C:/ST/STM32CubeIDE_1.17.0/STM32CubeIDE/plugins/com.st.stm32cube.ide.mcu.externaltools.gnu-tools-for-stm32.12.3.rel1.win32_1.1.0.202410251130/tools/bin/../lib/gcc/arm-none-eabi/12.3.1/thumb/v7e-m+fp/hard/crtbegin.o

.ccmram         0x10000000        0x0 load address 0x0800c748
                0x10000000                        . = ALIGN (0x4)
                0x10000000                        _sccmram = .
 *(.ccmram)
 *(.ccmram*)
                0x10000000                        . = ALIGN (0x4)
                0x10000000                        _eccmram = .
                0x10000000                        . = ALIGN (0x4)

.bss            0x20000090     0x5018
                0x20000090                        _sbss = .
                0x20000090                        __bss_start__ = _sbss
 *(.bss)
 .bss           0x20000090       0x1c C:/ST/STM32CubeIDE_1.17.0/STM32CubeIDE/plugins/com.st.stm32cube.ide.mcu.externaltools.gnu-tools-for-stm32.12.3.rel1.win32_1.1.0.202410251130/tools/bin/../lib/gcc/arm-none-eabi/12.3.1/thumb/v7e-m+fp/hard/crtbegin.o
 *(.bss*)
 .bss._Robot_state
                0x200000ac        0x1 ./Core/Src/alt_main.o
                0x200000ac                _Robot_state
 *fill*         0x200000ad        0x3 
 .bss.data      0x200000b0       0x40 ./Core/Src/alt_main.o
                0x200000b0                data
 .bss._Dwin     0x200000f0        0x4 ./Core/Src/alt_main.o
                0x200000f0                _Dwin
 .bss._STEP1    0x200000f4        0x4 ./Core/Src/alt_main.o
                0x200000f4                _STEP1
 .bss._STEP2    0x200000f8        0x4 ./Core/Src/alt_main.o
                0x200000f8                _STEP2
 .bss._STEP3    0x200000fc        0x4 ./Core/Src/alt_main.o
                0x200000fc                _STEP3
 .bss.pos_dbg   0x20000100       0x40 ./Core/Src/alt_main.o
                0x20000100                pos_dbg
 .bss.data_i2c1
                0x20000140        0x2 ./Core/Src/alt_main.o
                0x20000140                data_i2c1
 *fill*         0x20000142        0x2 
 .bss.data_i2c2
                0x20000144        0x2 ./Core/Src/alt_main.o
                0x20000144                data_i2c2
 *fill*         0x20000146        0x2 
 .bss.data_i2c3
                0x20000148        0x2 ./Core/Src/alt_main.o
                0x20000148                data_i2c3
 *fill*         0x2000014a        0x2 
 .bss.raw       0x2000014c        0xc ./Core/Src/alt_main.o
                0x2000014c                raw
 .bss.flag_init_step
                0x20000158        0x1 ./Core/Src/alt_main.o
                0x20000158                flag_init_step
 .bss.Set_dir_sethome
                0x20000159        0x1 ./Core/Src/alt_main.o
                0x20000159                Set_dir_sethome
 *fill*         0x2000015a        0x2 
 .bss.Sensor_TaskHandle
                0x2000015c        0x4 ./Core/Src/freertos.o
                0x2000015c                Sensor_TaskHandle
 .bss.myTask02Handle
                0x20000160        0x4 ./Core/Src/freertos.o
                0x20000160                myTask02Handle
 .bss.TaskHmiHandle
                0x20000164        0x4 ./Core/Src/freertos.o
                0x20000164                TaskHmiHandle
 .bss.Task_DMA_HMIHandle
                0x20000168        0x4 ./Core/Src/freertos.o
                0x20000168                Task_DMA_HMIHandle
 .bss.Queue_DWINHandle
                0x2000016c        0x4 ./Core/Src/freertos.o
                0x2000016c                Queue_DWINHandle
 .bss.Seme_Tx_dwinHandle
                0x20000170        0x4 ./Core/Src/freertos.o
                0x20000170                Seme_Tx_dwinHandle
 .bss.hi2c1     0x20000174       0x54 ./Core/Src/i2c.o
                0x20000174                hi2c1
 .bss.hi2c2     0x200001c8       0x54 ./Core/Src/i2c.o
                0x200001c8                hi2c2
 .bss.hi2c3     0x2000021c       0x54 ./Core/Src/i2c.o
                0x2000021c                hi2c3
 .bss.hdma_i2c1_rx
                0x20000270       0x60 ./Core/Src/i2c.o
                0x20000270                hdma_i2c1_rx
 .bss.hdma_i2c2_rx
                0x200002d0       0x60 ./Core/Src/i2c.o
                0x200002d0                hdma_i2c2_rx
 .bss.hdma_i2c3_rx
                0x20000330       0x60 ./Core/Src/i2c.o
                0x20000330                hdma_i2c3_rx
 .bss.htim7     0x20000390       0x48 ./Core/Src/stm32f4xx_hal_timebase_tim.o
                0x20000390                htim7
 .bss.__sbrk_heap_end
                0x200003d8        0x4 ./Core/Src/sysmem.o
 .bss.htim2     0x200003dc       0x48 ./Core/Src/tim.o
                0x200003dc                htim2
 .bss.htim3     0x20000424       0x48 ./Core/Src/tim.o
                0x20000424                htim3
 .bss.htim4     0x2000046c       0x48 ./Core/Src/tim.o
                0x2000046c                htim4
 .bss.huart2    0x200004b4       0x48 ./Core/Src/usart.o
                0x200004b4                huart2
 .bss.huart3    0x200004fc       0x48 ./Core/Src/usart.o
                0x200004fc                huart3
 .bss.hdma_usart3_rx
                0x20000544       0x60 ./Core/Src/usart.o
                0x20000544                hdma_usart3_rx
 .bss.hdma_usart3_tx
                0x200005a4       0x60 ./Core/Src/usart.o
                0x200005a4                hdma_usart3_tx
 .bss.uwTick    0x20000604        0x4 ./Drivers/STM32F4xx_HAL_Driver/Src/stm32f4xx_hal.o
                0x20000604                uwTick
 .bss._Flag     0x20000608        0x1 ./Libraries/Set_home/Sethome.o
                0x20000608                _Flag
 *fill*         0x20000609        0x3 
 .bss.KernelState
                0x2000060c        0x4 ./Middlewares/Third_Party/FreeRTOS/Source/CMSIS_RTOS_V2/cmsis_os2.o
 .bss.Idle_TCB.3
                0x20000610       0x5c ./Middlewares/Third_Party/FreeRTOS/Source/CMSIS_RTOS_V2/cmsis_os2.o
 .bss.Idle_Stack.2
                0x2000066c      0x200 ./Middlewares/Third_Party/FreeRTOS/Source/CMSIS_RTOS_V2/cmsis_os2.o
 .bss.Timer_TCB.1
                0x2000086c       0x5c ./Middlewares/Third_Party/FreeRTOS/Source/CMSIS_RTOS_V2/cmsis_os2.o
 .bss.Timer_Stack.0
                0x200008c8      0x400 ./Middlewares/Third_Party/FreeRTOS/Source/CMSIS_RTOS_V2/cmsis_os2.o
 .bss.xQueueRegistry
                0x20000cc8       0x40 ./Middlewares/Third_Party/FreeRTOS/Source/queue.o
                0x20000cc8                xQueueRegistry
 .bss.pxCurrentTCB
                0x20000d08        0x4 ./Middlewares/Third_Party/FreeRTOS/Source/tasks.o
                0x20000d08                pxCurrentTCB
 .bss.pxReadyTasksLists
                0x20000d0c      0x460 ./Middlewares/Third_Party/FreeRTOS/Source/tasks.o
 .bss.xDelayedTaskList1
                0x2000116c       0x14 ./Middlewares/Third_Party/FreeRTOS/Source/tasks.o
 .bss.xDelayedTaskList2
                0x20001180       0x14 ./Middlewares/Third_Party/FreeRTOS/Source/tasks.o
 .bss.pxDelayedTaskList
                0x20001194        0x4 ./Middlewares/Third_Party/FreeRTOS/Source/tasks.o
 .bss.pxOverflowDelayedTaskList
                0x20001198        0x4 ./Middlewares/Third_Party/FreeRTOS/Source/tasks.o
 .bss.xPendingReadyList
                0x2000119c       0x14 ./Middlewares/Third_Party/FreeRTOS/Source/tasks.o
 .bss.xTasksWaitingTermination
                0x200011b0       0x14 ./Middlewares/Third_Party/FreeRTOS/Source/tasks.o
 .bss.uxDeletedTasksWaitingCleanUp
                0x200011c4        0x4 ./Middlewares/Third_Party/FreeRTOS/Source/tasks.o
 .bss.xSuspendedTaskList
                0x200011c8       0x14 ./Middlewares/Third_Party/FreeRTOS/Source/tasks.o
 .bss.uxCurrentNumberOfTasks
                0x200011dc        0x4 ./Middlewares/Third_Party/FreeRTOS/Source/tasks.o
 .bss.xTickCount
                0x200011e0        0x4 ./Middlewares/Third_Party/FreeRTOS/Source/tasks.o
 .bss.uxTopReadyPriority
                0x200011e4        0x4 ./Middlewares/Third_Party/FreeRTOS/Source/tasks.o
 .bss.xSchedulerRunning
                0x200011e8        0x4 ./Middlewares/Third_Party/FreeRTOS/Source/tasks.o
 .bss.xPendedTicks
                0x200011ec        0x4 ./Middlewares/Third_Party/FreeRTOS/Source/tasks.o
 .bss.xYieldPending
                0x200011f0        0x4 ./Middlewares/Third_Party/FreeRTOS/Source/tasks.o
 .bss.xNumOfOverflows
                0x200011f4        0x4 ./Middlewares/Third_Party/FreeRTOS/Source/tasks.o
 .bss.uxTaskNumber
                0x200011f8        0x4 ./Middlewares/Third_Party/FreeRTOS/Source/tasks.o
 .bss.xNextTaskUnblockTime
                0x200011fc        0x4 ./Middlewares/Third_Party/FreeRTOS/Source/tasks.o
 .bss.xIdleTaskHandle
                0x20001200        0x4 ./Middlewares/Third_Party/FreeRTOS/Source/tasks.o
 .bss.uxSchedulerSuspended
                0x20001204        0x4 ./Middlewares/Third_Party/FreeRTOS/Source/tasks.o
 .bss.xActiveTimerList1
                0x20001208       0x14 ./Middlewares/Third_Party/FreeRTOS/Source/timers.o
 .bss.xActiveTimerList2
                0x2000121c       0x14 ./Middlewares/Third_Party/FreeRTOS/Source/timers.o
 .bss.pxCurrentTimerList
                0x20001230        0x4 ./Middlewares/Third_Party/FreeRTOS/Source/timers.o
 .bss.pxOverflowTimerList
                0x20001234        0x4 ./Middlewares/Third_Party/FreeRTOS/Source/timers.o
 .bss.xTimerQueue
                0x20001238        0x4 ./Middlewares/Third_Party/FreeRTOS/Source/timers.o
 .bss.xTimerTaskHandle
                0x2000123c        0x4 ./Middlewares/Third_Party/FreeRTOS/Source/timers.o
 .bss.xLastTime.2
                0x20001240        0x4 ./Middlewares/Third_Party/FreeRTOS/Source/timers.o
 .bss.ucStaticTimerQueueStorage.1
                0x20001244       0xa0 ./Middlewares/Third_Party/FreeRTOS/Source/timers.o
 .bss.xStaticTimerQueue.0
                0x200012e4       0x50 ./Middlewares/Third_Party/FreeRTOS/Source/timers.o
 .bss.ucMaxSysCallPriority
                0x20001334        0x1 ./Middlewares/Third_Party/FreeRTOS/Source/portable/GCC/ARM_CM4F/port.o
 *fill*         0x20001335        0x3 
 .bss.ulMaxPRIGROUPValue
                0x20001338        0x4 ./Middlewares/Third_Party/FreeRTOS/Source/portable/GCC/ARM_CM4F/port.o
 .bss.ucHeap    0x2000133c     0x3c00 ./Middlewares/Third_Party/FreeRTOS/Source/portable/MemMang/heap_4.o
 .bss.xStart    0x20004f3c        0x8 ./Middlewares/Third_Party/FreeRTOS/Source/portable/MemMang/heap_4.o
 .bss.pxEnd     0x20004f44        0x4 ./Middlewares/Third_Party/FreeRTOS/Source/portable/MemMang/heap_4.o
 .bss.xFreeBytesRemaining
                0x20004f48        0x4 ./Middlewares/Third_Party/FreeRTOS/Source/portable/MemMang/heap_4.o
 .bss.xMinimumEverFreeBytesRemaining
                0x20004f4c        0x4 ./Middlewares/Third_Party/FreeRTOS/Source/portable/MemMang/heap_4.o
 .bss.xNumberOfSuccessfulAllocations
                0x20004f50        0x4 ./Middlewares/Third_Party/FreeRTOS/Source/portable/MemMang/heap_4.o
 .bss.xNumberOfSuccessfulFrees
                0x20004f54        0x4 ./Middlewares/Third_Party/FreeRTOS/Source/portable/MemMang/heap_4.o
 .bss.xBlockAllocatedBit
                0x20004f58        0x4 ./Middlewares/Third_Party/FreeRTOS/Source/portable/MemMang/heap_4.o
 .bss._ZN12_GLOBAL__N_113__new_handlerE
                0x20004f5c        0x4 C:/ST/STM32CubeIDE_1.17.0/STM32CubeIDE/plugins/com.st.stm32cube.ide.mcu.externaltools.gnu-tools-for-stm32.12.3.rel1.win32_1.1.0.202410251130/tools/bin/../lib/gcc/arm-none-eabi/12.3.1/../../../../arm-none-eabi/lib/thumb/v7e-m+fp/hard\libstdc++_nano.a(new_handler.o)
 .bss.__malloc_sbrk_start
                0x20004f60        0x4 C:/ST/STM32CubeIDE_1.17.0/STM32CubeIDE/plugins/com.st.stm32cube.ide.mcu.externaltools.gnu-tools-for-stm32.12.3.rel1.win32_1.1.0.202410251130/tools/bin/../lib/gcc/arm-none-eabi/12.3.1/../../../../arm-none-eabi/lib/thumb/v7e-m+fp/hard\libc_nano.a(libc_a-mallocr.o)
                0x20004f60                __malloc_sbrk_start
 .bss.__malloc_free_list
                0x20004f64        0x4 C:/ST/STM32CubeIDE_1.17.0/STM32CubeIDE/plugins/com.st.stm32cube.ide.mcu.externaltools.gnu-tools-for-stm32.12.3.rel1.win32_1.1.0.202410251130/tools/bin/../lib/gcc/arm-none-eabi/12.3.1/../../../../arm-none-eabi/lib/thumb/v7e-m+fp/hard\libc_nano.a(libc_a-mallocr.o)
                0x20004f64                __malloc_free_list
 .bss.__sf      0x20004f68      0x138 C:/ST/STM32CubeIDE_1.17.0/STM32CubeIDE/plugins/com.st.stm32cube.ide.mcu.externaltools.gnu-tools-for-stm32.12.3.rel1.win32_1.1.0.202410251130/tools/bin/../lib/gcc/arm-none-eabi/12.3.1/../../../../arm-none-eabi/lib/thumb/v7e-m+fp/hard\libc_nano.a(libc_a-findfp.o)
                0x20004f68                __sf
 .bss.errno     0x200050a0        0x4 C:/ST/STM32CubeIDE_1.17.0/STM32CubeIDE/plugins/com.st.stm32cube.ide.mcu.externaltools.gnu-tools-for-stm32.12.3.rel1.win32_1.1.0.202410251130/tools/bin/../lib/gcc/arm-none-eabi/12.3.1/../../../../arm-none-eabi/lib/thumb/v7e-m+fp/hard\libc_nano.a(libc_a-reent.o)
                0x200050a0                errno
 .bss.__lock___malloc_recursive_mutex
                0x200050a4        0x1 C:/ST/STM32CubeIDE_1.17.0/STM32CubeIDE/plugins/com.st.stm32cube.ide.mcu.externaltools.gnu-tools-for-stm32.12.3.rel1.win32_1.1.0.202410251130/tools/bin/../lib/gcc/arm-none-eabi/12.3.1/../../../../arm-none-eabi/lib/thumb/v7e-m+fp/hard\libc_nano.a(libc_a-lock.o)
                0x200050a4                __lock___malloc_recursive_mutex
 *(COMMON)
                0x200050a8                        . = ALIGN (0x4)
 *fill*         0x200050a5        0x3 
                0x200050a8                        _ebss = .
                0x200050a8                        __bss_end__ = _ebss

._user_heap_stack
                0x200050a8      0x600
                0x200050a8                        . = ALIGN (0x8)
                [!provide]                        PROVIDE (end = .)
                0x200050a8                        PROVIDE (_end = .)
                0x200052a8                        . = (. + _Min_Heap_Size)
 *fill*         0x200050a8      0x200 
                0x200056a8                        . = (. + _Min_Stack_Size)
 *fill*         0x200052a8      0x400 
                0x200056a8                        . = ALIGN (0x8)

/DISCARD/
 libc.a(*)
 libm.a(*)
 libgcc.a(*)

.ARM.attributes
                0x00000000       0x30
 *(.ARM.attributes)
 .ARM.attributes
                0x00000000       0x22 C:/ST/STM32CubeIDE_1.17.0/STM32CubeIDE/plugins/com.st.stm32cube.ide.mcu.externaltools.gnu-tools-for-stm32.12.3.rel1.win32_1.1.0.202410251130/tools/bin/../lib/gcc/arm-none-eabi/12.3.1/thumb/v7e-m+fp/hard/crti.o
 .ARM.attributes
                0x00000022       0x34 C:/ST/STM32CubeIDE_1.17.0/STM32CubeIDE/plugins/com.st.stm32cube.ide.mcu.externaltools.gnu-tools-for-stm32.12.3.rel1.win32_1.1.0.202410251130/tools/bin/../lib/gcc/arm-none-eabi/12.3.1/thumb/v7e-m+fp/hard/crtbegin.o
 .ARM.attributes
                0x00000056       0x34 ./Core/Src/alt_main.o
 .ARM.attributes
                0x0000008a       0x34 ./Core/Src/dma.o
 .ARM.attributes
                0x000000be       0x34 ./Core/Src/freertos.o
 .ARM.attributes
                0x000000f2       0x34 ./Core/Src/gpio.o
 .ARM.attributes
                0x00000126       0x34 ./Core/Src/i2c.o
 .ARM.attributes
                0x0000015a       0x34 ./Core/Src/main.o
 .ARM.attributes
                0x0000018e       0x34 ./Core/Src/stm32f4xx_hal_msp.o
 .ARM.attributes
                0x000001c2       0x34 ./Core/Src/stm32f4xx_hal_timebase_tim.o
 .ARM.attributes
                0x000001f6       0x34 ./Core/Src/stm32f4xx_it.o
 .ARM.attributes
                0x0000022a       0x34 ./Core/Src/syscalls.o
 .ARM.attributes
                0x0000025e       0x34 ./Core/Src/sysmem.o
 .ARM.attributes
                0x00000292       0x34 ./Core/Src/system_stm32f4xx.o
 .ARM.attributes
                0x000002c6       0x34 ./Core/Src/tim.o
 .ARM.attributes
                0x000002fa       0x34 ./Core/Src/usart.o
 .ARM.attributes
                0x0000032e       0x21 ./Core/Startup/startup_stm32f407vetx.o
 .ARM.attributes
                0x0000034f       0x34 ./Drivers/STM32F4xx_HAL_Driver/Src/stm32f4xx_hal.o
 .ARM.attributes
                0x00000383       0x34 ./Drivers/STM32F4xx_HAL_Driver/Src/stm32f4xx_hal_cortex.o
 .ARM.attributes
                0x000003b7       0x34 ./Drivers/STM32F4xx_HAL_Driver/Src/stm32f4xx_hal_dma.o
 .ARM.attributes
                0x000003eb       0x34 ./Drivers/STM32F4xx_HAL_Driver/Src/stm32f4xx_hal_gpio.o
 .ARM.attributes
                0x0000041f       0x34 ./Drivers/STM32F4xx_HAL_Driver/Src/stm32f4xx_hal_i2c.o
 .ARM.attributes
                0x00000453       0x34 ./Drivers/STM32F4xx_HAL_Driver/Src/stm32f4xx_hal_rcc.o
 .ARM.attributes
                0x00000487       0x34 ./Drivers/STM32F4xx_HAL_Driver/Src/stm32f4xx_hal_tim.o
 .ARM.attributes
                0x000004bb       0x34 ./Drivers/STM32F4xx_HAL_Driver/Src/stm32f4xx_hal_tim_ex.o
 .ARM.attributes
                0x000004ef       0x34 ./Drivers/STM32F4xx_HAL_Driver/Src/stm32f4xx_hal_uart.o
 .ARM.attributes
                0x00000523       0x34 ./Libraries/DWIN/Dwin.o
 .ARM.attributes
                0x00000557       0x34 ./Libraries/STEP_MOTOR/STEP.o
 .ARM.attributes
                0x0000058b       0x34 ./Libraries/Set_home/Sethome.o
 .ARM.attributes
                0x000005bf       0x34 ./Middlewares/Third_Party/FreeRTOS/Source/CMSIS_RTOS_V2/cmsis_os2.o
 .ARM.attributes
                0x000005f3       0x34 ./Middlewares/Third_Party/FreeRTOS/Source/list.o
 .ARM.attributes
                0x00000627       0x34 ./Middlewares/Third_Party/FreeRTOS/Source/queue.o
 .ARM.attributes
                0x0000065b       0x34 ./Middlewares/Third_Party/FreeRTOS/Source/tasks.o
 .ARM.attributes
                0x0000068f       0x34 ./Middlewares/Third_Party/FreeRTOS/Source/timers.o
 .ARM.attributes
                0x000006c3       0x34 ./Middlewares/Third_Party/FreeRTOS/Source/portable/GCC/ARM_CM4F/port.o
 .ARM.attributes
                0x000006f7       0x34 ./Middlewares/Third_Party/FreeRTOS/Source/portable/MemMang/heap_4.o
 .ARM.attributes
                0x0000072b       0x34 C:/ST/STM32CubeIDE_1.17.0/STM32CubeIDE/plugins/com.st.stm32cube.ide.mcu.externaltools.gnu-tools-for-stm32.12.3.rel1.win32_1.1.0.202410251130/tools/bin/../lib/gcc/arm-none-eabi/12.3.1/../../../../arm-none-eabi/lib/thumb/v7e-m+fp/hard\libstdc++_nano.a(new_op.o)
 .ARM.attributes
                0x0000075f       0x34 C:/ST/STM32CubeIDE_1.17.0/STM32CubeIDE/plugins/com.st.stm32cube.ide.mcu.externaltools.gnu-tools-for-stm32.12.3.rel1.win32_1.1.0.202410251130/tools/bin/../lib/gcc/arm-none-eabi/12.3.1/../../../../arm-none-eabi/lib/thumb/v7e-m+fp/hard\libstdc++_nano.a(new_handler.o)
 .ARM.attributes